04-13 12:26:17.497 D/ActivityTaskManager( 1069): scheduleTopResumedActivityChanged, onTop=true, r=ActivityRecord{178144449 u0 com.clientreachai.phperformance/.MainActivity t1241}, caller=com.android.server.wm.ActivityTaskSupervisor.scheduleTopResumedActivityStateIfNeeded:18 com.android.server.wm.ActivityTaskSupervisor.updateTopResumedActivityIfNeeded:54 com.android.server.wm.TaskFragment.setResumedActivity:30 com.android.server.wm.ActivityRecord.setState:100 com.android.server.wm.TaskFragment.resumeTopActivity:1705 com.android.server.wm.Task.resumeTopActivityInnerLocked:138 
04-13 12:26:17.497 I/PackageInfoManager_FLP( 2725): updatePermission, com.clientreachai.phperformance to 2
04-13 12:26:17.498 I/PackageInfoManager_FLP( 2725): updatePermission, com.clientreachai.phperformance to 2
04-13 12:26:17.499 D/SurfaceComposerClient( 1069): setCornerRadius ## c0abc8 com.clientreachai.phperformance/com.clientreachai.phperformance.MainActivity#224564 cornerRadius=0.000000
04-13 12:26:17.500 D/SurfaceComposerClient( 1069): setCornerRadius ## c0abc8 com.clientreachai.phperformance/com.clientreachai.phperformance.MainActivity#224564 cornerRadius=0.000000
04-13 12:26:17.500 D/ChangeTransitionController( 1069):    ChangeInfo{548e94d container=Task{5a58054 #1241 type=standard A=10382:com.clientreachai.phperformance} flags=0x0}
04-13 12:26:17.510 D/SGM:FgCheckThread( 1069): noteResumeComponent(), received pkgName: com.clientreachai.phperformance, userId: 0
04-13 12:26:17.511 I/SDHMS:k ( 4646): handleResumeComponent : put = com.clientreachai.phperformance, userid = 0 instanceid =50711289
04-13 12:26:17.511 D/SGM:FgCheckThread( 1069): onLooperPrepared(), msg: MSG_APP_RESUME, pkgName: com.clientreachai.phperformance, userid: 0
04-13 12:26:17.511 I/HoneySpace.EdgePanel.EdgePanelContainerViewModel( 2040): cocktailHostRepository.edgePanelOperation NoteResumeComponent(componentName=ComponentInfo{com.clientreachai.phperformance/com.clientreachai.phperformance.MainActivity})
04-13 12:26:17.511 I/HoneySpace.EdgePanel.ActivityUtils( 2040): HomePackage : com.sec.android.app.launcher, resumePackageName : com.clientreachai.phperformance, className : com.clientreachai.phperformance.MainActivity
04-13 12:26:17.515 V/WindowManager( 1069):    ChangeInfo{548e94d container=Task{5a58054 #1241 type=standard A=10382:com.clientreachai.phperformance} flags=0x0}
04-13 12:26:17.517 D/ChangeTransitionController( 1069):    ChangeInfo{548e94d container=Task{5a58054 #1241 type=standard A=10382:com.clientreachai.phperformance} flags=0x0}
04-13 12:26:17.532 D/SurfaceFlinger(  865):        DEVICE |          105261058490371 | 00002102 | RGBA_8888    |    0.0    0.0 1080.0 2340.0 |    0    0 1080 2340 | com.clientreachai.phperformance/com.[...]rformance.MainActivity$_24508#224565 (573)
04-13 12:26:17.532 D/SurfaceFlinger(  865):        DEVICE |          105261058490373 | 00002100 | RGBA_8888    |    0.0    0.0 1080.0 2340.0 |    0    0 1080 2340 | com.clientreachai.phperformance/com.[...]rformance.MainActivity$_24508#224644 (28)
04-13 12:26:17.533 D/SurfaceFlinger(  865): [input] setFocusedWindow: 25431dc com.clientreachai.phperformance/com.clientreachai.phperformance.MainActivity
04-13 12:26:17.533 D/InputDispatcher( 1069): Once focus requested (0): 25431dc com.clientreachai.phperformance/com.clientreachai.phperformance.MainActivity
04-13 12:26:17.533 D/InputDispatcher( 1069): Focus entered window (0): 25431dc com.clientreachai.phperformance/com.clientreachai.phperformance.MainActivity
04-13 12:26:17.536 D/SurfaceComposerClient( 1069): setCornerRadius ## c0abc8 com.clientreachai.phperformance/com.clientreachai.phperformance.MainActivity#224564 cornerRadius=0.000000
04-13 12:26:17.541 D/SurfaceComposerClient( 1069): setCornerRadius ## c0abc8 com.clientreachai.phperformance/com.clientreachai.phperformance.MainActivity#224564 cornerRadius=0.000000
04-13 12:26:17.542 I/InsetsSourceConsumer(24508): applyRequestedVisibilityToControl: visible=true, type=statusBars, host=com.clientreachai.phperformance/com.clientreachai.phperformance.MainActivity
04-13 12:26:17.542 D/SurfaceComposerClient( 1069): setCornerRadius ## c0abc8 com.clientreachai.phperformance/com.clientreachai.phperformance.MainActivity#224564 cornerRadius=0.000000
04-13 12:26:17.542 I/InsetsSourceConsumer(24508): applyRequestedVisibilityToControl: visible=true, type=navigationBars, host=com.clientreachai.phperformance/com.clientreachai.phperformance.MainActivity
04-13 12:26:17.543 I/WindowManager( 1069): Relayout Window{25431dc u0 com.clientreachai.phperformance/com.clientreachai.phperformance.MainActivity}: viewVisibility=0 req=1080x2340 ty=2 d0
04-13 12:26:17.543 D/SurfaceComposerClient( 1069): setCornerRadius ## c0abc8 com.clientreachai.phperformance/com.clientreachai.phperformance.MainActivity#224564 cornerRadius=0.000000
04-13 12:26:17.546 D/SurfaceComposerClient( 1069): setCornerRadius ## c0abc8 com.clientreachai.phperformance/com.clientreachai.phperformance.MainActivity#224564 cornerRadius=0.000000
04-13 12:26:17.550 D/SurfaceComposerClient( 1069): setCornerRadius ## c0abc8 com.clientreachai.phperformance/com.clientreachai.phperformance.MainActivity#224564 cornerRadius=0.000000
04-13 12:26:17.551 D/SurfaceComposerClient( 1069): setCornerRadius ## c0abc8 com.clientreachai.phperformance/com.clientreachai.phperformance.MainActivity#224564 cornerRadius=0.000000
04-13 12:26:17.553 I/ImeTracker( 1069): com.clientreachai.phperformance:f6556cc1: onRequestHide at ORIGIN_SERVER reason HIDE_UNSPECIFIED_WINDOW fromUser false
04-13 12:26:17.555 D/SGM:GameManager( 1069): identifyForegroundApp. com.clientreachai.phperformance, mCurrentUserId: 0, callerUserId: 0
04-13 12:26:17.556 I/ImeTracker(24508): com.clientreachai.phperformance:f6556cc1: onCancelled at PHASE_CLIENT_ALREADY_HIDDEN
04-13 12:26:17.559 D/SGM:GameManager( 1069): identifyForegroundApp. com.clientreachai.phperformance, mCurrentUserId: 0, callerUserId: 0
04-13 12:26:17.563 D/InsetsSourceProvider( 1069): updateControlForTarget: control=InsetsSourceControl: {3 mType=ime mSurfacePosition=Point(0, 80) mInsetsHint=Insets{left=0, top=0, right=0, bottom=1008}}, target=Window{25431dc u0 com.clientreachai.phperformance/com.clientreachai.phperformance.MainActivity}, from=com.android.server.wm.ImeInsetsSourceProvider.updateControlForTarget:17 com.android.server.wm.InsetsStateController.onControlTargetChanged:83 com.android.server.wm.DisplayContent.updateImeControlTarget:21 com.android.server.wm.DisplayContent.updateImeInputAndControlTarget:156 com.android.server.wm.WindowManagerService$LocalService.updateInputMethodTargetWindow:64 
04-13 12:26:17.564 I/HBD     (30442): b [AiWriter] setContact : com.clientreachai.phperformance
04-13 12:26:17.564 I/HBD     (30442): a [AiWriter] setContact : com.clientreachai.phperformance
04-13 12:26:17.568 D/SurfaceComposerClient( 1069): setCornerRadius ## c0abc8 com.clientreachai.phperformance/com.clientreachai.phperformance.MainActivity#224564 cornerRadius=0.000000
04-13 12:26:17.574 D/SGM:FgCheckThread( 1069): getForegroundApp(), foregroundPkgName=com.clientreachai.phperformance
04-13 12:26:17.574 D/SGM:FgCheckThread( 1069): noteStopComponent(), received pkgName: com.google.android.permissioncontroller, focusedPkgName: com.clientreachai.phperformance, userId: 0
04-13 12:26:17.581 I/SurfaceFlinger(  865): [LayerHierarchy{RequestedLayerState{ImeContainer#15 parentId=224554 relativeParentId=224643 z=1} 1 children}] reparent to LayerHierarchy{RequestedLayerState{ActivityRecord{178144449 u0 com.clientreachai.phperformance/.MainActivity t1241}#224554 parentId=224553} 4 children}
04-13 12:26:17.581 I/SurfaceFlinger(  865): [LayerHierarchy{RequestedLayerState{ImeContainer#15 parentId=224554 relativeParentId=224643 z=1} 1 children}] RelativeParent to LayerHierarchy{RequestedLayerState{25431dc com.clientreachai.phperformance/com.clientreachai.phperformance.MainActivity#224643 parentId=224554 z=1} 2 children}
04-13 12:26:17.593 D/SurfaceComposerClient( 1069): setCornerRadius ## c0abc8 com.clientreachai.phperformance/com.clientreachai.phperformance.MainActivity#224564 cornerRadius=0.000000
04-13 12:26:17.656 I/HBD     (30442): a [SKE_SPECIFIC] specific model[com.clientreachai.phperformance] loaded, 63559038 ns
04-13 12:26:17.685 D/MdnieScenarioControlService( 1069):  packageName : com.clientreachai.phperformance    className : com.clientreachai.phperformance.MainActivity
04-13 12:26:17.749 D/SGM:FgCheckThread( 1069): getForegroundApp(), foregroundPkgName=com.clientreachai.phperformance
04-13 12:26:17.749 D/SGM:FgCheckThread( 1069): noteStopComponent(), received pkgName: com.snapchat.android, focusedPkgName: com.clientreachai.phperformance, userId: 0
04-13 12:26:17.752 D/SurfaceComposerClient( 1069): setCornerRadius ## c0abc8 com.clientreachai.phperformance/com.clientreachai.phperformance.MainActivity#224564 cornerRadius=0.000000
04-13 12:26:17.756 D/SurfaceComposerClient( 1069): setCornerRadius ## c0abc8 com.clientreachai.phperformance/com.clientreachai.phperformance.MainActivity#224564 cornerRadius=0.000000
04-13 12:26:17.758 D/SurfaceComposerClient( 1069): setCornerRadius ## c0abc8 com.clientreachai.phperformance/com.clientreachai.phperformance.MainActivity#224564 cornerRadius=0.000000
04-13 12:26:17.761 D/SurfaceComposerClient( 1069): setCornerRadius ## c0abc8 com.clientreachai.phperformance/com.clientreachai.phperformance.MainActivity#224564 cornerRadius=0.000000
04-13 12:26:18.060 D/NetdEventListenerService( 1069): DNS Requested by 198, 10382(com.clientreachai.phperformance), SUCCESS, 250ms
04-13 12:26:18.064 D/SGM:GameManager( 1069): identifyForegroundApp. com.clientreachai.phperformance, mCurrentUserId: 0, callerUserId: 0
04-13 12:26:18.335 I/ImeTracker( 1069): com.clientreachai.phperformance:e8b31e83: setFinished at PHASE_CLIENT_ANIMATION_CANCEL with STATUS_TIMEOUT
04-13 12:26:19.081 I/SurfaceFlinger(  865): [com.clientreachai.phperformance/com.clientreachai.phperformance.MainActivity$_24508#224644] setFrameRateCategory: NoPreference
04-13 12:26:21.647 I/SurfaceFlinger(  865): [com.clientreachai.phperformance/com.clientreachai.phperformance.MainActivity$_24508#224644] setFrameRateCategory: HighHint
04-13 12:26:24.879 D/NetdEventListenerService( 1069): DNS Requested by 198, 10382(com.clientreachai.phperformance), SUCCESS, 195ms
04-13 12:26:25.382 I/HBD     (30442): b [AiWriter] setContact : com.clientreachai.phperformance
04-13 12:26:25.868 D/SGM:GameManager( 1069): identifyForegroundApp. com.clientreachai.phperformance, mCurrentUserId: 0, callerUserId: 0
04-13 12:26:31.009 D/NetdEventListenerService( 1069): DNS Requested by 198, 10382(com.clientreachai.phperformance), SUCCESS, 105ms
04-13 12:26:31.025 I/Kumiho-Kumiho(24508): getPackageName: com.clientreachai.phperformance
04-13 12:26:31.027 I/Kumiho-Kumiho(24508): getPackageName: com.clientreachai.phperformance
04-13 12:26:31.028 I/Kumiho-Kumiho(24508): getPackageName: com.clientreachai.phperformance
04-13 12:26:32.496 I/Kumiho-Kumiho(24508): getPackageName: com.clientreachai.phperformance
04-13 12:26:32.498 I/Kumiho-Kumiho(24508): getPackageName: com.clientreachai.phperformance
04-13 12:26:32.500 I/Kumiho-Kumiho(24508): getPackageName: com.clientreachai.phperformance
04-13 12:26:32.580 I/SurfaceFlinger(  865): [com.clientreachai.phperformance/com.clientreachai.phperformance.MainActivity$_24508#224644] setFrameRateCategory: NoPreference
04-13 12:26:32.762 I/SurfaceFlinger(  865): [com.clientreachai.phperformance/com.clientreachai.phperformance.MainActivity$_24508#224644] setFrameRateCategory: HighHint
04-13 12:26:34.216 I/ImeTracker(24508): com.clientreachai.phperformance:dbbec642: onRequestHide at ORIGIN_CLIENT reason HIDE_SOFT_INPUT_CLOSE_CURRENT_SESSION fromUser false
04-13 12:26:34.216 I/ImeTracker(24508): com.clientreachai.phperformance:dbbec642: onCancelled at PHASE_CLIENT_ALREADY_HIDDEN
04-13 12:26:36.394 W/ReactNativeJS(24508): '[Layout children]: No route named "active-run" exists in nested children:', [ 'index',
04-13 12:26:36.394 W/ReactNativeJS(24508):   'more',
04-13 12:26:36.394 W/ReactNativeJS(24508):   'programs',
04-13 12:26:36.394 W/ReactNativeJS(24508):   'schedule',
04-13 12:26:36.394 W/ReactNativeJS(24508):   'messages/index',
04-13 12:26:36.394 W/ReactNativeJS(24508):   'onboarding',
04-13 12:26:36.394 W/ReactNativeJS(24508):   'tracking' ]
04-13 12:26:36.395 W/ReactNativeJS(24508): '[Layout children]: No route named "summary" exists in nested children:', [ 'index',
04-13 12:26:36.395 W/ReactNativeJS(24508):   'more',
04-13 12:26:36.395 W/ReactNativeJS(24508):   'programs',
04-13 12:26:36.395 W/ReactNativeJS(24508):   'schedule',
04-13 12:26:36.395 W/ReactNativeJS(24508):   'messages/index',
04-13 12:26:36.395 W/ReactNativeJS(24508):   'onboarding',
04-13 12:26:36.395 W/ReactNativeJS(24508):   'tracking' ]
04-13 12:26:36.395 W/ReactNativeJS(24508): '[Layout children]: No route named "feedback" exists in nested children:', [ 'index',
04-13 12:26:36.395 W/ReactNativeJS(24508):   'more',
04-13 12:26:36.395 W/ReactNativeJS(24508):   'programs',
04-13 12:26:36.395 W/ReactNativeJS(24508):   'schedule',
04-13 12:26:36.395 W/ReactNativeJS(24508):   'messages/index',
04-13 12:26:36.395 W/ReactNativeJS(24508):   'onboarding',
04-13 12:26:36.395 W/ReactNativeJS(24508):   'tracking' ]
04-13 12:26:36.671 W/ReactNativeJS(24508): '[Layout children]: No route named "active-run" exists in nested children:', [ 'index',
04-13 12:26:36.671 W/ReactNativeJS(24508):   'more',
04-13 12:26:36.671 W/ReactNativeJS(24508):   'programs',
04-13 12:26:36.671 W/ReactNativeJS(24508):   'schedule',
04-13 12:26:36.671 W/ReactNativeJS(24508):   'messages/index',
04-13 12:26:36.671 W/ReactNativeJS(24508):   'onboarding',
04-13 12:26:36.671 W/ReactNativeJS(24508):   'tracking' ]
04-13 12:26:36.672 W/ReactNativeJS(24508): '[Layout children]: No route named "summary" exists in nested children:', [ 'index',
04-13 12:26:36.672 W/ReactNativeJS(24508):   'more',
04-13 12:26:36.672 W/ReactNativeJS(24508):   'programs',
04-13 12:26:36.672 W/ReactNativeJS(24508):   'schedule',
04-13 12:26:36.672 W/ReactNativeJS(24508):   'messages/index',
04-13 12:26:36.672 W/ReactNativeJS(24508):   'onboarding',
04-13 12:26:36.672 W/ReactNativeJS(24508):   'tracking' ]
04-13 12:26:36.672 W/ReactNativeJS(24508): '[Layout children]: No route named "feedback" exists in nested children:', [ 'index',
04-13 12:26:36.672 W/ReactNativeJS(24508):   'more',
04-13 12:26:36.672 W/ReactNativeJS(24508):   'programs',
04-13 12:26:36.672 W/ReactNativeJS(24508):   'schedule',
04-13 12:26:36.672 W/ReactNativeJS(24508):   'messages/index',
04-13 12:26:36.672 W/ReactNativeJS(24508):   'onboarding',
04-13 12:26:36.672 W/ReactNativeJS(24508):   'tracking' ]
04-13 12:26:36.887 D/CoreBackPreview( 1069): Window{25431dc u0 com.clientreachai.phperformance/com.clientreachai.phperformance.MainActivity}: Setting back callback null
04-13 12:26:36.890 V/WindowManager( 1069): Remove Window{25431dc u0 com.clientreachai.phperformance/com.clientreachai.phperformance.MainActivity}: mSurfaceControl=Surface(name=com.clientreachai.phperformance/com.clientreachai.phperformance.MainActivity$_24508)/@0x9351740 mAnimatingExit=false mRemoveOnExit=false mHasSurface=true surfaceShowing=true animating=false app-animation=false callers=com.android.server.wm.Session.remove:16 android.view.IWindowSession$Stub.onTransact:804 com.android.server.wm.Session.onTransact:1 android.os.Binder.execTransactInternal:1457 android.os.Binder.execTransact:1401 <bottom of call stack> 
04-13 12:26:36.890 V/WindowManager( 1069): Loading animations: picked package=com.clientreachai.phperformance
04-13 12:26:36.891 I/WindowManager( 1069): Reparenting to leash, surface=Surface(name=25431dc com.clientreachai.phperformance/com.clientreachai.phperformance.MainActivity)/@0x52e074, leashParent=Surface(name=ActivityRecord{178144449 u0 com.clientreachai.phperformance/.MainActivity t1241})/@0xf493802
04-13 12:26:36.891 I/SurfaceFlinger(  865): id=224664 createSurf, flag=24000, Surface(name=25431dc com.clientreachai.phperformance/com.clientreachai.phperformance.MainActivity)/@0x52e074 - animation-leash of window_animation#224664
04-13 12:26:36.893 D/WindowManager( 1069): makeSurface duration=2 leash=Surface(name=Surface(name=25431dc com.clientreachai.phperformance/com.clientreachai.phperformance.MainActivity)/@0x52e074 - animation-leash of window_animation)/@0x11f1fbe
04-13 12:26:36.894 D/WindowManager( 1069): Changing focus from Window{25431dc u0 com.clientreachai.phperformance/com.clientreachai.phperformance.MainActivity EXITING} to Window{c0abc8 u0 com.clientreachai.phperformance/com.clientreachai.phperformance.MainActivity} displayId=0 Callers=com.android.server.wm.WindowState.removeIfPossible:602 com.android.server.wm.Session.remove:16 android.view.IWindowSession$Stub.onTransact:804 com.android.server.wm.Session.onTransact:1 
04-13 12:26:36.895 D/InsetsSourceProvider( 1069): updateControlForTarget: control=InsetsSourceControl: {5550000 mType=statusBars initiallyVisible mSurfacePosition=Point(0, 0) mInsetsHint=Insets{left=0, top=80, right=0, bottom=0}}, target=Window{c0abc8 u0 com.clientreachai.phperformance/com.clientreachai.phperformance.MainActivity}, from=com.android.server.wm.InsetsStateController.onControlTargetChanged:83 com.android.server.wm.InsetsPolicy.updateBarControlTarget:212 com.android.server.wm.DisplayPolicy.updateSystemBarAttributes:262 com.android.server.wm.WindowManagerService.updateFocusedWindowLocked:372 com.android.server.wm.WindowState.removeIfPossible:602 
04-13 12:26:36.897 I/SurfaceFlinger(  865): [Surface(name=25431dc com.clientreachai.phperformance/com.clientreachai.phperformance.MainActivity)/@0x52e074 - animation-leash of window_animation#224664] attach to parent LayerHierarchy{RequestedLayerState{ActivityRecord{178144449 u0 com.clientreachai.phperformance/.MainActivity t1241}#224554 parentId=224553} 5 children}
04-13 12:26:36.897 D/InsetsSourceProvider( 1069): updateControlForTarget: control=InsetsSourceControl: {8aec0001 mType=navigationBars initiallyVisible mSurfacePosition=Point(0, 2205) mInsetsHint=Insets{left=0, top=0, right=0, bottom=42}}, target=Window{c0abc8 u0 com.clientreachai.phperformance/com.clientreachai.phperformance.MainActivity}, from=com.android.server.wm.InsetsStateController.onControlTargetChanged:83 com.android.server.wm.InsetsPolicy.updateBarControlTarget:225 com.android.server.wm.DisplayPolicy.updateSystemBarAttributes:262 com.android.server.wm.WindowManagerService.updateFocusedWindowLocked:372 com.android.server.wm.WindowState.removeIfPossible:602 
04-13 12:26:36.898 V/SystemKeyManager( 1069): updateFocusedWindow() is called, com.clientreachai.phperformance/com.clientreachai.phperformance.MainActivity
04-13 12:26:36.898 I/SystemKeyManager( 1069): requested systemKeyInfo size=1 focusedWindow=com.clientreachai.phperformance/com.clientreachai.phperformance.MainActivity
04-13 12:26:36.898 I/SystemKeyManager( 1069): requested systemKeyInfo size=3 focusedWindow=com.clientreachai.phperformance/com.clientreachai.phperformance.MainActivity
04-13 12:26:36.898 D/SurfaceComposerClient( 1069): setCornerRadius ## c0abc8 com.clientreachai.phperformance/com.clientreachai.phperformance.MainActivity#224564 cornerRadius=0.000000
04-13 12:26:36.899 D/SurfaceComposerClient( 1069): setCornerRadius ## c0abc8 com.clientreachai.phperformance/com.clientreachai.phperformance.MainActivity#224564 cornerRadius=0.000000
04-13 12:26:36.900 D/SurfaceComposerClient( 1069): setCornerRadius ## c0abc8 com.clientreachai.phperformance/com.clientreachai.phperformance.MainActivity#224564 cornerRadius=0.000000
04-13 12:26:36.913 I/SurfaceFlinger(  865): [LayerHierarchy{RequestedLayerState{ImeContainer#15 parentId=224554 relativeParentId=224564 z=1} 1 children}] RelativeParent to LayerHierarchy{RequestedLayerState{c0abc8 com.clientreachai.phperformance/com.clientreachai.phperformance.MainActivity#224564 parentId=224554} 2 children}
04-13 12:26:36.914 I/SurfaceFlinger(  865): [LayerHierarchy{RequestedLayerState{25431dc com.clientreachai.phperformance/com.clientreachai.phperformance.MainActivity#224643 parentId=224664 z=1} 1 children}] reparent to LayerHierarchy{RequestedLayerState{Surface(name=25431dc com.clientreachai.phperformance/com.clientreachai.phperformance.MainActivity)/@0x52e074 - animation-leash of window_animation#224664 parentId=224554 z=1} 1 children}
04-13 12:26:36.916 D/InputDispatcher( 1069): Focus left window (0): 25431dc com.clientreachai.phperformance/com.clientreachai.phperformance.MainActivity
04-13 12:26:36.921 D/SurfaceComposerClient( 1069): setCornerRadius ## c0abc8 com.clientreachai.phperformance/com.clientreachai.phperformance.MainActivity#224564 cornerRadius=0.000000
04-13 12:26:36.935 D/SurfaceFlinger(  865): [input] setFocusedWindow: c0abc8 com.clientreachai.phperformance/com.clientreachai.phperformance.MainActivity
04-13 12:26:36.935 D/InputDispatcher( 1069): Once focus requested (0): c0abc8 com.clientreachai.phperformance/com.clientreachai.phperformance.MainActivity
04-13 12:26:36.935 D/InputDispatcher( 1069): Focus entered window (0): c0abc8 com.clientreachai.phperformance/com.clientreachai.phperformance.MainActivity
04-13 12:26:37.076 I/InsetsController(24508): onStateChanged: host=com.clientreachai.phperformance/com.clientreachai.phperformance.MainActivity, from=android.view.ViewRootImpl.onInsetsStateChanged:3026, state=InsetsState: {mDisplayFrame=Rect(0, 0 - 1080, 2340), mDisplayCutout=DisplayCutout{insets=Rect(0, 80 - 0, 0) waterfall=Insets{left=0, top=0, right=0, bottom=0} boundingRect={Bounds=[Rect(0, 0 - 0, 0), Rect(511, 0 - 569, 80), Rect(0, 0 - 0, 0), Rect(0, 0 - 0, 0)]} cutoutPathParserInfo={CutoutPathParserInfo{displayWidth=1080 displayHeight=2340 physicalDisplayWidth=1080 physicalDisplayHeight=2340 density={2.8125} cutoutSpec={M 0,0 M 0,7.822222222222222‬‬ a 10.31111111111111‬,10.31111111111111‬ 0 1,0 0,20.62222222222222‬ a 10.31111111111111‬,10.31111111111111‬ 0 1,0 0,-20.62222222222222‬ Z @dp} rotation={0} scale={1.0} physicalPixelDisplaySizeRatio={1.0}}} sideOverrides={}}, mRoundedCorners=RoundedCorners{[RoundedCorner{position=TopLeft, radius=113, center=Point(113, 113)}, RoundedCorner{position=TopRight, radius=113, center=Point(967, 113)}, RoundedCorner{position=BottomRight, radius=113, center=Point(967, 2227)}, RoundedCorner{position=BottomLeft, radius=113, center=Point(113, 2227)}]}  mRoundedCornerFrame=Rect(0, 0 - 1080, 2340), mPrivacyIndicatorBounds=PrivacyIndicatorBounds {static bounds=Rect(956, 0 - 1080, 80) rotation=0}, mDisplayShape=DisplayShape{ spec=-311912193 displayWidth=1080 displayHeight=2340 physicalPixelDisplaySizeRatio=1.0 rotation=0 offsetX=0 offsetY=0 scale=1.0}, mSources= { InsetsSource: {8aec0001 mType=navigationBars mFrame=[0,2298][1080,2340] mVisible=true mFlags=SUPPRESS_SCRIM mSideHint=BOTTOM mBoundingRects=null}, InsetsSource: {8aec0004 mType=systemGestures mFrame=[0,0][84,2340] mVisible=true mFlags= mSideHint=LEFT mBoundingRects=null}, InsetsSource: {8aec0005 mType=mandatorySystemGestures mFrame=[0,2250][1080,2340] mVisible=true mFlags= mSideHint=BOTTOM mBoundingRects=null}, InsetsSource: {8aec0006 mType=tappableElement mFrame=[0,0][0,0] mVisible=true mFlags= mSideHint=NONE mBoundingRects=null}, InsetsSource: {8aec0024 mType=systemGestures mFrame=[996,0][1080,2340] mVisible=true mFlags= mSideHint=RIGHT mBoundingRects=null}, InsetsSource: {27 mType=displayCutout mFrame=[0,0][1080,80] mVisible=true mFlags= mSideHint=TOP mBoundingRects=null}, InsetsSource: {5550000 mType=statusBars mFrame=[0,0][1080,80] mVisible=true mFlags= mSideHint=TOP mBoundingRects=null}, InsetsSource: {5550005 mType=mandatorySystemGestures mFrame=[0,0][1080,114] mVisible=true mFlags= mSideHint=TOP mBoundingRects=null}, InsetsSource: {5550006 mType=tappableElement mFrame=[0,0][1080,80] mVisible=true mFlags= mSideHint=TOP mBoundingRects=null} }
04-13 12:26:37.076 I/InsetsSourceConsumer(24508): applyRequestedVisibilityToControl: visible=true, type=statusBars, host=com.clientreachai.phperformance/com.clientreachai.phperformance.MainActivity
04-13 12:26:37.077 I/InsetsSourceConsumer(24508): applyRequestedVisibilityToControl: visible=true, type=navigationBars, host=com.clientreachai.phperformance/com.clientreachai.phperformance.MainActivity
04-13 12:26:37.082 D/ActivityTaskManager( 1069): DesktopModeLaunchParamsModifier: task=Task{5a58054 #1241 type=standard A=10382:com.clientreachai.phperformance} activity=ActivityRecord{39283735 u0 com.google.android.permissioncontroller/com.android.permissioncontroller.permission.ui.GrantPermissionsActivity t-1} non-desktop, skipping
04-13 12:26:37.083 D/ActivityTaskManager( 1069): TaskLaunchParamsModifier:task=Task{5a58054 #1241 type=standard A=10382:com.clientreachai.phperformance} activity=ActivityRecord{39283735 u0 com.google.android.permissioncontroller/com.android.permissioncontroller.permission.ui.GrantPermissionsActivity t-1} display-area-from-source=DefaultTaskDisplayArea_d0@31585691 display-id=0 task-display-area-windowing-mode=1 suggested-display-area=DefaultTaskDisplayArea_d0@31585691 inherit-from-source=fullscreen non-freeform-task-display-area display-area=DefaultTaskDisplayArea_d0@31585691 activity-requested-portrait freeform-size-mismatch=Rect(81, 604 - 999, 1774)
04-13 12:26:37.083 D/ActivityTaskManager( 1069): DesktopModeLaunchParamsModifier: task=Task{5a58054 #1241 type=standard A=10382:com.clientreachai.phperformance} activity=ActivityRecord{39283735 u0 com.google.android.permissioncontroller/com.android.permissioncontroller.permission.ui.GrantPermissionsActivity t-1} non-desktop, skipping
04-13 12:26:37.083 D/ActivityTaskManager( 1069): TaskLaunchParamsModifier:task=Task{5a58054 #1241 type=standard A=10382:com.clientreachai.phperformance} activity=ActivityRecord{39283735 u0 com.google.android.permissioncontroller/com.android.permissioncontroller.permission.ui.GrantPermissionsActivity t-1} display-area-from-source=DefaultTaskDisplayArea_d0@31585691 display-id=0 task-display-area-windowing-mode=1 suggested-display-area=DefaultTaskDisplayArea_d0@31585691 inherit-from-source=fullscreen non-freeform-task-display-area display-area=DefaultTaskDisplayArea_d0@31585691 activity-requested-portrait freeform-size-mismatch=Rect(81, 604 - 999, 1774)
04-13 12:26:37.087 D/ActivityTaskManager( 1069): scheduleTopResumedActivityChanged, onTop=false, r=ActivityRecord{178144449 u0 com.clientreachai.phperformance/.MainActivity t1241}, caller=com.android.server.wm.ActivityTaskSupervisor.scheduleTopResumedActivityStateLossIfNeeded:19 com.android.server.wm.ActivityTaskSupervisor.updateTopResumedActivityIfNeeded:20 com.android.server.wm.TaskFragment.setResumedActivity:30 com.android.server.wm.ActivityRecord.setState:91 com.android.server.wm.TaskFragment.startPausing$1:209 com.android.server.wm.TaskFragment.resumeTopActivity:699 
04-13 12:26:37.089 V/WindowManager( 1069):    ChangeInfo{a65c70f container=Task{5a58054 #1241 type=standard A=10382:com.clientreachai.phperformance} flags=0x0}
04-13 12:26:37.090 V/WindowManagerShell( 1588): Transition requested (#15315): android.os.BinderProxy@85c707c TransitionRequestInfo { type = OPEN, triggerTask = TaskInfo{userId=0 taskId=1241 effectiveUid=10382 displayId=0 isRunning=true baseIntent=Intent { act=android.intent.action.MAIN cat=[android.intent.category.LAUNCHER] flg=0x34000000 pkg=com.clientreachai.phperformance cmp=com.clientreachai.phperformance/.MainActivity } baseActivity=ComponentInfo{com.clientreachai.phperformance/com.clientreachai.phperformance.MainActivity} topActivity=ComponentInfo{com.google.android.permissioncontroller/com.android.permissioncontroller.permission.ui.GrantPermissionsActivity} origActivity=null realActivity=ComponentInfo{com.clientreachai.phperformance/com.clientreachai.phperformance.MainActivity} numActivities=2 lastActiveTime=494041322 supportsMultiWindow=true resizeMode=1 isResizeable=true minWidth=-1 minHeight=-1 maxWidth=-1 maxHeight=-1 defaultMinSize=220 desktopDefaultMinSize=304 token=WCT{android.window.IWindowContainerToken$Stub$Proxy@589dd05} topActivityType=1 pictureInPictureParams=null shouldDockBigOverlays=false launchIntoPipHostTaskId=-1 lastParentTaskIdBeforePip=-1 displayCutoutSafeInsets=Rect(0, 0 - 0, 0) topActivityInfo=ActivityInfo{3e8d15a com.android.permissioncontroller.permission.ui.GrantPermissionsActivity} launchCookies=[] positionInParent=Point(0, 0) parentTaskId=-1 isFocused=true isVisible=true isVisibleRequested=true isTopActivityNoDisplay=false isSleeping=false locusId=null displayAreaFeatureId=1 isTopActivityTransparent=true isActivityStackTransparent=false lastNonFullscreenBounds=Rect(81, 604 - 999, 1774) capturedLink=null capturedLinkTimestamp=0 requestedVisibleTypes=-9 topActivityRequestOpenInBrowserEducationTimestamp=0 appCompatTaskInfo=AppCompatTaskInfo { topActivityInSizeCompat=false eligibleForLetterboxEducation= false isLetterboxEducationEnabled= false isLetterboxDoubleTapEnabled= false eligibleForUserAspectRatioButton= false topActivityBoundsLetterboxed= false isFromLetterboxDoubleTap= false topActivityLetterboxVerticalPosition= -1 topActivityLetterboxHorizontalPosition= -1 topActivityLetterboxWidth=-1 topActivityLetterboxHeight=-1 topActivityAppBounds=Rect(0, 0 - 1080, 2340) isUserFullscreenOverrideEnabled=false isSystemFullscreenOverrideEnabled=false hasMinAspectRatioOverride=false topActivityLetterboxBounds=null cameraCompatTaskInfo=CameraCompatTaskInfo { freeformCameraCompatMode=inactive} topActivityBounds=null topActivityInDisplayCompat=false singleTapFromLetterbox=false} topActivityMainWindowFrame=null originallySupportedMultiWindow=true hasWallpaper=false rootAffinity=10382:com.clientreachai.phperformance isTopTaskInStage=false CoverLauncherWidgetTask=false LaunchedFromAppsCoverLauncherTask=false LaunchedFromMultistarCoverLauncherTask=false isAllowedSeamlessRotation=false isTopTransparentActivity=false isAliasManaged=false hasConfigChanged=false snappingGuideBounds=null isAiKeyRemoveAppTask=false lastDesktopWindowingBounds=null lastExternalDesktopWindowingBounds=null safeCutoutInsets=null}, pipChange = null, remoteTransition = null, displayChange = null, flags = 0, debugId = 15315 }
04-13 12:26:37.094 I/ImeTracker( 1069): com.clientreachai.phperformance:4f52f94a: onRequestHide at ORIGIN_SERVER reason HIDE_UNSPECIFIED_WINDOW fromUser false
04-13 12:26:37.101 D/InsetsSourceProvider( 1069): updateControlForTarget: control=InsetsSourceControl: {3 mType=ime mSurfacePosition=Point(0, 80) mInsetsHint=Insets{left=0, top=0, right=0, bottom=1008}}, target=Window{c0abc8 u0 com.clientreachai.phperformance/com.clientreachai.phperformance.MainActivity}, from=com.android.server.wm.ImeInsetsSourceProvider.updateControlForTarget:17 com.android.server.wm.InsetsStateController.onControlTargetChanged:83 com.android.server.wm.DisplayContent.updateImeControlTarget:21 com.android.server.wm.DisplayContent.updateImeInputAndControlTarget:156 com.android.server.wm.WindowManagerService$LocalService.updateInputMethodTargetWindow:64 
04-13 12:26:37.104 D/SurfaceComposerClient( 1069): setCornerRadius ## c0abc8 com.clientreachai.phperformance/com.clientreachai.phperformance.MainActivity#224564 cornerRadius=0.000000
04-13 12:26:37.105 I/WindowManager( 1069): Reparenting to original parent: Surface(name=ActivityRecord{178144449 u0 com.clientreachai.phperformance/.MainActivity t1241})/@0xf493802, destroy=true, surface=Surface(name=25431dc com.clientreachai.phperformance/com.clientreachai.phperformance.MainActivity)/@0x52e074
04-13 12:26:37.105 E/WindowManager( 1069): win=Window{25431dc u0 com.clientreachai.phperformance/com.clientreachai.phperformance.MainActivity EXITING} destroySurfaces: appStopped=false cleanupOnResume=false win.mWindowRemovalAllowed=true win.mRemoveOnExit=true win.mViewVisibility=0 caller=com.android.server.wm.WindowState.onExitAnimationDone:224 com.android.server.wm.WindowState.onAnimationFinished:161 com.android.server.wm.WindowContainer$$ExternalSyntheticLambda8.onAnimationFinished:3 com.android.server.wm.SurfaceAnimator$$ExternalSyntheticLambda0.onAnimationFinished:69 com.android.server.wm.LocalAnimationAdapter$$ExternalSyntheticLambda0.run:10 android.os.Handler.handleCallback:995 android.os.Handler.dispatchMessage:103 
04-13 12:26:37.106 D/SurfaceComposerClient( 1069): setCornerRadius ## c0abc8 com.clientreachai.phperformance/com.clientreachai.phperformance.MainActivity#224564 cornerRadius=0.000000
04-13 12:26:37.106 D/SurfaceComposerClient( 1069): setCornerRadius ## c0abc8 com.clientreachai.phperformance/com.clientreachai.phperformance.MainActivity#224564 cornerRadius=0.000000
04-13 12:26:37.113 I/SurfaceFlinger(  865): [LayerHierarchy{RequestedLayerState{ImeContainer#15 parentId=224554 relativeParentId=224564 z=1} 1 children}] RelativeParent to LayerHierarchy{RequestedLayerState{c0abc8 com.clientreachai.phperformance/com.clientreachai.phperformance.MainActivity#224564 parentId=224554} 2 children}
04-13 12:26:37.113 I/SurfaceFlinger(  865): [LayerHierarchy{RequestedLayerState{com.clientreachai.phperformance/com.clientreachai.phperformance.MainActivity$_24508#224644} no children}] reparent to OffscreenRoot
04-13 12:26:37.113 I/SurfaceFlinger(  865): [LayerHierarchy{RequestedLayerState{com.clientreachai.phperformance/com.clientreachai.phperformance.MainActivity$_24508#224644} no children}] RelativeParent to null
04-13 12:26:37.115 D/SurfaceComposerClient( 1069): setCornerRadius ## c0abc8 com.clientreachai.phperformance/com.clientreachai.phperformance.MainActivity#224564 cornerRadius=0.000000
04-13 12:26:37.116 D/SGM:FgCheckThread( 1069): notePauseComponent(), received pkgName: com.clientreachai.phperformance, userId: 0
04-13 12:26:37.119 D/WindowManager( 1069): Changing focus from Window{c0abc8 u0 com.clientreachai.phperformance/com.clientreachai.phperformance.MainActivity} to null displayId=0 Callers=com.android.server.wm.ActivityTaskManagerService.setLastResumedActivityUncheckLocked:264 com.android.server.wm.ActivityTaskSupervisor.updateTopResumedActivityIfNeeded:51 com.android.server.wm.TaskFragment.setResumedActivity:30 com.android.server.wm.ActivityRecord.setState:100 
04-13 12:26:37.125 D/SurfaceComposerClient( 1069): setCornerRadius ## c0abc8 com.clientreachai.phperformance/com.clientreachai.phperformance.MainActivity#224564 cornerRadius=0.000000
04-13 12:26:37.126 D/SurfaceComposerClient( 1069): setCornerRadius ## c0abc8 com.clientreachai.phperformance/com.clientreachai.phperformance.MainActivity#224564 cornerRadius=0.000000
04-13 12:26:37.127 D/SurfaceFlinger(  865):        DEVICE |          105261058490369 | 00002102 | RGBA_8888    |    0.0    0.0 1080.0 2340.0 |    0    0 1080 2340 | com.clientreachai.phperformance/com.[...]rformance.MainActivity$_24508#224565 (1067)
04-13 12:26:37.129 I/SurfaceFlinger(  865): RequestedLayer [com.clientreachai.phperformance/com.[...]rformance.MainActivity$_24508#224644] hidden!! flag  from(0) --> to(1)
04-13 12:26:37.129 I/SurfaceFlinger(  865): [LayerHierarchy{RequestedLayerState{25431dc com.clientreachai.phperformance/com.clientreachai.phperformance.MainActivity#224643 z=1} no children}] reparent to OffscreenRoot
04-13 12:26:37.129 I/SurfaceFlinger(  865): [LayerHierarchy{RequestedLayerState{25431dc com.clientreachai.phperformance/com.clientreachai.phperformance.MainActivity#224643 z=1} no children}] RelativeParent to null
04-13 12:26:37.129 I/SurfaceFlinger(  865): [LayerHierarchy{RequestedLayerState{Surface(name=25431dc com.clientreachai.phperformance/com.clientreachai.phperformance.MainActivity)/@0x52e074 - animation-leash of window_animation#224664 z=1} no children}] reparent to OffscreenRoot
04-13 12:26:37.129 I/SurfaceFlinger(  865): [LayerHierarchy{RequestedLayerState{Surface(name=25431dc com.clientreachai.phperformance/com.clientreachai.phperformance.MainActivity)/@0x52e074 - animation-leash of window_animation#224664 z=1} no children}] RelativeParent to null
04-13 12:26:37.138 I/ImeTracker(24508): com.clientreachai.phperformance:4f52f94a: onCancelled at PHASE_CLIENT_ALREADY_HIDDEN
04-13 12:26:37.138 I/HBD     (30442): b [AiWriter] setContact : com.clientreachai.phperformance
04-13 12:26:37.139 D/SGM:GameManager( 1069): identifyForegroundApp. com.clientreachai.phperformance, mCurrentUserId: 0, callerUserId: 0
04-13 12:26:37.143 D/SGM:GameManager( 1069): identifyForegroundApp. com.clientreachai.phperformance, mCurrentUserId: 0, callerUserId: 0
04-13 12:26:37.150 I/SurfaceFlinger(  865): id=224644 Removed com.clientreachai.phperformance/com.clientreachai.phperformance.MainActivity$_24508#224644 (450)
04-13 12:26:37.153 I/SurfaceFlinger(  865): id=224643 Removed 25431dc com.clientreachai.phperformance/com.clientreachai.phperformance.MainActivity#224643 (450)
04-13 12:26:37.153 I/SurfaceFlinger(  865): id=224664 Removed Surface(name=25431dc com.clientreachai.phperformance/com.clientreachai.phperformance.MainActivity)/@0x52e074 - animation-leash of window_animation#224664 (450)
04-13 12:26:37.157 D/InputDispatcher( 1069): Focus left window (0): c0abc8 com.clientreachai.phperformance/com.clientreachai.phperformance.MainActivity
04-13 12:26:37.162 I/SurfaceFlinger(  865): destroyed com.clientreachai.phperformance/com.clientreachai.phperformance.MainActivity$_24508#224644
04-13 12:26:37.162 I/SurfaceFlinger(  865): destroyed 25431dc com.clientreachai.phperformance/com.clientreachai.phperformance.MainActivity#224643
04-13 12:26:37.162 I/SurfaceFlinger(  865): destroyed Surface(name=25431dc com.clientreachai.phperformance/com.clientreachai.phperformance.MainActivity)/@0x52e074 - animation-leash of window_animation#224664
04-13 12:26:37.167 I/Layer   (  865): id=224644 Destroyed com.clientreachai.phperformance/com.clientreachai.phperformance.MainActivity$_24508#224644
04-13 12:26:37.169 I/Layer   (  865): id=224643 Destroyed 25431dc com.clientreachai.phperformance/com.clientreachai.phperformance.MainActivity#224643
04-13 12:26:37.169 I/Layer   (  865): id=224664 Destroyed Surface(name=25431dc com.clientreachai.phperformance/com.clientreachai.phperformance.MainActivity)/@0x52e074 - animation-leash of window_animation#224664
04-13 12:26:37.180 D/SurfaceComposerClient( 1069): setCornerRadius ## c0abc8 com.clientreachai.phperformance/com.clientreachai.phperformance.MainActivity#224564 cornerRadius=0.000000
04-13 12:26:37.184 D/SurfaceComposerClient( 1069): setCornerRadius ## c0abc8 com.clientreachai.phperformance/com.clientreachai.phperformance.MainActivity#224564 cornerRadius=0.000000
04-13 12:26:37.184 D/SurfaceComposerClient( 1069): setCornerRadius ## c0abc8 com.clientreachai.phperformance/com.clientreachai.phperformance.MainActivity#224564 cornerRadius=0.000000
04-13 12:26:37.193 D/InputDispatcher( 1069): Focused application(0): ActivityRecord{178144449 u0 com.clientreachai.phperformance/.MainActivity t1241}
04-13 12:26:37.193 D/WindowManager( 1069): Changing focus from null to Window{c0abc8 u0 com.clientreachai.phperformance/com.clientreachai.phperformance.MainActivity} displayId=0 Callers=com.android.server.wm.ActivityTaskManagerService.setLastResumedActivityUncheckLocked:264 com.android.server.wm.ActivityTaskSupervisor.updateTopResumedActivityIfNeeded:51 com.android.server.wm.TaskFragment.setResumedActivity:30 com.android.server.wm.ActivityRecord.setState:100 
04-13 12:26:37.193 V/SystemKeyManager( 1069): updateFocusedWindow() is called, com.clientreachai.phperformance/com.clientreachai.phperformance.MainActivity
04-13 12:26:37.193 I/SystemKeyManager( 1069): requested systemKeyInfo size=1 focusedWindow=com.clientreachai.phperformance/com.clientreachai.phperformance.MainActivity
04-13 12:26:37.193 I/SystemKeyManager( 1069): requested systemKeyInfo size=3 focusedWindow=com.clientreachai.phperformance/com.clientreachai.phperformance.MainActivity
04-13 12:26:37.194 D/ActivityTaskManager( 1069): scheduleTopResumedActivityChanged, onTop=true, r=ActivityRecord{178144449 u0 com.clientreachai.phperformance/.MainActivity t1241}, caller=com.android.server.wm.ActivityTaskSupervisor.scheduleTopResumedActivityStateIfNeeded:18 com.android.server.wm.ActivityTaskSupervisor.updateTopResumedActivityIfNeeded:54 com.android.server.wm.TaskFragment.setResumedActivity:30 com.android.server.wm.ActivityRecord.setState:100 com.android.server.wm.TaskFragment.resumeTopActivity:1705 com.android.server.wm.Task.resumeTopActivityInnerLocked:138 
04-13 12:26:37.195 D/SurfaceComposerClient( 1069): setCornerRadius ## c0abc8 com.clientreachai.phperformance/com.clientreachai.phperformance.MainActivity#224564 cornerRadius=0.000000
04-13 12:26:37.196 D/SurfaceComposerClient( 1069): setCornerRadius ## c0abc8 com.clientreachai.phperformance/com.clientreachai.phperformance.MainActivity#224564 cornerRadius=0.000000
04-13 12:26:37.196 D/ChangeTransitionController( 1069):    ChangeInfo{a65c70f container=Task{5a58054 #1241 type=standard A=10382:com.clientreachai.phperformance} flags=0x0}
04-13 12:26:37.199 V/WindowManager( 1069): Sent Transition (#15315) createdAt=04-13 12:26:37.081 via request=TransitionRequestInfo { type = OPEN, triggerTask = TaskInfo{userId=0 taskId=1241 effectiveUid=10382 displayId=0 isRunning=true baseIntent=Intent { act=android.intent.action.MAIN cat=[android.intent.category.LAUNCHER] flg=0x34000000 pkg=com.clientreachai.phperformance cmp=com.clientreachai.phperformance/.MainActivity } baseActivity=ComponentInfo{com.clientreachai.phperformance/com.clientreachai.phperformance.MainActivity} topActivity=ComponentInfo{com.google.android.permissioncontroller/com.android.permissioncontroller.permission.ui.GrantPermissionsActivity} origActivity=null realActivity=ComponentInfo{com.clientreachai.phperformance/com.clientreachai.phperformance.MainActivity} numActivities=2 lastActiveTime=494041322 supportsMultiWindow=true resizeMode=1 isResizeable=true minWidth=-1 minHeight=-1 maxWidth=-1 maxHeight=-1 defaultMinSize=220 desktopDefaultMinSize=304 token=WCT{RemoteToken{f663bb4 Task{5a58054 #1241 type=standard A=10382:com.clientreachai.phperformance}}} topActivityType=1 pictureInPictureParams=null shouldDockBigOverlays=false launchIntoPipHostTaskId=-1 lastParentTaskIdBeforePip=-1 displayCutoutSafeInsets=Rect(0, 0 - 0, 0) topActivityInfo=ActivityInfo{5106d30 com.android.permissioncontroller.permission.ui.GrantPermissionsActivity} launchCookies=[] positionInParent=Point(0, 0) parentTaskId=-1 isFocused=true isVisible=true isVisibleRequested=true isTopActivityNoDisplay=false isSleeping=false locusId=null displayAreaFeatureId=1 isTopActivityTransparent=true isActivityStackTransparent=false lastNonFullscreenBounds=Rect(81, 604 - 999, 1774) capturedLink=null capturedLinkTimestamp=0 requestedVisibleTypes=-9 topActivityRequestOpenInBrowserEducationTimestamp=0 appCompatTaskInfo=AppCompatTaskInfo { topActivityInSizeCompat=false eligibleForLetterboxEducation= false isLetterboxEducationEnabled= false isLetterboxDoubleTapEnabled= false eligibleForUserAspectRatioButton= false topActivityBoundsLetterboxed= false isFromLetterboxDoubleTap= false topActivityLetterboxVerticalPosition= -1 topActivityLetterboxHorizontalPosition= -1 topActivityLetterboxWidth=-1 topActivityLetterboxHeight=-1 topActivityAppBounds=Rect(0, 0 - 1080, 2340) isUserFullscreenOverrideEnabled=false isSystemFullscreenOverrideEnabled=false hasMinAspectRatioOverride=false topActivityLetterboxBounds=null cameraCompatTaskInfo=CameraCompatTaskInfo { freeformCameraCompatMode=inactive} topActivityBounds=null topActivityInDisplayCompat=false singleTapFromLetterbox=false} topActivityMainWindowFrame=null originallySupportedMultiWindow=true hasWallpaper=false rootAffinity=10382:com.clientreachai.phperformance isTopTaskInStage=false CoverLauncherWidgetTask=false LaunchedFromAppsCoverLauncherTask=false LaunchedFromMultistarCoverLauncherTask=false isAllowedSeamlessRotation=false isTopTransparentActivity=false isAliasManaged=false hasConfigChanged=false snappingGuideBounds=null isAiKeyRemoveAppTask=false lastDesktopWindowingBounds=null lastExternalDesktopWindowingBounds=null safeCutoutInsets=null}, pipChange = null, remoteTransition = null, displayChange = null, flags = 0, debugId = 15315 }
04-13 12:26:37.199 V/WindowManager( 1069):    ChangeInfo{a65c70f container=Task{5a58054 #1241 type=standard A=10382:com.clientreachai.phperformance} flags=0x0}
04-13 12:26:37.200 D/ChangeTransitionController( 1069):    ChangeInfo{a65c70f container=Task{5a58054 #1241 type=standard A=10382:com.clientreachai.phperformance} flags=0x0}
04-13 12:26:37.201 D/SurfaceComposerClient( 1069): setCornerRadius ## c0abc8 com.clientreachai.phperformance/com.clientreachai.phperformance.MainActivity#224564 cornerRadius=0.000000
04-13 12:26:37.209 W/ReactNativeJS(24508): [Reanimated] The view has some undefined, not-yet-computed or meaningless value of `LayoutMetrics` type. This may be because the view is not currently rendered, which may not be a bug (e.g. an off-screen FlatList item).
04-13 12:26:37.209 W/ReactNativeJS(24508): [Reanimated] The view has some undefined, not-yet-computed or meaningless value of `LayoutMetrics` type. This may be because the view is not currently rendered, which may not be a bug (e.g. an off-screen FlatList item).
04-13 12:26:37.209 W/ReactNativeJS(24508): [Reanimated] The view has some undefined, not-yet-computed or meaningless value of `LayoutMetrics` type. This may be because the view is not currently rendered, which may not be a bug (e.g. an off-screen FlatList item).
04-13 12:26:37.209 W/ReactNativeJS(24508): [Reanimated] The view has some undefined, not-yet-computed or meaningless value of `LayoutMetrics` type. This may be because the view is not currently rendered, which may not be a bug (e.g. an off-screen FlatList item).
04-13 12:26:37.209 W/ReactNativeJS(24508): [Reanimated] The view has some undefined, not-yet-computed or meaningless value of `LayoutMetrics` type. This may be because the view is not currently rendered, which may not be a bug (e.g. an off-screen FlatList item).
04-13 12:26:37.209 W/ReactNativeJS(24508): [Reanimated] The view has some undefined, not-yet-computed or meaningless value of `LayoutMetrics` type. This may be because the view is not currently rendered, which may not be a bug (e.g. an off-screen FlatList item).
04-13 12:26:37.211 D/SGM:FgCheckThread( 1069): noteResumeComponent(), received pkgName: com.clientreachai.phperformance, userId: 0
04-13 12:26:37.211 D/SGM:FgCheckThread( 1069): onLooperPrepared(), msg: MSG_APP_RESUME, pkgName: com.clientreachai.phperformance, userid: 0
04-13 12:26:37.211 I/SDHMS:k ( 4646): handleResumeComponent : put = com.clientreachai.phperformance, userid = 0 instanceid =50711289
04-13 12:26:37.212 I/HoneySpace.EdgePanel.EdgePanelContainerViewModel( 2040): cocktailHostRepository.edgePanelOperation NoteResumeComponent(componentName=ComponentInfo{com.clientreachai.phperformance/com.clientreachai.phperformance.MainActivity})
04-13 12:26:37.212 I/HoneySpace.EdgePanel.ActivityUtils( 2040): HomePackage : com.sec.android.app.launcher, resumePackageName : com.clientreachai.phperformance, className : com.clientreachai.phperformance.MainActivity
04-13 12:26:37.216 D/SGM:GameManager( 1069): identifyForegroundApp. com.clientreachai.phperformance, mCurrentUserId: 0, callerUserId: 0
04-13 12:26:37.217 D/SGM:GameManager( 1069): identifyForegroundApp. com.clientreachai.phperformance, mCurrentUserId: 0, callerUserId: 0
04-13 12:26:37.219 I/WindowManager( 1069): Relayout Window{c0abc8 u0 com.clientreachai.phperformance/com.clientreachai.phperformance.MainActivity}: viewVisibility=0 req=1080x2340 ty=1 d0
04-13 12:26:37.219 D/SurfaceComposerClient( 1069): setCornerRadius ## c0abc8 com.clientreachai.phperformance/com.clientreachai.phperformance.MainActivity#224564 cornerRadius=0.000000
04-13 12:26:37.219 D/SurfaceFlinger(  865): [input] setFocusedWindow: c0abc8 com.clientreachai.phperformance/com.clientreachai.phperformance.MainActivity
04-13 12:26:37.223 D/InputDispatcher( 1069): Once focus requested (0): c0abc8 com.clientreachai.phperformance/com.clientreachai.phperformance.MainActivity
04-13 12:26:37.223 D/InputDispatcher( 1069): Focus entered window (0): c0abc8 com.clientreachai.phperformance/com.clientreachai.phperformance.MainActivity
04-13 12:26:37.226 D/SurfaceComposerClient( 1069): setCornerRadius ## c0abc8 com.clientreachai.phperformance/com.clientreachai.phperformance.MainActivity#224564 cornerRadius=0.000000
04-13 12:26:37.230 D/SurfaceComposerClient( 1069): setCornerRadius ## c0abc8 com.clientreachai.phperformance/com.clientreachai.phperformance.MainActivity#224564 cornerRadius=0.000000
04-13 12:26:37.230 D/SurfaceComposerClient( 1069): setCornerRadius ## c0abc8 com.clientreachai.phperformance/com.clientreachai.phperformance.MainActivity#224564 cornerRadius=0.000000
04-13 12:26:37.237 I/ImeTracker( 1069): com.clientreachai.phperformance:8d62eb80: onRequestHide at ORIGIN_SERVER reason HIDE_SAME_WINDOW_FOCUSED_WITHOUT_EDITOR fromUser false
04-13 12:26:37.240 D/SGM:FgCheckThread( 1069): getForegroundApp(), foregroundPkgName=com.clientreachai.phperformance
04-13 12:26:37.240 D/SGM:FgCheckThread( 1069): noteStopComponent(), received pkgName: com.google.android.permissioncontroller, focusedPkgName: com.clientreachai.phperformance, userId: 0
04-13 12:26:37.250 I/ImeTracker(24508): com.clientreachai.phperformance:8d62eb80: onCancelled at PHASE_CLIENT_ALREADY_HIDDEN
04-13 12:26:37.309 W/ReactNativeJS(24508): '[Layout children]: No route named "active-run" exists in nested children:', [ 'index',
04-13 12:26:37.309 W/ReactNativeJS(24508):   'more',
04-13 12:26:37.309 W/ReactNativeJS(24508):   'programs',
04-13 12:26:37.309 W/ReactNativeJS(24508):   'schedule',
04-13 12:26:37.309 W/ReactNativeJS(24508):   'messages/index',
04-13 12:26:37.309 W/ReactNativeJS(24508):   'onboarding',
04-13 12:26:37.309 W/ReactNativeJS(24508):   'tracking' ]
04-13 12:26:37.309 W/ReactNativeJS(24508): '[Layout children]: No route named "summary" exists in nested children:', [ 'index',
04-13 12:26:37.309 W/ReactNativeJS(24508):   'more',
