04-13 12:26:37.309 W/ReactNativeJS(24508):   'programs',
04-13 12:26:37.309 W/ReactNativeJS(24508):   'schedule',
04-13 12:26:37.309 W/ReactNativeJS(24508):   'messages/index',
04-13 12:26:37.309 W/ReactNativeJS(24508):   'onboarding',
04-13 12:26:37.309 W/ReactNativeJS(24508):   'tracking' ]
04-13 12:26:37.309 W/ReactNativeJS(24508): '[Layout children]: No route named "feedback" exists in nested children:', [ 'index',
04-13 12:26:37.309 W/ReactNativeJS(24508):   'more',
04-13 12:26:37.309 W/ReactNativeJS(24508):   'programs',
04-13 12:26:37.309 W/ReactNativeJS(24508):   'schedule',
04-13 12:26:37.309 W/ReactNativeJS(24508):   'messages/index',
04-13 12:26:37.309 W/ReactNativeJS(24508):   'onboarding',
04-13 12:26:37.309 W/ReactNativeJS(24508):   'tracking' ]
04-13 12:26:37.346 D/MdnieScenarioControlService( 1069):  packageName : com.clientreachai.phperformance    className : com.clientreachai.phperformance.MainActivity
04-13 12:26:37.423 W/ReactNativeJS(24508): '[Layout children]: No route named "active-run" exists in nested children:', [ 'index',
04-13 12:26:37.423 W/ReactNativeJS(24508):   'more',
04-13 12:26:37.423 W/ReactNativeJS(24508):   'programs',
04-13 12:26:37.423 W/ReactNativeJS(24508):   'schedule',
04-13 12:26:37.423 W/ReactNativeJS(24508):   'messages/index',
04-13 12:26:37.423 W/ReactNativeJS(24508):   'onboarding',
04-13 12:26:37.423 W/ReactNativeJS(24508):   'tracking' ]
04-13 12:26:37.423 W/ReactNativeJS(24508): '[Layout children]: No route named "summary" exists in nested children:', [ 'index',
04-13 12:26:37.423 W/ReactNativeJS(24508):   'more',
04-13 12:26:37.423 W/ReactNativeJS(24508):   'programs',
04-13 12:26:37.423 W/ReactNativeJS(24508):   'schedule',
04-13 12:26:37.423 W/ReactNativeJS(24508):   'messages/index',
04-13 12:26:37.423 W/ReactNativeJS(24508):   'onboarding',
04-13 12:26:37.423 W/ReactNativeJS(24508):   'tracking' ]
04-13 12:26:37.423 W/ReactNativeJS(24508): '[Layout children]: No route named "feedback" exists in nested children:', [ 'index',
04-13 12:26:37.423 W/ReactNativeJS(24508):   'more',
04-13 12:26:37.423 W/ReactNativeJS(24508):   'programs',
04-13 12:26:37.423 W/ReactNativeJS(24508):   'schedule',
04-13 12:26:37.423 W/ReactNativeJS(24508):   'messages/index',
04-13 12:26:37.423 W/ReactNativeJS(24508):   'onboarding',
04-13 12:26:37.423 W/ReactNativeJS(24508):   'tracking' ]
04-13 12:26:37.739 D/SGM:GameManager( 1069): identifyForegroundApp. com.clientreachai.phperformance, mCurrentUserId: 0, callerUserId: 0
04-13 12:26:38.309 W/ReactNativeJS(24508): '[Layout children]: No route named "active-run" exists in nested children:', [ 'index',
04-13 12:26:38.309 W/ReactNativeJS(24508):   'more',
04-13 12:26:38.309 W/ReactNativeJS(24508):   'programs',
04-13 12:26:38.309 W/ReactNativeJS(24508):   'schedule',
04-13 12:26:38.309 W/ReactNativeJS(24508):   'messages/index',
04-13 12:26:38.309 W/ReactNativeJS(24508):   'onboarding',
04-13 12:26:38.309 W/ReactNativeJS(24508):   'tracking' ]
04-13 12:26:38.309 W/ReactNativeJS(24508): '[Layout children]: No route named "summary" exists in nested children:', [ 'index',
04-13 12:26:38.309 W/ReactNativeJS(24508):   'more',
04-13 12:26:38.309 W/ReactNativeJS(24508):   'programs',
04-13 12:26:38.309 W/ReactNativeJS(24508):   'schedule',
04-13 12:26:38.309 W/ReactNativeJS(24508):   'messages/index',
04-13 12:26:38.309 W/ReactNativeJS(24508):   'onboarding',
04-13 12:26:38.309 W/ReactNativeJS(24508):   'tracking' ]
04-13 12:26:38.309 W/ReactNativeJS(24508): '[Layout children]: No route named "feedback" exists in nested children:', [ 'index',
04-13 12:26:38.309 W/ReactNativeJS(24508):   'more',
04-13 12:26:38.309 W/ReactNativeJS(24508):   'programs',
04-13 12:26:38.309 W/ReactNativeJS(24508):   'schedule',
04-13 12:26:38.309 W/ReactNativeJS(24508):   'messages/index',
04-13 12:26:38.309 W/ReactNativeJS(24508):   'onboarding',
04-13 12:26:38.309 W/ReactNativeJS(24508):   'tracking' ]
04-13 12:26:38.444 W/ReactNativeJS(24508): '[Layout children]: No route named "active-run" exists in nested children:', [ 'index',
04-13 12:26:38.444 W/ReactNativeJS(24508):   'more',
04-13 12:26:38.444 W/ReactNativeJS(24508):   'programs',
04-13 12:26:38.444 W/ReactNativeJS(24508):   'schedule',
04-13 12:26:38.444 W/ReactNativeJS(24508):   'messages/index',
04-13 12:26:38.444 W/ReactNativeJS(24508):   'onboarding',
04-13 12:26:38.444 W/ReactNativeJS(24508):   'tracking' ]
04-13 12:26:38.444 W/ReactNativeJS(24508): '[Layout children]: No route named "summary" exists in nested children:', [ 'index',
04-13 12:26:38.444 W/ReactNativeJS(24508):   'more',
04-13 12:26:38.444 W/ReactNativeJS(24508):   'programs',
04-13 12:26:38.444 W/ReactNativeJS(24508):   'schedule',
04-13 12:26:38.444 W/ReactNativeJS(24508):   'messages/index',
04-13 12:26:38.444 W/ReactNativeJS(24508):   'onboarding',
04-13 12:26:38.444 W/ReactNativeJS(24508):   'tracking' ]
04-13 12:26:38.444 W/ReactNativeJS(24508): '[Layout children]: No route named "feedback" exists in nested children:', [ 'index',
04-13 12:26:38.444 W/ReactNativeJS(24508):   'more',
04-13 12:26:38.444 W/ReactNativeJS(24508):   'programs',
04-13 12:26:38.444 W/ReactNativeJS(24508):   'schedule',
04-13 12:26:38.444 W/ReactNativeJS(24508):   'messages/index',
04-13 12:26:38.444 W/ReactNativeJS(24508):   'onboarding',
04-13 12:26:38.444 W/ReactNativeJS(24508):   'tracking' ]
04-13 12:26:38.577 W/ReactNativeJS(24508): '[Layout children]: No route named "active-run" exists in nested children:', [ 'index',
04-13 12:26:38.577 W/ReactNativeJS(24508):   'more',
04-13 12:26:38.577 W/ReactNativeJS(24508):   'programs',
04-13 12:26:38.577 W/ReactNativeJS(24508):   'schedule',
04-13 12:26:38.577 W/ReactNativeJS(24508):   'messages/index',
04-13 12:26:38.577 W/ReactNativeJS(24508):   'onboarding',
04-13 12:26:38.577 W/ReactNativeJS(24508):   'tracking' ]
04-13 12:26:38.578 W/ReactNativeJS(24508): '[Layout children]: No route named "summary" exists in nested children:', [ 'index',
04-13 12:26:38.578 W/ReactNativeJS(24508):   'more',
04-13 12:26:38.578 W/ReactNativeJS(24508):   'programs',
04-13 12:26:38.578 W/ReactNativeJS(24508):   'schedule',
04-13 12:26:38.578 W/ReactNativeJS(24508):   'messages/index',
04-13 12:26:38.578 W/ReactNativeJS(24508):   'onboarding',
04-13 12:26:38.578 W/ReactNativeJS(24508):   'tracking' ]
04-13 12:26:38.578 W/ReactNativeJS(24508): '[Layout children]: No route named "feedback" exists in nested children:', [ 'index',
04-13 12:26:38.578 W/ReactNativeJS(24508):   'more',
04-13 12:26:38.578 W/ReactNativeJS(24508):   'programs',
04-13 12:26:38.578 W/ReactNativeJS(24508):   'schedule',
04-13 12:26:38.578 W/ReactNativeJS(24508):   'messages/index',
04-13 12:26:38.578 W/ReactNativeJS(24508):   'onboarding',
04-13 12:26:38.578 W/ReactNativeJS(24508):   'tracking' ]
04-13 12:26:38.715 W/ReactNativeJS(24508): '[Layout children]: No route named "active-run" exists in nested children:', [ 'index',
04-13 12:26:38.715 W/ReactNativeJS(24508):   'more',
04-13 12:26:38.715 W/ReactNativeJS(24508):   'programs',
04-13 12:26:38.715 W/ReactNativeJS(24508):   'schedule',
04-13 12:26:38.715 W/ReactNativeJS(24508):   'messages/index',
04-13 12:26:38.715 W/ReactNativeJS(24508):   'onboarding',
04-13 12:26:38.715 W/ReactNativeJS(24508):   'tracking' ]
04-13 12:26:38.716 W/ReactNativeJS(24508): '[Layout children]: No route named "summary" exists in nested children:', [ 'index',
04-13 12:26:38.716 W/ReactNativeJS(24508):   'more',
04-13 12:26:38.716 W/ReactNativeJS(24508):   'programs',
04-13 12:26:38.716 W/ReactNativeJS(24508):   'schedule',
04-13 12:26:38.716 W/ReactNativeJS(24508):   'messages/index',
04-13 12:26:38.716 W/ReactNativeJS(24508):   'onboarding',
04-13 12:26:38.716 W/ReactNativeJS(24508):   'tracking' ]
04-13 12:26:38.716 W/ReactNativeJS(24508): '[Layout children]: No route named "feedback" exists in nested children:', [ 'index',
04-13 12:26:38.716 W/ReactNativeJS(24508):   'more',
04-13 12:26:38.716 W/ReactNativeJS(24508):   'programs',
04-13 12:26:38.716 W/ReactNativeJS(24508):   'schedule',
04-13 12:26:38.716 W/ReactNativeJS(24508):   'messages/index',
04-13 12:26:38.716 W/ReactNativeJS(24508):   'onboarding',
04-13 12:26:38.716 W/ReactNativeJS(24508):   'tracking' ]
04-13 12:26:38.878 W/ReactNativeJS(24508): '[Layout children]: No route named "active-run" exists in nested children:', [ 'index',
04-13 12:26:38.878 W/ReactNativeJS(24508):   'more',
04-13 12:26:38.878 W/ReactNativeJS(24508):   'programs',
04-13 12:26:38.878 W/ReactNativeJS(24508):   'schedule',
04-13 12:26:38.878 W/ReactNativeJS(24508):   'messages/index',
04-13 12:26:38.878 W/ReactNativeJS(24508):   'onboarding',
04-13 12:26:38.878 W/ReactNativeJS(24508):   'tracking' ]
04-13 12:26:38.878 W/ReactNativeJS(24508): '[Layout children]: No route named "summary" exists in nested children:', [ 'index',
04-13 12:26:38.878 W/ReactNativeJS(24508):   'more',
04-13 12:26:38.878 W/ReactNativeJS(24508):   'programs',
04-13 12:26:38.878 W/ReactNativeJS(24508):   'schedule',
04-13 12:26:38.878 W/ReactNativeJS(24508):   'messages/index',
04-13 12:26:38.878 W/ReactNativeJS(24508):   'onboarding',
04-13 12:26:38.878 W/ReactNativeJS(24508):   'tracking' ]
04-13 12:26:38.878 W/ReactNativeJS(24508): '[Layout children]: No route named "feedback" exists in nested children:', [ 'index',
04-13 12:26:38.878 W/ReactNativeJS(24508):   'more',
04-13 12:26:38.878 W/ReactNativeJS(24508):   'programs',
04-13 12:26:38.878 W/ReactNativeJS(24508):   'schedule',
04-13 12:26:38.878 W/ReactNativeJS(24508):   'messages/index',
04-13 12:26:38.878 W/ReactNativeJS(24508):   'onboarding',
04-13 12:26:38.878 W/ReactNativeJS(24508):   'tracking' ]
04-13 12:26:39.015 W/ReactNativeJS(24508): '[Layout children]: No route named "active-run" exists in nested children:', [ 'index',
04-13 12:26:39.015 W/ReactNativeJS(24508):   'more',
04-13 12:26:39.015 W/ReactNativeJS(24508):   'programs',
04-13 12:26:39.015 W/ReactNativeJS(24508):   'schedule',
04-13 12:26:39.015 W/ReactNativeJS(24508):   'messages/index',
04-13 12:26:39.015 W/ReactNativeJS(24508):   'onboarding',
04-13 12:26:39.015 W/ReactNativeJS(24508):   'tracking' ]
04-13 12:26:39.015 W/ReactNativeJS(24508): '[Layout children]: No route named "summary" exists in nested children:', [ 'index',
04-13 12:26:39.015 W/ReactNativeJS(24508):   'more',
04-13 12:26:39.015 W/ReactNativeJS(24508):   'programs',
04-13 12:26:39.015 W/ReactNativeJS(24508):   'schedule',
04-13 12:26:39.015 W/ReactNativeJS(24508):   'messages/index',
04-13 12:26:39.015 W/ReactNativeJS(24508):   'onboarding',
04-13 12:26:39.015 W/ReactNativeJS(24508):   'tracking' ]
04-13 12:26:39.016 W/ReactNativeJS(24508): '[Layout children]: No route named "feedback" exists in nested children:', [ 'index',
04-13 12:26:39.016 W/ReactNativeJS(24508):   'more',
04-13 12:26:39.016 W/ReactNativeJS(24508):   'programs',
04-13 12:26:39.016 W/ReactNativeJS(24508):   'schedule',
04-13 12:26:39.016 W/ReactNativeJS(24508):   'messages/index',
04-13 12:26:39.016 W/ReactNativeJS(24508):   'onboarding',
04-13 12:26:39.016 W/ReactNativeJS(24508):   'tracking' ]
04-13 12:26:48.220 D/ConnectivityService( 1069): requestNetwork for uid/pid:10382/24508 activeRequest: null callbackRequest: 52934 [NetworkRequest [ REQUEST id=52935, [ Capabilities: INTERNET&NOT_RESTRICTED&TRUSTED&NOT_VCN_MANAGED&NOT_BANDWIDTH_CONSTRAINED Uid: 10382 RequestorUid: 10382 RequestorPkg: com.clientreachai.phperformance UnderlyingNetworks: Null] ]] callback flags: 0 order: 2147483647 isUidTracked: false declaredMethods: AVAIL|LOST|NC|LP
04-13 12:26:48.226 D/ConnectivityService( 1069):    accepting network in place of null for NetworkRequest [ REQUEST id=52935, [ Capabilities: INTERNET&NOT_RESTRICTED&TRUSTED&NOT_VCN_MANAGED&NOT_BANDWIDTH_CONSTRAINED Uid: 10382 RequestorUid: 10382 RequestorPkg: com.clientreachai.phperformance UnderlyingNetworks: Null] ]
04-13 12:26:48.233 D/OemPaidWifiNetworkFactory( 1069): got request NetworkRequest [ REQUEST id=52935, [ Capabilities: INTERNET&NOT_RESTRICTED&TRUSTED&NOT_VCN_MANAGED&NOT_BANDWIDTH_CONSTRAINED Uid: 10382 RequestorUid: 10382 RequestorPkg: com.clientreachai.phperformance UnderlyingNetworks: Null] ]
04-13 12:26:48.242 D/MultiInternetWifiNetworkFactory( 1069): got request NetworkRequest [ REQUEST id=52935, [ Capabilities: INTERNET&NOT_RESTRICTED&TRUSTED&NOT_VCN_MANAGED&NOT_BANDWIDTH_CONSTRAINED Uid: 10382 RequestorUid: 10382 RequestorPkg: com.clientreachai.phperformance UnderlyingNetworks: Null] ]
04-13 12:26:48.243 D/WifiNetworkFactory( 1069): got request NetworkRequest [ REQUEST id=52935, [ Capabilities: INTERNET&NOT_RESTRICTED&TRUSTED&NOT_VCN_MANAGED&NOT_BANDWIDTH_CONSTRAINED Uid: 10382 RequestorUid: 10382 RequestorPkg: com.clientreachai.phperformance UnderlyingNetworks: Null] ]
04-13 12:26:48.243 D/UntrustedWifiNetworkFactory( 1069): got request NetworkRequest [ REQUEST id=52935, [ Capabilities: INTERNET&NOT_RESTRICTED&TRUSTED&NOT_VCN_MANAGED&NOT_BANDWIDTH_CONSTRAINED Uid: 10382 RequestorUid: 10382 RequestorPkg: com.clientreachai.phperformance UnderlyingNetworks: Null] ]
04-13 12:26:48.291 I/ActivityManager( 1069): Start proc 25447:com.google.android.webview:sandboxed_process0:org.chromium.content.app.SandboxedProcessService0:1/u0i942 for  {com.clientreachai.phperformance/org.chromium.content.app.SandboxedProcessService0:1}
04-13 12:26:48.291 I/DynamicHiddenApp_BGProtectManager( 1069): check webview name : com.google.android.webview:sandboxed_process0:org.chromium.content.app.SandboxedProcessService0:1check hostingname webview : {com.clientreachai.phperformance/org.chromium.content.app.SandboxedProcessService0:1}
04-13 12:26:48.294 D/ActivityTaskManager( 1069): DesktopModeLaunchParamsModifier: task=Task{5a58054 #1241 type=standard A=10382:com.clientreachai.phperformance} activity=ActivityRecord{116741259 u0 com.google.android.permissioncontroller/com.android.permissioncontroller.permission.ui.GrantPermissionsActivity t-1} non-desktop, skipping
04-13 12:26:48.294 D/ActivityTaskManager( 1069): TaskLaunchParamsModifier:task=Task{5a58054 #1241 type=standard A=10382:com.clientreachai.phperformance} activity=ActivityRecord{116741259 u0 com.google.android.permissioncontroller/com.android.permissioncontroller.permission.ui.GrantPermissionsActivity t-1} display-area-from-source=DefaultTaskDisplayArea_d0@31585691 display-id=0 task-display-area-windowing-mode=1 suggested-display-area=DefaultTaskDisplayArea_d0@31585691 inherit-from-source=fullscreen non-freeform-task-display-area display-area=DefaultTaskDisplayArea_d0@31585691 activity-requested-portrait freeform-size-mismatch=Rect(81, 604 - 999, 1774)
04-13 12:26:48.294 D/ActivityTaskManager( 1069): DesktopModeLaunchParamsModifier: task=Task{5a58054 #1241 type=standard A=10382:com.clientreachai.phperformance} activity=ActivityRecord{116741259 u0 com.google.android.permissioncontroller/com.android.permissioncontroller.permission.ui.GrantPermissionsActivity t-1} non-desktop, skipping
04-13 12:26:48.295 D/ActivityTaskManager( 1069): TaskLaunchParamsModifier:task=Task{5a58054 #1241 type=standard A=10382:com.clientreachai.phperformance} activity=ActivityRecord{116741259 u0 com.google.android.permissioncontroller/com.android.permissioncontroller.permission.ui.GrantPermissionsActivity t-1} display-area-from-source=DefaultTaskDisplayArea_d0@31585691 display-id=0 task-display-area-windowing-mode=1 suggested-display-area=DefaultTaskDisplayArea_d0@31585691 inherit-from-source=fullscreen non-freeform-task-display-area display-area=DefaultTaskDisplayArea_d0@31585691 activity-requested-portrait freeform-size-mismatch=Rect(81, 604 - 999, 1774)
04-13 12:26:48.301 D/ActivityTaskManager( 1069): scheduleTopResumedActivityChanged, onTop=false, r=ActivityRecord{178144449 u0 com.clientreachai.phperformance/.MainActivity t1241}, caller=com.android.server.wm.ActivityTaskSupervisor.scheduleTopResumedActivityStateLossIfNeeded:19 com.android.server.wm.ActivityTaskSupervisor.updateTopResumedActivityIfNeeded:20 com.android.server.wm.TaskFragment.setResumedActivity:30 com.android.server.wm.ActivityRecord.setState:91 com.android.server.wm.TaskFragment.startPausing$1:209 com.android.server.wm.TaskFragment.resumeTopActivity:699 
04-13 12:26:48.302 V/WindowManager( 1069):    ChangeInfo{eed94bd container=Task{5a58054 #1241 type=standard A=10382:com.clientreachai.phperformance} flags=0x0}
04-13 12:26:48.304 V/WindowManagerShell( 1588): Transition requested (#15316): android.os.BinderProxy@e5e3dec TransitionRequestInfo { type = OPEN, triggerTask = TaskInfo{userId=0 taskId=1241 effectiveUid=10382 displayId=0 isRunning=true baseIntent=Intent { act=android.intent.action.MAIN cat=[android.intent.category.LAUNCHER] flg=0x34000000 pkg=com.clientreachai.phperformance cmp=com.clientreachai.phperformance/.MainActivity } baseActivity=ComponentInfo{com.clientreachai.phperformance/com.clientreachai.phperformance.MainActivity} topActivity=ComponentInfo{com.google.android.permissioncontroller/com.android.permissioncontroller.permission.ui.GrantPermissionsActivity} origActivity=null realActivity=ComponentInfo{com.clientreachai.phperformance/com.clientreachai.phperformance.MainActivity} numActivities=2 lastActiveTime=494052536 supportsMultiWindow=true resizeMode=1 isResizeable=true minWidth=-1 minHeight=-1 maxWidth=-1 maxHeight=-1 defaultMinSize=220 desktopDefaultMinSize=304 token=WCT{android.window.IWindowContainerToken$Stub$Proxy@58675b5} topActivityType=1 pictureInPictureParams=null shouldDockBigOverlays=false launchIntoPipHostTaskId=-1 lastParentTaskIdBeforePip=-1 displayCutoutSafeInsets=Rect(0, 0 - 0, 0) topActivityInfo=ActivityInfo{11b744a com.android.permissioncontroller.permission.ui.GrantPermissionsActivity} launchCookies=[] positionInParent=Point(0, 0) parentTaskId=-1 isFocused=true isVisible=true isVisibleRequested=true isTopActivityNoDisplay=false isSleeping=false locusId=null displayAreaFeatureId=1 isTopActivityTransparent=true isActivityStackTransparent=false lastNonFullscreenBounds=Rect(81, 604 - 999, 1774) capturedLink=null capturedLinkTimestamp=0 requestedVisibleTypes=-9 topActivityRequestOpenInBrowserEducationTimestamp=0 appCompatTaskInfo=AppCompatTaskInfo { topActivityInSizeCompat=false eligibleForLetterboxEducation= false isLetterboxEducationEnabled= false isLetterboxDoubleTapEnabled= false eligibleForUserAspectRatioButton= false topActivityBoundsLetterboxed= false isFromLetterboxDoubleTap= false topActivityLetterboxVerticalPosition= -1 topActivityLetterboxHorizontalPosition= -1 topActivityLetterboxWidth=-1 topActivityLetterboxHeight=-1 topActivityAppBounds=Rect(0, 0 - 1080, 2340) isUserFullscreenOverrideEnabled=false isSystemFullscreenOverrideEnabled=false hasMinAspectRatioOverride=false topActivityLetterboxBounds=null cameraCompatTaskInfo=CameraCompatTaskInfo { freeformCameraCompatMode=inactive} topActivityBounds=null topActivityInDisplayCompat=false singleTapFromLetterbox=false} topActivityMainWindowFrame=null originallySupportedMultiWindow=true hasWallpaper=false rootAffinity=10382:com.clientreachai.phperformance isTopTaskInStage=false CoverLauncherWidgetTask=false LaunchedFromAppsCoverLauncherTask=false LaunchedFromMultistarCoverLauncherTask=false isAllowedSeamlessRotation=false isTopTransparentActivity=false isAliasManaged=false hasConfigChanged=false snappingGuideBounds=null isAiKeyRemoveAppTask=false lastDesktopWindowingBounds=null lastExternalDesktopWindowingBounds=null safeCutoutInsets=null}, pipChange = null, remoteTransition = null, displayChange = null, flags = 0, debugId = 15316 }
04-13 12:26:48.321 D/SurfaceComposerClient( 1069): setCornerRadius ## c0abc8 com.clientreachai.phperformance/com.clientreachai.phperformance.MainActivity#224564 cornerRadius=0.000000
04-13 12:26:48.328 D/SGM:FgCheckThread( 1069): notePauseComponent(), received pkgName: com.clientreachai.phperformance, userId: 0
04-13 12:26:48.330 D/WindowManager( 1069): Changing focus from Window{c0abc8 u0 com.clientreachai.phperformance/com.clientreachai.phperformance.MainActivity} to null displayId=0 Callers=com.android.server.wm.ActivityTaskManagerService.setLastResumedActivityUncheckLocked:264 com.android.server.wm.ActivityTaskSupervisor.updateTopResumedActivityIfNeeded:51 com.android.server.wm.TaskFragment.setResumedActivity:30 com.android.server.wm.ActivityRecord.setState:100 
04-13 12:26:48.332 D/SurfaceComposerClient( 1069): setCornerRadius ## c0abc8 com.clientreachai.phperformance/com.clientreachai.phperformance.MainActivity#224564 cornerRadius=0.000000
04-13 12:26:48.349 D/SGM:GameManager( 1069): identifyForegroundApp. com.clientreachai.phperformance, mCurrentUserId: 0, callerUserId: 0
04-13 12:26:48.351 I/SettingManager_FLP( 2725): Location icon is enabled by com.clientreachai.phperformance(10382)
04-13 12:26:48.352 D/SGM:GameManager( 1069): identifyForegroundApp. com.clientreachai.phperformance, mCurrentUserId: 0, callerUserId: 0
04-13 12:26:48.354 D/LocationManagerService( 1069): gps provider added registration from 10247/com.google.android.gms[fused_location_provider]/CBED5EB1 -> Request[@+1s0ms HIGH_ACCURACY, minUpdateInterval=0, hiddenFromAppOps, WorkSource{10382 com.clientreachai.phperformance}]
04-13 12:26:48.355 D/LocationManagerService( 1069): gps provider request changed to ProviderRequest[@+1s0ms, HIGH_ACCURACY, WorkSource{10382 com.clientreachai.phperformance}]
04-13 12:26:48.356 D/GnssLocationProvider( 1069): setRequest ProviderRequest[@+1s0ms, HIGH_ACCURACY, WorkSource{10382 com.clientreachai.phperformance}]
04-13 12:26:48.374 D/SurfaceComposerClient( 1069): setCornerRadius ## c0abc8 com.clientreachai.phperformance/com.clientreachai.phperformance.MainActivity#224564 cornerRadius=0.000000
04-13 12:26:48.374 D/SurfaceComposerClient( 1069): setCornerRadius ## c0abc8 com.clientreachai.phperformance/com.clientreachai.phperformance.MainActivity#224564 cornerRadius=0.000000
04-13 12:26:48.377 D/InputDispatcher( 1069): Focus left window (0): c0abc8 com.clientreachai.phperformance/com.clientreachai.phperformance.MainActivity
04-13 12:26:48.380 D/WindowManager( 1069): updateSystemBarAttributes: displayId=0, focusedCanBeNavColorWin=false, win=Window{a20855e u0 com.google.android.permissioncontroller/com.android.permissioncontroller.permission.ui.GrantPermissionsActivity}, navColorWin=Window{c0abc8 u0 com.clientreachai.phperformance/com.clientreachai.phperformance.MainActivity}, caller=com.android.server.wm.WindowManagerService.updateFocusedWindowLocked:372 com.android.server.wm.WindowManagerService.relayoutWindow:1366 com.android.server.wm.Session.relayout:27 
04-13 12:26:48.409 D/SurfaceComposerClient( 1069): setCornerRadius ## c0abc8 com.clientreachai.phperformance/com.clientreachai.phperformance.MainActivity#224564 cornerRadius=0.000000
04-13 12:26:48.410 D/SurfaceComposerClient( 1069): setCornerRadius ## c0abc8 com.clientreachai.phperformance/com.clientreachai.phperformance.MainActivity#224564 cornerRadius=0.000000
04-13 12:26:48.411 D/ChangeTransitionController( 1069):    ChangeInfo{eed94bd container=Task{5a58054 #1241 type=standard A=10382:com.clientreachai.phperformance} flags=0x0}
04-13 12:26:48.414 D/SurfaceComposerClient( 1069): setCornerRadius ## c0abc8 com.clientreachai.phperformance/com.clientreachai.phperformance.MainActivity#224564 cornerRadius=0.000000
04-13 12:26:48.415 D/SurfaceComposerClient( 1069): setCornerRadius ## c0abc8 com.clientreachai.phperformance/com.clientreachai.phperformance.MainActivity#224564 cornerRadius=0.000000
04-13 12:26:48.423 V/WindowManager( 1069):    ChangeInfo{eed94bd container=Task{5a58054 #1241 type=standard A=10382:com.clientreachai.phperformance} flags=0x0}
04-13 12:26:48.426 D/ChangeTransitionController( 1069):    ChangeInfo{eed94bd container=Task{5a58054 #1241 type=standard A=10382:com.clientreachai.phperformance} flags=0x0}
04-13 12:26:48.434 D/SurfaceComposerClient( 1069): setCornerRadius ## c0abc8 com.clientreachai.phperformance/com.clientreachai.phperformance.MainActivity#224564 cornerRadius=0.000000
04-13 12:26:48.436 D/InputDispatcher( 1069): Focused application(0): ActivityRecord{178144449 u0 com.clientreachai.phperformance/.MainActivity t1241}
04-13 12:26:48.437 D/WindowManager( 1069): Changing focus from Window{a20855e u0 com.google.android.permissioncontroller/com.android.permissioncontroller.permission.ui.GrantPermissionsActivity} to Window{c0abc8 u0 com.clientreachai.phperformance/com.clientreachai.phperformance.MainActivity} displayId=0 Callers=com.android.server.wm.ActivityTaskManagerService.setLastResumedActivityUncheckLocked:264 com.android.server.wm.ActivityTaskSupervisor.updateTopResumedActivityIfNeeded:51 com.android.server.wm.TaskFragment.setResumedActivity:30 com.android.server.wm.ActivityRecord.setState:100 
04-13 12:26:48.438 D/InsetsSourceProvider( 1069): updateControlForTarget: control=InsetsSourceControl: {5550000 mType=statusBars initiallyVisible mSurfacePosition=Point(0, 0) mInsetsHint=Insets{left=0, top=80, right=0, bottom=0}}, target=Window{c0abc8 u0 com.clientreachai.phperformance/com.clientreachai.phperformance.MainActivity}, from=com.android.server.wm.InsetsStateController.onControlTargetChanged:83 com.android.server.wm.InsetsPolicy.updateBarControlTarget:212 com.android.server.wm.DisplayPolicy.updateSystemBarAttributes:262 com.android.server.wm.WindowManagerService.updateFocusedWindowLocked:372 com.android.server.wm.ActivityTaskManagerService.setLastResumedActivityUncheckLocked:264 
04-13 12:26:48.440 D/InsetsSourceProvider( 1069): updateControlForTarget: control=InsetsSourceControl: {8aec0001 mType=navigationBars initiallyVisible mSurfacePosition=Point(0, 2205) mInsetsHint=Insets{left=0, top=0, right=0, bottom=42}}, target=Window{c0abc8 u0 com.clientreachai.phperformance/com.clientreachai.phperformance.MainActivity}, from=com.android.server.wm.InsetsStateController.onControlTargetChanged:83 com.android.server.wm.InsetsPolicy.updateBarControlTarget:225 com.android.server.wm.DisplayPolicy.updateSystemBarAttributes:262 com.android.server.wm.WindowManagerService.updateFocusedWindowLocked:372 com.android.server.wm.ActivityTaskManagerService.setLastResumedActivityUncheckLocked:264 
04-13 12:26:48.440 D/WindowManager( 1069): updateSystemBarAttributes: displayId=0, focusedCanBeNavColorWin=false, win=Window{c0abc8 u0 com.clientreachai.phperformance/com.clientreachai.phperformance.MainActivity}, navColorWin=Window{a20855e u0 com.google.android.permissioncontroller/com.android.permissioncontroller.permission.ui.GrantPermissionsActivity}, caller=com.android.server.wm.WindowManagerService.updateFocusedWindowLocked:372 com.android.server.wm.ActivityTaskManagerService.setLastResumedActivityUncheckLocked:264 com.android.server.wm.ActivityTaskSupervisor.updateTopResumedActivityIfNeeded:51 
04-13 12:26:48.440 V/SystemKeyManager( 1069): updateFocusedWindow() is called, com.clientreachai.phperformance/com.clientreachai.phperformance.MainActivity
04-13 12:26:48.440 I/SystemKeyManager( 1069): requested systemKeyInfo size=1 focusedWindow=com.clientreachai.phperformance/com.clientreachai.phperformance.MainActivity
04-13 12:26:48.440 I/SystemKeyManager( 1069): requested systemKeyInfo size=3 focusedWindow=com.clientreachai.phperformance/com.clientreachai.phperformance.MainActivity
04-13 12:26:48.441 D/ActivityTaskManager( 1069): scheduleTopResumedActivityChanged, onTop=true, r=ActivityRecord{178144449 u0 com.clientreachai.phperformance/.MainActivity t1241}, caller=com.android.server.wm.ActivityTaskSupervisor.scheduleTopResumedActivityStateIfNeeded:18 com.android.server.wm.ActivityTaskSupervisor.updateTopResumedActivityIfNeeded:54 com.android.server.wm.TaskFragment.setResumedActivity:30 com.android.server.wm.ActivityRecord.setState:100 com.android.server.wm.TaskFragment.resumeTopActivity:1705 com.android.server.wm.Task.resumeTopActivityInnerLocked:138 
04-13 12:26:48.442 D/SurfaceComposerClient( 1069): setCornerRadius ## c0abc8 com.clientreachai.phperformance/com.clientreachai.phperformance.MainActivity#224564 cornerRadius=0.000000
04-13 12:26:48.443 D/SurfaceComposerClient( 1069): setCornerRadius ## c0abc8 com.clientreachai.phperformance/com.clientreachai.phperformance.MainActivity#224564 cornerRadius=0.000000
04-13 12:26:48.443 D/SurfaceFlinger(  865):        DEVICE |          105261058490371 | 00002102 | RGBA_8888    |    0.0    0.0 1080.0 2340.0 |    0    0 1080 2340 | com.clientreachai.phperformance/com.[...]rformance.MainActivity$_24508#224565 (1285)
04-13 12:26:48.451 D/ActivityTaskManager( 1069): DesktopModeLaunchParamsModifier: task=Task{5a58054 #1241 type=standard A=10382:com.clientreachai.phperformance} activity=ActivityRecord{26117865 u0 com.google.android.permissioncontroller/com.android.permissioncontroller.permission.ui.GrantPermissionsActivity t-1} non-desktop, skipping
04-13 12:26:48.451 D/ActivityTaskManager( 1069): TaskLaunchParamsModifier:task=Task{5a58054 #1241 type=standard A=10382:com.clientreachai.phperformance} activity=ActivityRecord{26117865 u0 com.google.android.permissioncontroller/com.android.permissioncontroller.permission.ui.GrantPermissionsActivity t-1} display-area-from-source=DefaultTaskDisplayArea_d0@31585691 display-id=0 task-display-area-windowing-mode=1 suggested-display-area=DefaultTaskDisplayArea_d0@31585691 inherit-from-source=fullscreen non-freeform-task-display-area display-area=DefaultTaskDisplayArea_d0@31585691 activity-requested-portrait freeform-size-mismatch=Rect(81, 604 - 999, 1774)
04-13 12:26:48.452 D/ActivityTaskManager( 1069): DesktopModeLaunchParamsModifier: task=Task{5a58054 #1241 type=standard A=10382:com.clientreachai.phperformance} activity=ActivityRecord{26117865 u0 com.google.android.permissioncontroller/com.android.permissioncontroller.permission.ui.GrantPermissionsActivity t-1} non-desktop, skipping
04-13 12:26:48.452 D/ActivityTaskManager( 1069): TaskLaunchParamsModifier:task=Task{5a58054 #1241 type=standard A=10382:com.clientreachai.phperformance} activity=ActivityRecord{26117865 u0 com.google.android.permissioncontroller/com.android.permissioncontroller.permission.ui.GrantPermissionsActivity t-1} display-area-from-source=DefaultTaskDisplayArea_d0@31585691 display-id=0 task-display-area-windowing-mode=1 suggested-display-area=DefaultTaskDisplayArea_d0@31585691 inherit-from-source=fullscreen non-freeform-task-display-area display-area=DefaultTaskDisplayArea_d0@31585691 activity-requested-portrait freeform-size-mismatch=Rect(81, 604 - 999, 1774)
04-13 12:26:48.455 D/ActivityTaskManager( 1069): scheduleTopResumedActivityChanged, onTop=false, r=ActivityRecord{178144449 u0 com.clientreachai.phperformance/.MainActivity t1241}, caller=com.android.server.wm.ActivityTaskSupervisor.scheduleTopResumedActivityStateLossIfNeeded:19 com.android.server.wm.ActivityTaskSupervisor.updateTopResumedActivityIfNeeded:20 com.android.server.wm.TaskFragment.setResumedActivity:30 com.android.server.wm.ActivityRecord.setState:91 com.android.server.wm.TaskFragment.startPausing$1:209 com.android.server.wm.TaskFragment.resumeTopActivity:699 
04-13 12:26:48.473 V/WindowManager( 1069): Sent Transition (#15316) createdAt=04-13 12:26:48.293 via request=TransitionRequestInfo { type = OPEN, triggerTask = TaskInfo{userId=0 taskId=1241 effectiveUid=10382 displayId=0 isRunning=true baseIntent=Intent { act=android.intent.action.MAIN cat=[android.intent.category.LAUNCHER] flg=0x34000000 pkg=com.clientreachai.phperformance cmp=com.clientreachai.phperformance/.MainActivity } baseActivity=ComponentInfo{com.clientreachai.phperformance/com.clientreachai.phperformance.MainActivity} topActivity=ComponentInfo{com.google.android.permissioncontroller/com.android.permissioncontroller.permission.ui.GrantPermissionsActivity} origActivity=null realActivity=ComponentInfo{com.clientreachai.phperformance/com.clientreachai.phperformance.MainActivity} numActivities=2 lastActiveTime=494052536 supportsMultiWindow=true resizeMode=1 isResizeable=true minWidth=-1 minHeight=-1 maxWidth=-1 maxHeight=-1 defaultMinSize=220 desktopDefaultMinSize=304 token=WCT{RemoteToken{f663bb4 Task{5a58054 #1241 type=standard A=10382:com.clientreachai.phperformance}}} topActivityType=1 pictureInPictureParams=null shouldDockBigOverlays=false launchIntoPipHostTaskId=-1 lastParentTaskIdBeforePip=-1 displayCutoutSafeInsets=Rect(0, 0 - 0, 0) topActivityInfo=ActivityInfo{e3ce1b com.android.permissioncontroller.permission.ui.GrantPermissionsActivity} launchCookies=[] positionInParent=Point(0, 0) parentTaskId=-1 isFocused=true isVisible=true isVisibleRequested=true isTopActivityNoDisplay=false isSleeping=false locusId=null displayAreaFeatureId=1 isTopActivityTransparent=true isActivityStackTransparent=false lastNonFullscreenBounds=Rect(81, 604 - 999, 1774) capturedLink=null capturedLinkTimestamp=0 requestedVisibleTypes=-9 topActivityRequestOpenInBrowserEducationTimestamp=0 appCompatTaskInfo=AppCompatTaskInfo { topActivityInSizeCompat=false eligibleForLetterboxEducation= false isLetterboxEducationEnabled= false isLetterboxDoubleTapEnabled= false eligibleForUserAspectRatioButton= false topActivityBoundsLetterboxed= false isFromLetterboxDoubleTap= false topActivityLetterboxVerticalPosition= -1 topActivityLetterboxHorizontalPosition= -1 topActivityLetterboxWidth=-1 topActivityLetterboxHeight=-1 topActivityAppBounds=Rect(0, 0 - 1080, 2340) isUserFullscreenOverrideEnabled=false isSystemFullscreenOverrideEnabled=false hasMinAspectRatioOverride=false topActivityLetterboxBounds=null cameraCompatTaskInfo=CameraCompatTaskInfo { freeformCameraCompatMode=inactive} topActivityBounds=null topActivityInDisplayCompat=false singleTapFromLetterbox=false} topActivityMainWindowFrame=null originallySupportedMultiWindow=true hasWallpaper=false rootAffinity=10382:com.clientreachai.phperformance isTopTaskInStage=false CoverLauncherWidgetTask=false LaunchedFromAppsCoverLauncherTask=false LaunchedFromMultistarCoverLauncherTask=false isAllowedSeamlessRotation=false isTopTransparentActivity=false isAliasManaged=false hasConfigChanged=false snappingGuideBounds=null isAiKeyRemoveAppTask=false lastDesktopWindowingBounds=null lastExternalDesktopWindowingBounds=null safeCutoutInsets=null}, pipChange = null, remoteTransition = null, displayChange = null, flags = 0, debugId = 15316 }
04-13 12:26:48.476 D/SGM:FgCheckThread( 1069): noteResumeComponent(), received pkgName: com.clientreachai.phperformance, userId: 0
04-13 12:26:48.479 D/SGM:FgCheckThread( 1069): onLooperPrepared(), msg: MSG_APP_RESUME, pkgName: com.clientreachai.phperformance, userid: 0
04-13 12:26:48.479 I/SDHMS:k ( 4646): handleResumeComponent : put = com.clientreachai.phperformance, userid = 0 instanceid =50711289
04-13 12:26:48.495 I/SurfaceFlinger(  865): [LayerHierarchy{RequestedLayerState{ImeContainer#15 parentId=224554 relativeParentId=224564 z=1} 1 children}] RelativeParent to LayerHierarchy{RequestedLayerState{c0abc8 com.clientreachai.phperformance/com.clientreachai.phperformance.MainActivity#224564 parentId=224554} 2 children}
04-13 12:26:48.496 D/SurfaceComposerClient( 1069): setCornerRadius ## c0abc8 com.clientreachai.phperformance/com.clientreachai.phperformance.MainActivity#224564 cornerRadius=0.000000
04-13 12:26:48.501 I/HoneySpace.EdgePanel.EdgePanelContainerViewModel( 2040): cocktailHostRepository.edgePanelOperation NoteResumeComponent(componentName=ComponentInfo{com.clientreachai.phperformance/com.clientreachai.phperformance.MainActivity})
04-13 12:26:48.501 I/HoneySpace.EdgePanel.ActivityUtils( 2040): HomePackage : com.sec.android.app.launcher, resumePackageName : com.clientreachai.phperformance, className : com.clientreachai.phperformance.MainActivity
04-13 12:26:48.509 D/WindowManager( 1069): Changing focus from Window{c0abc8 u0 com.clientreachai.phperformance/com.clientreachai.phperformance.MainActivity} to null displayId=0 Callers=com.android.server.wm.ActivityTaskManagerService.setLastResumedActivityUncheckLocked:264 com.android.server.wm.ActivityTaskSupervisor.updateTopResumedActivityIfNeeded:51 com.android.server.wm.TaskFragment.setResumedActivity:30 com.android.server.wm.ActivityRecord.setState:100 
04-13 12:26:48.515 D/SurfaceComposerClient( 1069): setCornerRadius ## c0abc8 com.clientreachai.phperformance/com.clientreachai.phperformance.MainActivity#224564 cornerRadius=0.000000
04-13 12:26:48.519 I/InsetsSourceConsumer(24508): applyRequestedVisibilityToControl: visible=true, type=statusBars, host=com.clientreachai.phperformance/com.clientreachai.phperformance.MainActivity
04-13 12:26:48.519 I/InsetsSourceConsumer(24508): applyRequestedVisibilityToControl: visible=true, type=navigationBars, host=com.clientreachai.phperformance/com.clientreachai.phperformance.MainActivity
04-13 12:26:48.525 D/SurfaceFlinger(  865): [input] setFocusedWindow: c0abc8 com.clientreachai.phperformance/com.clientreachai.phperformance.MainActivity
04-13 12:26:48.530 D/InputDispatcher( 1069): Once focus requested (0): c0abc8 com.clientreachai.phperformance/com.clientreachai.phperformance.MainActivity
04-13 12:26:48.530 D/InputDispatcher( 1069): Focus entered window (0): c0abc8 com.clientreachai.phperformance/com.clientreachai.phperformance.MainActivity
04-13 12:26:48.547 D/SurfaceComposerClient( 1069): setCornerRadius ## c0abc8 com.clientreachai.phperformance/com.clientreachai.phperformance.MainActivity#224564 cornerRadius=0.000000
04-13 12:26:48.550 D/InputDispatcher( 1069): Focused application(0): ActivityRecord{178144449 u0 com.clientreachai.phperformance/.MainActivity t1241}
04-13 12:26:48.550 D/WindowManager( 1069): Changing focus from null to Window{c0abc8 u0 com.clientreachai.phperformance/com.clientreachai.phperformance.MainActivity} displayId=0 Callers=com.android.server.wm.ActivityTaskManagerService.setLastResumedActivityUncheckLocked:264 com.android.server.wm.ActivityTaskSupervisor.updateTopResumedActivityIfNeeded:51 com.android.server.wm.TaskFragment.setResumedActivity:30 com.android.server.wm.ActivityRecord.setState:100 
04-13 12:26:48.551 V/SystemKeyManager( 1069): updateFocusedWindow() is called, com.clientreachai.phperformance/com.clientreachai.phperformance.MainActivity
04-13 12:26:48.551 I/SystemKeyManager( 1069): requested systemKeyInfo size=1 focusedWindow=com.clientreachai.phperformance/com.clientreachai.phperformance.MainActivity
04-13 12:26:48.551 I/SystemKeyManager( 1069): requested systemKeyInfo size=3 focusedWindow=com.clientreachai.phperformance/com.clientreachai.phperformance.MainActivity
04-13 12:26:48.551 D/ActivityTaskManager( 1069): scheduleTopResumedActivityChanged, onTop=true, r=ActivityRecord{178144449 u0 com.clientreachai.phperformance/.MainActivity t1241}, caller=com.android.server.wm.ActivityTaskSupervisor.scheduleTopResumedActivityStateIfNeeded:18 com.android.server.wm.ActivityTaskSupervisor.updateTopResumedActivityIfNeeded:54 com.android.server.wm.TaskFragment.setResumedActivity:30 com.android.server.wm.ActivityRecord.setState:100 com.android.server.wm.TaskFragment.resumeTopActivity:1705 com.android.server.wm.Task.resumeTopActivityInnerLocked:138 
04-13 12:26:48.553 D/SurfaceComposerClient( 1069): setCornerRadius ## c0abc8 com.clientreachai.phperformance/com.clientreachai.phperformance.MainActivity#224564 cornerRadius=0.000000
04-13 12:26:48.554 D/ChangeTransitionController( 1069):    ChangeInfo{86076d7 container=Task{5a58054 #1241 type=standard A=10382:com.clientreachai.phperformance} flags=0x0}
04-13 12:26:48.555 D/InputDispatcher( 1069): Focus left window (0): c0abc8 com.clientreachai.phperformance/com.clientreachai.phperformance.MainActivity
04-13 12:26:48.561 D/SGM:FgCheckThread( 1069): notePauseComponent(), received pkgName: com.clientreachai.phperformance, userId: 0
04-13 12:26:48.564 D/SurfaceComposerClient( 1069): setCornerRadius ## c0abc8 com.clientreachai.phperformance/com.clientreachai.phperformance.MainActivity#224564 cornerRadius=0.000000
04-13 12:26:48.573 V/WindowManager( 1069):    ChangeInfo{86076d7 container=Task{5a58054 #1241 type=standard A=10382:com.clientreachai.phperformance} flags=0x0}
04-13 12:26:48.575 D/SurfaceFlinger(  865):        DEVICE |          105261058490368 | 00002102 | RGBA_8888    |    0.0    0.0 1080.0 2340.0 |    0    0 1080 2340 | com.clientreachai.phperformance/com.[...]rformance.MainActivity$_24508#224565 (1292)
04-13 12:26:48.576 D/ChangeTransitionController( 1069):    ChangeInfo{86076d7 container=Task{5a58054 #1241 type=standard A=10382:com.clientreachai.phperformance} flags=0x0}
04-13 12:26:48.581 D/SurfaceComposerClient( 1069): setCornerRadius ## c0abc8 com.clientreachai.phperformance/com.clientreachai.phperformance.MainActivity#224564 cornerRadius=0.000000
04-13 12:26:48.582 D/SurfaceComposerClient( 1069): setCornerRadius ## c0abc8 com.clientreachai.phperformance/com.clientreachai.phperformance.MainActivity#224564 cornerRadius=0.000000
04-13 12:26:48.608 D/SurfaceFlinger(  865): [input] setFocusedWindow: c0abc8 com.clientreachai.phperformance/com.clientreachai.phperformance.MainActivity
04-13 12:26:48.609 D/InputDispatcher( 1069): Once focus requested (0): c0abc8 com.clientreachai.phperformance/com.clientreachai.phperformance.MainActivity
04-13 12:26:48.609 D/InputDispatcher( 1069): Focus entered window (0): c0abc8 com.clientreachai.phperformance/com.clientreachai.phperformance.MainActivity
04-13 12:26:48.615 I/ImeTracker( 1069): com.clientreachai.phperformance:61b3c0b1: onRequestHide at ORIGIN_SERVER reason HIDE_SAME_WINDOW_FOCUSED_WITHOUT_EDITOR fromUser false
04-13 12:26:48.616 D/SurfaceComposerClient( 1069): setCornerRadius ## c0abc8 com.clientreachai.phperformance/com.clientreachai.phperformance.MainActivity#224564 cornerRadius=0.000000
04-13 12:26:48.619 I/ImeTracker(24508): com.clientreachai.phperformance:61b3c0b1: onCancelled at PHASE_CLIENT_ALREADY_HIDDEN
04-13 12:26:48.624 D/SurfaceComposerClient( 1069): setCornerRadius ## c0abc8 com.clientreachai.phperformance/com.clientreachai.phperformance.MainActivity#224564 cornerRadius=0.000000
04-13 12:26:48.625 D/SurfaceComposerClient( 1069): setCornerRadius ## c0abc8 com.clientreachai.phperformance/com.clientreachai.phperformance.MainActivity#224564 cornerRadius=0.000000
04-13 12:26:48.638 I/HBD     (30442): b [AiWriter] setContact : com.clientreachai.phperformance
04-13 12:26:48.646 D/SGM:FgCheckThread( 1069): noteResumeComponent(), received pkgName: com.clientreachai.phperformance, userId: 0
04-13 12:26:48.652 D/SGM:FgCheckThread( 1069): onLooperPrepared(), msg: MSG_APP_RESUME, pkgName: com.clientreachai.phperformance, userid: 0
04-13 12:26:48.652 I/SDHMS:k ( 4646): handleResumeComponent : put = com.clientreachai.phperformance, userid = 0 instanceid =50711289
04-13 12:26:48.655 I/HoneySpace.EdgePanel.EdgePanelContainerViewModel( 2040): cocktailHostRepository.edgePanelOperation NoteResumeComponent(componentName=ComponentInfo{com.clientreachai.phperformance/com.clientreachai.phperformance.MainActivity})
04-13 12:26:48.656 I/HoneySpace.EdgePanel.ActivityUtils( 2040): HomePackage : com.sec.android.app.launcher, resumePackageName : com.clientreachai.phperformance, className : com.clientreachai.phperformance.MainActivity
04-13 12:26:48.700 D/SGM:GameManager( 1069): identifyForegroundApp. com.clientreachai.phperformance, mCurrentUserId: 0, callerUserId: 0
04-13 12:26:48.702 D/SGM:FgCheckThread( 1069): getForegroundApp(), foregroundPkgName=com.clientreachai.phperformance
04-13 12:26:48.703 D/SGM:GameManager( 1069): identifyForegroundApp. com.clientreachai.phperformance, mCurrentUserId: 0, callerUserId: 0
04-13 12:26:48.703 D/SGM:FgCheckThread( 1069): noteStopComponent(), received pkgName: com.google.android.permissioncontroller, focusedPkgName: com.clientreachai.phperformance, userId: 0
04-13 12:26:48.706 D/SGM:FgCheckThread( 1069): getForegroundApp(), foregroundPkgName=com.clientreachai.phperformance
04-13 12:26:48.707 D/SGM:FgCheckThread( 1069): noteStopComponent(), received pkgName: com.google.android.permissioncontroller, focusedPkgName: com.clientreachai.phperformance, userId: 0
04-13 12:26:48.713 D/SurfaceComposerClient( 1069): setCornerRadius ## c0abc8 com.clientreachai.phperformance/com.clientreachai.phperformance.MainActivity#224564 cornerRadius=0.000000
04-13 12:26:48.797 W/ReactNativeJS(24508): '[Layout children]: No route named "active-run" exists in nested children:', [ 'index',
04-13 12:26:48.797 W/ReactNativeJS(24508):   'more',
04-13 12:26:48.797 W/ReactNativeJS(24508):   'programs',
04-13 12:26:48.797 W/ReactNativeJS(24508):   'schedule',
04-13 12:26:48.797 W/ReactNativeJS(24508):   'messages/index',
04-13 12:26:48.797 W/ReactNativeJS(24508):   'onboarding',
04-13 12:26:48.797 W/ReactNativeJS(24508):   'tracking' ]
04-13 12:26:48.803 W/ReactNativeJS(24508): '[Layout children]: No route named "summary" exists in nested children:', [ 'index',
04-13 12:26:48.803 W/ReactNativeJS(24508):   'more',
04-13 12:26:48.803 W/ReactNativeJS(24508):   'programs',
04-13 12:26:48.803 W/ReactNativeJS(24508):   'schedule',
04-13 12:26:48.803 W/ReactNativeJS(24508):   'messages/index',
04-13 12:26:48.803 W/ReactNativeJS(24508):   'onboarding',
04-13 12:26:48.803 W/ReactNativeJS(24508):   'tracking' ]
04-13 12:26:48.803 W/ReactNativeJS(24508): '[Layout children]: No route named "feedback" exists in nested children:', [ 'index',
04-13 12:26:48.803 W/ReactNativeJS(24508):   'more',
04-13 12:26:48.803 W/ReactNativeJS(24508):   'programs',
04-13 12:26:48.803 W/ReactNativeJS(24508):   'schedule',
04-13 12:26:48.803 W/ReactNativeJS(24508):   'messages/index',
04-13 12:26:48.803 W/ReactNativeJS(24508):   'onboarding',
04-13 12:26:48.803 W/ReactNativeJS(24508):   'tracking' ]
04-13 12:26:48.829 D/MdnieScenarioControlService( 1069):  packageName : com.clientreachai.phperformance    className : com.clientreachai.phperformance.MainActivity
04-13 12:26:48.981 W/ReactNativeJS(24508): '[Layout children]: No route named "active-run" exists in nested children:', [ 'index',
04-13 12:26:48.981 W/ReactNativeJS(24508):   'more',
04-13 12:26:48.981 W/ReactNativeJS(24508):   'programs',
04-13 12:26:48.981 W/ReactNativeJS(24508):   'schedule',
04-13 12:26:48.981 W/ReactNativeJS(24508):   'messages/index',
04-13 12:26:48.981 W/ReactNativeJS(24508):   'onboarding',
04-13 12:26:48.981 W/ReactNativeJS(24508):   'tracking' ]
04-13 12:26:48.981 W/ReactNativeJS(24508): '[Layout children]: No route named "summary" exists in nested children:', [ 'index',
04-13 12:26:48.981 W/ReactNativeJS(24508):   'more',
04-13 12:26:48.981 W/ReactNativeJS(24508):   'programs',
04-13 12:26:48.981 W/ReactNativeJS(24508):   'schedule',
04-13 12:26:48.981 W/ReactNativeJS(24508):   'messages/index',
04-13 12:26:48.981 W/ReactNativeJS(24508):   'onboarding',
04-13 12:26:48.981 W/ReactNativeJS(24508):   'tracking' ]
04-13 12:26:48.982 W/ReactNativeJS(24508): '[Layout children]: No route named "feedback" exists in nested children:', [ 'index',
04-13 12:26:48.982 W/ReactNativeJS(24508):   'more',
04-13 12:26:48.982 W/ReactNativeJS(24508):   'programs',
04-13 12:26:48.982 W/ReactNativeJS(24508):   'schedule',
04-13 12:26:48.982 W/ReactNativeJS(24508):   'messages/index',
04-13 12:26:48.982 W/ReactNativeJS(24508):   'onboarding',
04-13 12:26:48.982 W/ReactNativeJS(24508):   'tracking' ]
04-13 12:26:49.131 D/SGM:GameManager( 1069): identifyForegroundApp. com.clientreachai.phperformance, mCurrentUserId: 0, callerUserId: 0
04-13 12:26:49.148 W/ReactNativeJS(24508): '[Layout children]: No route named "active-run" exists in nested children:', [ 'index',
04-13 12:26:49.148 W/ReactNativeJS(24508):   'more',
04-13 12:26:49.148 W/ReactNativeJS(24508):   'programs',
04-13 12:26:49.148 W/ReactNativeJS(24508):   'schedule',
04-13 12:26:49.148 W/ReactNativeJS(24508):   'messages/index',
04-13 12:26:49.148 W/ReactNativeJS(24508):   'onboarding',
04-13 12:26:49.148 W/ReactNativeJS(24508):   'tracking' ]
04-13 12:26:49.148 W/ReactNativeJS(24508): '[Layout children]: No route named "summary" exists in nested children:', [ 'index',
04-13 12:26:49.148 W/ReactNativeJS(24508):   'more',
04-13 12:26:49.148 W/ReactNativeJS(24508):   'programs',
04-13 12:26:49.148 W/ReactNativeJS(24508):   'schedule',
04-13 12:26:49.148 W/ReactNativeJS(24508):   'messages/index',
04-13 12:26:49.148 W/ReactNativeJS(24508):   'onboarding',
04-13 12:26:49.148 W/ReactNativeJS(24508):   'tracking' ]
04-13 12:26:49.148 W/ReactNativeJS(24508): '[Layout children]: No route named "feedback" exists in nested children:', [ 'index',
04-13 12:26:49.148 W/ReactNativeJS(24508):   'more',
04-13 12:26:49.148 W/ReactNativeJS(24508):   'programs',
04-13 12:26:49.148 W/ReactNativeJS(24508):   'schedule',
04-13 12:26:49.148 W/ReactNativeJS(24508):   'messages/index',
04-13 12:26:49.148 W/ReactNativeJS(24508):   'onboarding',
04-13 12:26:49.148 W/ReactNativeJS(24508):   'tracking' ]
04-13 12:26:49.307 W/ReactNativeJS(24508): '[Layout children]: No route named "active-run" exists in nested children:', [ 'index',
04-13 12:26:49.307 W/ReactNativeJS(24508):   'more',
04-13 12:26:49.307 W/ReactNativeJS(24508):   'programs',
04-13 12:26:49.307 W/ReactNativeJS(24508):   'schedule',
04-13 12:26:49.307 W/ReactNativeJS(24508):   'messages/index',
04-13 12:26:49.307 W/ReactNativeJS(24508):   'onboarding',
04-13 12:26:49.307 W/ReactNativeJS(24508):   'tracking' ]
04-13 12:26:49.307 W/ReactNativeJS(24508): '[Layout children]: No route named "summary" exists in nested children:', [ 'index',
04-13 12:26:49.307 W/ReactNativeJS(24508):   'more',
04-13 12:26:49.307 W/ReactNativeJS(24508):   'programs',
04-13 12:26:49.307 W/ReactNativeJS(24508):   'schedule',
04-13 12:26:49.307 W/ReactNativeJS(24508):   'messages/index',
04-13 12:26:49.307 W/ReactNativeJS(24508):   'onboarding',
04-13 12:26:49.307 W/ReactNativeJS(24508):   'tracking' ]
04-13 12:26:49.307 W/ReactNativeJS(24508): '[Layout children]: No route named "feedback" exists in nested children:', [ 'index',
04-13 12:26:49.307 W/ReactNativeJS(24508):   'more',
04-13 12:26:49.307 W/ReactNativeJS(24508):   'programs',
04-13 12:26:49.307 W/ReactNativeJS(24508):   'schedule',
04-13 12:26:49.307 W/ReactNativeJS(24508):   'messages/index',
04-13 12:26:49.307 W/ReactNativeJS(24508):   'onboarding',
