04-13 12:25:42.990 I/artd    (24091): Opened FDs: 7:/data/app/~~Zboo6mjpNjZvBf17KnCP6A==/com.clientreachai.phperformance-Mw1eDAK9MhPJY-XSIMS47Q==/base.apk 8:/data/app/~~Zboo6mjpNjZvBf17KnCP6A==/com.clientreachai.phperformance-Mw1eDAK9MhPJY-XSIMS47Q==/oat/arm64/base.odex.BWvTTX.tmp 9:/data/app/~~Zboo6mjpNjZvBf17KnCP6A==/com.clientreachai.phperformance-Mw1eDAK9MhPJY-XSIMS47Q==/oat/arm64/base.vdex.kEZONS.tmp 10:/data/app/~~Zboo6mjpNjZvBf17KnCP6A==/com.clientreachai.phperformance-Mw1eDAK9MhPJY-XSIMS47Q==/oat/arm64/base.odex.swap.VzzQdv.tmp 11:/system_ext/framework/androidx.window.sidecar.jar 12:/system_ext/framework/androidx.window.extensions.jar 13:/system/framework/sec_camerax_impl.jar 14:/system/framework/org.apache.http.legacy.jar 
04-13 12:25:43.393 I/dex2oat32(24095): /apex/com.android.art/bin/dex2oat32 --output-vdex-fd=9 --class-loader-context-fds=11:12:13:14 --class-loader-context=PCL[]{PCL[/system/framework/org.apache.http.legacy.jar]#PCL[/system/framework/sec_camerax_impl.jar]#PCL[/system_ext/framework/androidx.window.extensions.jar]#PCL[/system_ext/framework/androidx.window.sidecar.jar]} --classpath-dir=/data/app/~~Zboo6mjpNjZvBf17KnCP6A==/com.clientreachai.phperformance-Mw1eDAK9MhPJY-XSIMS47Q== --compiler-filter=verify --compilation-reason=install --max-image-block-size=524288 --resolve-startup-const-strings=true --generate-mini-debug-info --cpu-set=0,1,2,3 -j4 --comments=app-name:com.clientreachai.phperformance,app-version-name:1.0.0,app-version-code:1,art-version:360729140
04-13 12:25:52.375 I/ArtService( 1069): Dexopt result: [packageName = com.clientreachai.phperformance] DexContainerFileDexoptResult{dexContainerFile=/data/app/~~Zboo6mjpNjZvBf17KnCP6A==/com.clientreachai.phperformance-Mw1eDAK9MhPJY-XSIMS47Q==/base.apk, primaryAbi=true, abi=arm64-v8a, actualCompilerFilter=verify, status=PERFORMED, dex2oatWallTimeMillis=9250, dex2oatCpuTimeMillis=20080, sizeBytes=81612164, sizeBeforeBytes=0, extendedStatusFlags=[]}
04-13 12:25:52.458 D/ApplicationPolicy( 1069): getApplicationStateEnabled : pkg = com.clientreachai.phperformance userId : 0
04-13 12:25:52.460 D/PermissionService( 1069): setAllowlistedRestrictedPermissionsUnchecked called for package - com.clientreachai.phperformance
04-13 12:25:52.460 D/PermissionService( 1069): updateAdminPermissionsInternalcom.clientreachai.phperformance
04-13 12:25:52.569 D/BackupManagerService( 1069): [UserID:0] restoreAtInstall pkg=com.clientreachai.phperformance token=7a restoreSet=0
04-13 12:25:52.577 I/PackageManager( 1069): installation completed for package:com.clientreachai.phperformance. Final code path: /data/app/~~Zboo6mjpNjZvBf17KnCP6A==/com.clientreachai.phperformance-Mw1eDAK9MhPJY-XSIMS47Q==
04-13 12:25:52.611 D/ShortcutService( 1069): adding package: com.clientreachai.phperformance userId=0
04-13 12:25:52.618 I/AppWidgetServiceImpl( 1069): Received broadcast: android.intent.action.PACKAGE_ADDED, Updates all providers with com.clientreachai.phperformance, userId: 0
04-13 12:25:52.620 I/PackageInfoManager_FLP( 2725): action : ACTION_PACKAGE_ADDED, packageName = com.clientreachai.phperformance
04-13 12:25:52.618 D/PluginActionManager( 1588): queryPkg com.clientreachai.phperformance com.android.systemui.action.PLUGIN_NOTIFICATION_MENU_ROW
04-13 12:25:52.638 D/PluginActionManager( 1588): queryPkg com.clientreachai.phperformance com.android.systemui.action.PLUGIN_NOTIFICATION_MENU_ROW
04-13 12:25:52.640 D/BluetoothEventManager( 1588): AppPackageChangedHandler: package name = com.clientreachai.phperformance
04-13 12:25:52.642 I/SdkSandboxManager( 1069): No SDKs used. Skipping SDK data reconcilation for CallingInfo{mUid=10382, mPackageName='com.clientreachai.phperformance, mAppProcessToken='null'}
04-13 12:25:52.648 D/SGM:GameManager( 1069): identifyGamePackage. com.clientreachai.phperformance, mCurrentUserId: 0, callingMethodInfo: com.samsung.android.game.SemGameManager.isGamePackage(SemGameManager.java:106)
04-13 12:25:52.649 D/SGM:SemGameManager( 1069): isGamePackage(), pkgName=com.clientreachai.phperformance, ret=false
04-13 12:25:52.653 D/PluginActionManager( 1588): queryPkg com.clientreachai.phperformance com.android.systemui.action.PLUGIN_NOTIFICATION_MENU_ROW
04-13 12:25:52.662 D/PluginActionManager( 1588): queryPkg com.clientreachai.phperformance com.samsung.systemui.action.PLUGIN_FACE_WIDGET
04-13 12:25:52.662 D/PluginActionManager( 1588): queryPkg com.clientreachai.phperformance com.android.systemui.action.PLUGIN_VOLUME
04-13 12:25:52.673 I/PackageInfoManager_FLP( 2725): handled onPackageAdded for com.clientreachai.phperformance(0)
04-13 12:25:52.676 D/CarrierSvcBindHelper( 1566): onPackageAdded: com.clientreachai.phperformance
04-13 12:25:52.680 I/SatelliteAppTracker( 1566): onPackageAdded : com.clientreachai.phperformance
04-13 12:25:52.686 E/SatelliteAppTracker( 1566): packageName: com.clientreachai.phperformance, value: null
04-13 12:25:52.687 E/SatelliteAppTracker( 1566): packageName: com.clientreachai.phperformance, value: null
04-13 12:25:52.692 D/PluginActionManager( 1588): queryPkg com.clientreachai.phperformance com.android.systemui.action.PLUGIN_NOTIFICATION_MENU_ROW
04-13 12:25:52.693 D/PluginActionManager( 1588): queryPkg com.clientreachai.phperformance com.android.systemui.action.PLUGIN_NOTIFICATION_MENU_ROW
04-13 12:25:52.694 D/PluginActionManager( 1588): queryPkg com.clientreachai.phperformance com.android.systemui.action.PLUGIN_NOTIFICATION_MENU_ROW
04-13 12:25:52.694 D/PluginActionManager( 1588): queryPkg com.clientreachai.phperformance com.android.systemui.action.PLUGIN_TOAST
04-13 12:25:52.694 D/PluginActionManager( 1588): queryPkg com.clientreachai.phperformance com.android.systemui.action.PLUGIN_NOTIFICATION_MENU_ROW
04-13 12:25:52.695 D/PluginActionManager( 1588): queryPkg com.clientreachai.phperformance com.android.systemui.action.PLUGIN_NAVIGATION_EDGE_BACK_ACTION
04-13 12:25:52.695 D/PluginActionManager( 1588): queryPkg com.clientreachai.phperformance com.android.systemui.action.PLUGIN_NOTIFICATION_MENU_ROW
04-13 12:25:52.695 D/PluginActionManager( 1588): queryPkg com.clientreachai.phperformance com.android.systemui.action.PLUGIN_SENSOR_MANAGER
04-13 12:25:52.696 D/PluginActionManager( 1588): queryPkg com.clientreachai.phperformance com.android.systemui.action.PLUGIN_NOTIFICATION_MENU_ROW
04-13 12:25:52.697 D/PluginActionManager( 1588): queryPkg com.clientreachai.phperformance com.android.systemui.action.PLUGIN_NOTIFICATION_MENU_ROW
04-13 12:25:52.697 D/PluginActionManager( 1588): queryPkg com.clientreachai.phperformance com.android.systemui.action.PLUGIN_NOTIFICATION_MENU_ROW
04-13 12:25:52.697 D/PluginActionManager( 1588): queryPkg com.clientreachai.phperformance com.android.systemui.action.PLUGIN_NOTIFICATION_MENU_ROW
04-13 12:25:52.698 D/PluginActionManager( 1588): queryPkg com.clientreachai.phperformance com.android.systemui.action.PLUGIN_QS
04-13 12:25:52.698 D/PluginActionManager( 1588): queryPkg com.clientreachai.phperformance com.android.systemui.action.PLUGIN_NOTIFICATION_MENU_ROW
04-13 12:25:52.698 D/PluginActionManager( 1588): queryPkg com.clientreachai.phperformance com.android.systemui.action.PLUGIN_NOTIFICATION_MENU_ROW
04-13 12:25:52.699 D/PluginActionManager( 1588): queryPkg com.clientreachai.phperformance com.android.systemui.action.PLUGIN_NOTIFICATION_ASSISTANT
04-13 12:25:52.701 D/PluginActionManager( 1588): queryPkg com.clientreachai.phperformance com.android.systemui.action.PLUGIN_GLOBAL_ACTIONS
04-13 12:25:52.708 I/GoodLockLifecycle( 1588): onPackageAdded: com.clientreachai.phperformance
04-13 12:25:52.712 D/PluginActionManager( 1588): queryPkg com.clientreachai.phperformance com.android.systemui.action.PLUGIN_NOTIFICATION_MENU_ROW
04-13 12:25:52.712 D/PluginActionManager( 1588): queryPkg com.clientreachai.phperformance com.android.systemui.action.PLUGIN_NOTIFICATION_MENU_ROW
04-13 12:25:52.712 D/PluginActionManager( 1588): queryPkg com.clientreachai.phperformance com.android.systemui.action.PLUGIN_NOTIFICATION_MENU_ROW
04-13 12:25:52.716 D/PluginActionManager( 1588): queryPkg com.clientreachai.phperformance com.android.systemui.action.PLUGIN_NOTIFICATION_MENU_ROW
04-13 12:25:52.718 D/PluginActionManager( 1588): queryPkg com.clientreachai.phperformance com.android.systemui.action.PLUGIN_NOTIFICATION_MENU_ROW
04-13 12:25:52.720 D/PluginActionManager( 1588): queryPkg com.clientreachai.phperformance com.android.systemui.action.PLUGIN_OVERLAY
04-13 12:25:52.721 D/PluginActionManager( 1588): queryPkg com.clientreachai.phperformance com.android.systemui.action.PLUGIN_NOTIFICATION_MENU_ROW
04-13 12:25:52.752 D/ImsResolver( 1566): maybeAddedImsService, packageName: com.clientreachai.phperformance
04-13 12:25:52.765 V/ImsResolver( 1566): searchForImsServices: package=com.clientreachai.phperformance, users=[UserHandle{0}]
04-13 12:25:52.767 V/ImsResolver( 1566): searchForImsServices: package=com.clientreachai.phperformance, users=[UserHandle{0}]
04-13 12:25:52.775 D/PluginActionManager( 1588): queryPkg com.clientreachai.phperformance com.android.systemui.action.PLUGIN_NOTIFICATION_MENU_ROW
04-13 12:25:52.799 D/OverlayManager( 1069): reconcileSettingsForPackage pkgName=com.clientreachai.phperformance userId=0
04-13 12:25:52.799 I/OverlayManager( 1069): updateOverlaysForTarget() called with: targetPackage = [com.clientreachai.phperformance], userId = [0], flags = [0]
04-13 12:25:52.807 D/SGM:GameManager( 1069): identifyGamePackage. com.clientreachai.phperformance, mCurrentUserId: 0, callingMethodInfo: com.samsung.android.game.SemGameManager.isGamePackage(SemGameManager.java:106)
04-13 12:25:52.807 D/SGM:SemGameManager( 1069): isGamePackage(), pkgName=com.clientreachai.phperformance, ret=false
04-13 12:25:52.819 I/VvmPkgInstalledRcvr( 1566): packageName: com.clientreachai.phperformance, systemDialer: com.samsung.android.dialer
04-13 12:25:52.876 D/PluginActionManager( 1588): queryPkg com.clientreachai.phperformance com.android.systemui.action.PEOPLE_HUB_PERSON_EXTRACTOR
04-13 12:25:52.876 D/PluginActionManager( 1588): queryPkg com.clientreachai.phperformance com.android.systemui.action.PLUGIN_NOTIFICATION_MENU_ROW
04-13 12:25:52.877 D/PluginActionManager( 1588): queryPkg com.clientreachai.phperformance com.android.systemui.action.PLUGIN_CLOCK_PROVIDER
04-13 12:25:52.877 D/PluginActionManager( 1588): queryPkg com.clientreachai.phperformance com.android.systemui.action.PLUGIN_NOTIFICATION_MENU_ROW
04-13 12:25:52.898 W/VvmPkgInstalledRcvr( 1566): carrierVvmPkgAdded: carrier vvm packages doesn't contain com.clientreachai.phperformance
04-13 12:25:52.924 D/OverlayManager( 1069): -> Updating overlay: target=com.clientreachai.phperformance overlays=[OverlayPaths { resourceDirs = [/product/overlay/NavigationBarModeGestural/NavigationBarModeGesturalOverlay.apk], overlayPaths = [/product/overlay/NavigationBarModeGestural/NavigationBarModeGesturalOverlay.apk] }] userId=0
04-13 12:25:52.926 W/VvmPkgInstalledRcvr( 1566): carrierVvmPkgAdded: carrier vvm packages doesn't contain com.clientreachai.phperformance
04-13 12:25:52.947 D/NativePermissionController(  833): updatePackagesForUid, UidPackageState{uid: 10382, packageNames: [com.clientreachai.phperformance]}
04-13 12:25:52.963 I/Telecom ( 1069): SamsungOpenCommunicationPlatformPolicyPackageBroadcastReceiver : action : android.intent.action.PACKAGE_ADDED / packageName : com.clientreachai.phperformance
04-13 12:25:52.964 I/Telecom ( 1069): SamsungOpenCommunicationPlatformPolicyPackageHandler : handleMessage : { when=-1ms what=0 obj=com.clientreachai.phperformance target=com.samsung.server.telecom.advancedcall.ocp.policy.broadcast.SamsungOpenCommunicationPlatformPolicyPackageHandler }.what
04-13 12:25:52.968 D/SGM:GameManager( 1069): identifyGamePackage. com.clientreachai.phperformance, mCurrentUserId: 0, callingMethodInfo: com.samsung.android.game.SemGameManager.isGamePackage(SemGameManager.java:106)
04-13 12:25:52.968 D/SGM:SemGameManager( 1069): isGamePackage(), pkgName=com.clientreachai.phperformance, ret=false
04-13 12:25:52.968 I/Pageboost( 1069): appinfo : com.clientreachai.phperformance 0 0 0 0
04-13 12:25:52.972 D/SGM:GameManager( 1069): identifyGamePackage. com.clientreachai.phperformance, mCurrentUserId: 0, callingMethodInfo: com.samsung.android.game.SemGameManager.isGamePackage(SemGameManager.java:106)
04-13 12:25:52.972 D/SGM:SemGameManager( 1069): isGamePackage(), pkgName=com.clientreachai.phperformance, ret=false
04-13 12:25:52.977 I/Pageboost( 1069): Reset this app info : com.clientreachai.phperformance 
04-13 12:25:53.009 D/MARsPolicyManager( 1069): new Package : com.clientreachai.phperformance, SCPMTarget : false
04-13 12:25:53.107 I/Finsky  (28971): [2] AIM: AppInfoCacheUpdater -> invalidating apps: [com.clientreachai.phperformance]
04-13 12:25:53.123 I/Finsky  (28971): [1662] AIM: AppInfoManager-Perf > OnDeviceAppInfo > cacheHitCount=0, cacheMissCount=1. Missed  in cache (limit 10) : [com.clientreachai.phperformance]
04-13 12:25:53.170 I/Pageboost( 1069): add app to global @ runtime: com.clientreachai.phperformance
04-13 12:25:53.202 I/AppWidgetServiceImpl( 1069): Received broadcast: android.intent.action.PACKAGE_CHANGED, Updates all providers with com.clientreachai.phperformance, userId: 0
04-13 12:25:53.204 D/ShortcutService( 1069): changing package: com.clientreachai.phperformance userId=0
04-13 12:25:53.205 D/CarrierSvcBindHelper( 1566): onPackageModified: com.clientreachai.phperformance
04-13 12:25:53.207 I/SatelliteAppTracker( 1566): onPackageModified : com.clientreachai.phperformance
04-13 12:25:53.208 E/SatelliteAppTracker( 1566): packageName: com.clientreachai.phperformance, value: null
04-13 12:25:53.209 E/SatelliteAppTracker( 1566): packageName: com.clientreachai.phperformance, value: null
04-13 12:25:53.211 I/Finsky  (28971): [2] VerifyApps: app installation complete for com.clientreachai.phperformance
04-13 12:25:53.258 D/ImsResolver( 1566): maybeAddedImsService, packageName: com.clientreachai.phperformance
04-13 12:25:53.259 V/ImsResolver( 1566): searchForImsServices: package=com.clientreachai.phperformance, users=[UserHandle{0}]
04-13 12:25:53.259 V/ImsResolver( 1566): searchForImsServices: package=com.clientreachai.phperformance, users=[UserHandle{0}]
04-13 12:25:53.269 D/SatelliteController( 1566): packageStateChanged: package:com.clientreachai.phperformance DefaultSmsPackageName:com.truecaller
04-13 12:25:53.338 D/SecSTQuickControlRequestReceiver( 1588): onReceiveForPackage action = android.intent.action.PACKAGE_CHANGED, pkgName = com.clientreachai.phperformance
04-13 12:25:53.340 D/PluginActionManager( 1588): queryPkg com.clientreachai.phperformance com.android.systemui.action.PLUGIN_NOTIFICATION_MENU_ROW
04-13 12:25:53.355 I/ProximityAuth(12743): [RecentAppsMediator] Package added: (user=UserHandle{0}) com.clientreachai.phperformance
04-13 12:25:53.356 D/PluginActionManager( 1588): queryPkg com.clientreachai.phperformance com.android.systemui.action.PLUGIN_NOTIFICATION_MENU_ROW
04-13 12:25:53.357 I/Finsky  (28971): [1663] AIM: AppInfoManager-Perf > OnDeviceAppInfo > cacheHitCount=0, cacheMissCount=1. Missed  in cache (limit 10) : [com.clientreachai.phperformance]
04-13 12:25:53.357 I/SafetyLabelChangedBroadcastReceiver(12826): received broadcast packageName: com.clientreachai.phperformance, current user: UserHandle{0}, packageChangeEvent: NEW_INSTALL, intent user: UserHandle{0}
04-13 12:25:53.357 D/PluginActionManager( 1588): queryPkg com.clientreachai.phperformance com.android.systemui.action.PLUGIN_NOTIFICATION_MENU_ROW
04-13 12:25:53.358 D/PluginActionManager( 1588): queryPkg com.clientreachai.phperformance com.samsung.systemui.action.PLUGIN_FACE_WIDGET
04-13 12:25:53.358 D/PluginActionManager( 1588): queryPkg com.clientreachai.phperformance com.android.systemui.action.PLUGIN_VOLUME
04-13 12:25:53.358 D/PluginActionManager( 1588): queryPkg com.clientreachai.phperformance com.android.systemui.action.PLUGIN_NOTIFICATION_MENU_ROW
04-13 12:25:53.360 I/Finsky  (28971): [2] AIM: AppInfoCacheUpdater -> invalidating apps: [com.clientreachai.phperformance]
04-13 12:25:53.372 D/PluginActionManager( 1588): queryPkg com.clientreachai.phperformance com.android.systemui.action.PLUGIN_NOTIFICATION_MENU_ROW
04-13 12:25:53.375 D/PluginActionManager( 1588): queryPkg com.clientreachai.phperformance com.android.systemui.action.PLUGIN_NOTIFICATION_MENU_ROW
04-13 12:25:53.377 D/PluginActionManager( 1588): queryPkg com.clientreachai.phperformance com.android.systemui.action.PLUGIN_TOAST
04-13 12:25:53.377 D/PluginActionManager( 1588): queryPkg com.clientreachai.phperformance com.android.systemui.action.PLUGIN_NOTIFICATION_MENU_ROW
04-13 12:25:53.378 D/PluginActionManager( 1588): queryPkg com.clientreachai.phperformance com.android.systemui.action.PLUGIN_NAVIGATION_EDGE_BACK_ACTION
04-13 12:25:53.378 D/PluginActionManager( 1588): queryPkg com.clientreachai.phperformance com.android.systemui.action.PLUGIN_NOTIFICATION_MENU_ROW
04-13 12:25:53.379 D/PluginActionManager( 1588): queryPkg com.clientreachai.phperformance com.android.systemui.action.PLUGIN_SENSOR_MANAGER
04-13 12:25:53.379 D/PluginActionManager( 1588): queryPkg com.clientreachai.phperformance com.android.systemui.action.PLUGIN_NOTIFICATION_MENU_ROW
04-13 12:25:53.379 D/PluginActionManager( 1588): queryPkg com.clientreachai.phperformance com.android.systemui.action.PLUGIN_NOTIFICATION_MENU_ROW
04-13 12:25:53.385 D/PluginActionManager( 1588): queryPkg com.clientreachai.phperformance com.android.systemui.action.PLUGIN_NOTIFICATION_MENU_ROW
04-13 12:25:53.387 D/PluginActionManager( 1588): queryPkg com.clientreachai.phperformance com.android.systemui.action.PLUGIN_NOTIFICATION_MENU_ROW
04-13 12:25:53.387 D/PluginActionManager( 1588): queryPkg com.clientreachai.phperformance com.android.systemui.action.PLUGIN_QS
04-13 12:25:53.387 D/PluginActionManager( 1588): queryPkg com.clientreachai.phperformance com.android.systemui.action.PLUGIN_NOTIFICATION_MENU_ROW
04-13 12:25:53.388 D/PluginActionManager( 1588): queryPkg com.clientreachai.phperformance com.android.systemui.action.PLUGIN_NOTIFICATION_MENU_ROW
04-13 12:25:53.388 D/PluginActionManager( 1588): queryPkg com.clientreachai.phperformance com.android.systemui.action.PLUGIN_NOTIFICATION_ASSISTANT
04-13 12:25:53.388 D/PluginActionManager( 1588): queryPkg com.clientreachai.phperformance com.android.systemui.action.PLUGIN_GLOBAL_ACTIONS
04-13 12:25:53.389 D/PluginActionManager( 1588): queryPkg com.clientreachai.phperformance com.android.systemui.action.PLUGIN_NOTIFICATION_MENU_ROW
04-13 12:25:53.389 D/PluginActionManager( 1588): queryPkg com.clientreachai.phperformance com.android.systemui.action.PLUGIN_NOTIFICATION_MENU_ROW
04-13 12:25:53.389 D/PluginActionManager( 1588): queryPkg com.clientreachai.phperformance com.android.systemui.action.PLUGIN_NOTIFICATION_MENU_ROW
04-13 12:25:53.389 D/PluginActionManager( 1588): queryPkg com.clientreachai.phperformance com.android.systemui.action.PLUGIN_NOTIFICATION_MENU_ROW
04-13 12:25:53.389 D/PluginActionManager( 1588): queryPkg com.clientreachai.phperformance com.android.systemui.action.PLUGIN_NOTIFICATION_MENU_ROW
04-13 12:25:53.390 D/PluginActionManager( 1588): queryPkg com.clientreachai.phperformance com.android.systemui.action.PLUGIN_OVERLAY
04-13 12:25:53.391 D/PluginActionManager( 1588): queryPkg com.clientreachai.phperformance com.android.systemui.action.PLUGIN_NOTIFICATION_MENU_ROW
04-13 12:25:53.391 I/GoodLockLifecycle( 1588): onPackageChanged: com.clientreachai.phperformance
04-13 12:25:53.391 D/PluginActionManager( 1588): queryPkg com.clientreachai.phperformance com.android.systemui.action.PLUGIN_NOTIFICATION_MENU_ROW
04-13 12:25:53.392 D/PluginActionManager( 1588): queryPkg com.clientreachai.phperformance com.android.systemui.action.PEOPLE_HUB_PERSON_EXTRACTOR
04-13 12:25:53.392 D/PluginActionManager( 1588): queryPkg com.clientreachai.phperformance com.android.systemui.action.PLUGIN_NOTIFICATION_MENU_ROW
04-13 12:25:53.392 D/PluginActionManager( 1588): queryPkg com.clientreachai.phperformance com.android.systemui.action.PLUGIN_CLOCK_PROVIDER
04-13 12:25:53.393 D/PluginActionManager( 1588): queryPkg com.clientreachai.phperformance com.android.systemui.action.PLUGIN_NOTIFICATION_MENU_ROW
04-13 12:25:53.408 I/SharedAppWidgetFacade( 1588):  onPackageChanged com.clientreachai.phperformance
04-13 12:25:53.450 I/PackageInfoManager_FLP( 2725): updatePermission, com.clientreachai.phperformance to 0
04-13 12:25:53.451 I/PackageInfoManager_FLP( 2725): updatePermission, com.clientreachai.phperformance to 0
04-13 12:25:53.451 I/PackageInfoManager_FLP( 2725): updatePermission, com.clientreachai.phperformance to 0
04-13 12:25:53.452 I/PackageInfoManager_FLP( 2725): updatePermission, com.clientreachai.phperformance to 0
04-13 12:25:53.452 I/PackageInfoManager_FLP( 2725): updatePermission, com.clientreachai.phperformance to 0
04-13 12:25:53.452 I/PackageInfoManager_FLP( 2725): updatePermission, com.clientreachai.phperformance to 0
04-13 12:25:53.452 I/PackageInfoManager_FLP( 2725): updatePermission, com.clientreachai.phperformance to 0
04-13 12:25:53.452 I/PackageInfoManager_FLP( 2725): updatePermission, com.clientreachai.phperformance to 0
04-13 12:25:53.452 I/PackageInfoManager_FLP( 2725): updatePermission, com.clientreachai.phperformance to 0
04-13 12:25:53.462 I/Finsky  (28971): [1661] AIM: AppInfoManager-Perf > OnDeviceAppInfo > cacheHitCount=0, cacheMissCount=1. Missed  in cache (limit 10) : [com.clientreachai.phperformance]
04-13 12:25:53.543 I/Finsky  (28971): [1661] AIM: AppInfoManager-Perf > OnDeviceAppInfo > cacheHitCount=0, cacheMissCount=1. Missed  in cache (limit 10) : [com.clientreachai.phperformance]
04-13 12:25:53.544 I/Finsky  (28971): [1661] VerifyApps: running post install verification task for package: com.clientreachai.phperformance, install ID: 97021e78-6c0e-4693-a599-fa5da7fa85cd
04-13 12:25:53.566 I/Finsky  (28971): [1661] VerifyApps: Putting package com.clientreachai.phperformance in ECM mode succeeded
04-13 12:25:54.209 I/FILP/PackageIntentReceiver(24286): pkgName : com.clientreachai.phperformance
04-13 12:25:54.638 I/Routine@Core[4.9.04.13]: PackageChangedHandler(24199): collectMetadata packageName - com.clientreachai.phperformance
04-13 12:25:54.652 I/Routine@Core[4.9.04.13]: MetadataLoaderImpl(24199): scheduleCollectPackageJob - packageName:com.clientreachai.phperformance
04-13 12:25:54.653 I/Routine@Core[4.9.04.13]: MetadataSyncBacklog(24199): add: com.kiranpalsingh.carsquiz;com.nati.cal;com.anexon.ethio_cal;com.android.settings;com.clientreachai.phperformance + com.clientreachai.phperformance
04-13 12:25:56.792 I/SGM:GameManager( 1069): PkgUpdateReceiver, onPackageAdded : com.clientreachai.phperformance userHandle : UserHandle{0} userId : 0
04-13 12:25:56.792 D/SGM:GosNotifyThread( 1069): sendPackageMessage(), changeType=0, pkgName=com.clientreachai.phperformance, userHandleId=0
04-13 12:25:56.793 D/SGM:GosNotifyThread( 1069): notifyPackageChangedToGos(), before send intent to GOS. type:15, changeType: 0, pkgName:com.clientreachai.phperformance, userHandleId:0
04-13 12:25:56.793 D/SGM:PmAppCategoryManager( 1069): getManifestCategory(), manifestCategory=-1, packageName=com.clientreachai.phperformance
04-13 12:25:56.793 D/SGM:PmAppCategoryManager( 1069): getCategoryOverride(), categoryOverride=-1, packageName=com.clientreachai.phperformance
04-13 12:25:56.793 I/SGM:GosNotifyThread( 1069): notifyPackageChangedToGos(), category from pm: com.clientreachai.phperformance, [-1/-1]
04-13 12:25:56.935 I/GOS:GameIntentService(24477): onHandleIntent. GameIntentService. type: 15, pkgName: com.clientreachai.phperformance
04-13 12:25:57.032 I/GOS:GameIntentService(24477): onPackageChanged(). extras: Bundle[{changeType=0, manifestCategory=-1, userId=0, pkgName=com.clientreachai.phperformance, type=15, packageName=com.clientreachai.phperformance, categoryOverride=-1}]
04-13 12:25:57.032 I/GOS:GameIntentService(24477): onPackageChanged(). changeType(INSTALLED), pkgName(com.clientreachai.phperformance), UserHandle(0), userId(0), Installed(true)
04-13 12:25:57.032 I/GOS:GameIntentService(24477): onPkgInstalled(), appInfoCategory: -1, packageName: com.clientreachai.phperformance
04-13 12:25:57.037 I/GOS:FilteredPmAppCategoryGetter(24477): getCategoryCode(). categoryCode:undefined, packageName:com.clientreachai.phperformance
04-13 12:25:57.038 I/GOS:SystemEventReactor(24477): onPackageInstalled(). categoryByAppInfo=undefined, packageName=com.clientreachai.phperformance
04-13 12:25:57.052 D/SGM:GameManager( 1069): setPackageConfigurations(). category=-1, pkgName=com.clientreachai.phperformance
04-13 12:25:57.052 D/SGM:GameManager( 1069): setPackageConfiguration(). configuration: packageName: com.clientreachai.phperformance, performancePolicyForSsrm: null, optimalAspectRatio: 1.7777778, dynamicSurfaceScaling: 1.0, category: -1, categoryByUser: -1, fillBlackSurfaceOnMargins: false, userId: null
04-13 12:25:57.052 D/SGM:GameManager( 1069): setPackageConfiguration(). pkgName=com.clientreachai.phperformance
04-13 12:25:57.052 D/SGM:Util( 1069): isPkgInstalled(). pkgName=com.clientreachai.phperformance, userId=0, installed=true
04-13 12:25:57.149 D/MetaDataCollector( 1069): onReceive: done pkgName=com.clientreachai.phperformance
04-13 12:25:57.164 D/LauncherAppsService( 1069): Calling onPackageAdded: com.clientreachai.phperformance, uid: 10382
04-13 12:25:57.164 D/LauncherAppsService( 1069): onPackageAdded: triggering onPackageAdded for user=UserHandle{0}, packageName=com.clientreachai.phperformance
04-13 12:25:57.164 D/LauncherApps( 1069): onPackageAdded 0,com.clientreachai.phperformance
04-13 12:25:57.164 D/LauncherAppsService( 1069): onPackageAdded: triggering onPackageAdded for user=UserHandle{0}, packageName=com.clientreachai.phperformance
04-13 12:25:57.164 D/LauncherAppsService( 1069): onPackageAdded: triggering onPackageAdded for user=UserHandle{0}, packageName=com.clientreachai.phperformance
04-13 12:25:57.165 D/LauncherAppsService( 1069): onPackageAdded: triggering onPackageAdded for user=UserHandle{0}, packageName=com.clientreachai.phperformance
04-13 12:25:57.165 D/LauncherAppsService( 1069): onPackageAdded: triggering onPackageAdded for user=UserHandle{0}, packageName=com.clientreachai.phperformance
04-13 12:25:57.165 I/Pageboost( 1069): onAppLaunch : com.clientreachai.phperformance
04-13 12:25:57.167 I/Pageboost( 1069): Record App IO : com.clientreachai.phperformance pid 0
04-13 12:25:57.168 I/HoneySpace.PackageOperationTracker( 2040): onPackageAdded - com.clientreachai.phperformance UserHandle{0}
04-13 12:25:57.169 D/LauncherApps( 1588): onPackageAdded 0,com.clientreachai.phperformance
04-13 12:25:57.169 D/LauncherApps(28063): onPackageAdded 0,com.clientreachai.phperformance
04-13 12:25:57.170 I/AdaptiveAppByDefaultLogger( 1069): sendSaBroadcast update:com.clientreachai.phperformance;36;Portrait;True;False;False
04-13 12:25:57.171 V/WindowManager( 1069): Collecting in transition 15308: ActivityRecord{178144449 u0 com.clientreachai.phperformance/.MainActivity, caller=com.android.server.wm.TransitionController.collect:7 com.android.server.wm.ActivityStarter.startActivityUnchecked:98 com.android.server.wm.ActivityStarter.executeRequest:3559 com.android.server.wm.ActivityStarter.execute:1752 com.android.server.wm.ActivityTaskManagerService.startActivityAsUser:95 
04-13 12:25:57.172 D/ActivityTaskManager( 1069): DesktopModeLaunchParamsModifier: task=null activity=ActivityRecord{178144449 u0 com.clientreachai.phperformance/.MainActivity t-1} task null, skipping
04-13 12:25:57.172 D/ActivityTaskManager( 1069): TaskLaunchParamsModifier:task=null activity=ActivityRecord{178144449 u0 com.clientreachai.phperformance/.MainActivity t-1} display-area-from-source=DefaultTaskDisplayArea_d0@31585691 display-id=0 task-display-area-windowing-mode=1 suggested-display-area=DefaultTaskDisplayArea_d0@31585691
04-13 12:25:57.172 D/ActivityTaskManager( 1069): DesktopModeLaunchParamsModifier: task=null activity=ActivityRecord{178144449 u0 com.clientreachai.phperformance/.MainActivity t-1} task null, skipping
04-13 12:25:57.172 D/ActivityTaskManager( 1069): TaskLaunchParamsModifier:task=null activity=ActivityRecord{178144449 u0 com.clientreachai.phperformance/.MainActivity t-1} display-area-from-source=DefaultTaskDisplayArea_d0@31585691 display-id=0 task-display-area-windowing-mode=1 suggested-display-area=DefaultTaskDisplayArea_d0@31585691 inherit-from-source=fullscreen non-freeform-task-display-area display-area=DefaultTaskDisplayArea_d0@31585691 activity-requested-portrait freeform-size-mismatch=Rect(81, 604 - 999, 1774)
04-13 12:25:57.175 D/ActivityTaskManager( 1069): DesktopModeLaunchParamsModifier: task=Task{5a58054 #1241 type=standard A=10382:com.clientreachai.phperformance} activity=ActivityRecord{178144449 u0 com.clientreachai.phperformance/.MainActivity t-1} non-desktop, skipping
04-13 12:25:57.175 D/ActivityTaskManager( 1069): TaskLaunchParamsModifier:task=Task{5a58054 #1241 type=standard A=10382:com.clientreachai.phperformance} activity=ActivityRecord{178144449 u0 com.clientreachai.phperformance/.MainActivity t-1} display-area-from-source=DefaultTaskDisplayArea_d0@31585691 display-id=0 task-display-area-windowing-mode=1 suggested-display-area=DefaultTaskDisplayArea_d0@31585691 inherit-from-source=fullscreen non-freeform-task-display-area display-area=DefaultTaskDisplayArea_d0@31585691 activity-requested-portrait freeform-size-mismatch=Rect(81, 604 - 999, 1774)
04-13 12:25:57.176 V/WindowManager( 1069): Collecting in transition 15308: Task{5a58054 #1241 type=standard A=10382:com.clientreachai.phperformance}, caller=com.android.server.wm.Transition.collectExistenceChange:40 com.android.server.wm.ActivityStarter.startActivityInner:293 com.android.server.wm.ActivityStarter.startActivityUnchecked:111 com.android.server.wm.ActivityStarter.executeRequest:3559 com.android.server.wm.ActivityStarter.execute:1752 
04-13 12:25:57.177 I/SurfaceFlinger(  865): id=224554 createSurf, flag=84004, ActivityRecord{178144449 u0 com.clientreachai.phperformance/.MainActivity t1241}#224554
04-13 12:25:57.179 I/HoneySpace.PackageChangedCallbackImpl( 2040): onPackageAdded: com.clientreachai.phperformance / UserHandle{0}
04-13 12:25:57.179 V/WindowManager( 1069): Add starting ActivityRecord{178144449 u0 com.clientreachai.phperformance/.MainActivity t1241}: startingData=SplashScreenStartingData{5afb8b4 removeAfterTransaction= 0}
04-13 12:25:57.180 V/WindowManager( 1069): Added starting ActivityRecord{178144449 u0 com.clientreachai.phperformance/.MainActivity t1241}: startingWindow=null startingView=com.android.server.wm.StartingSurfaceController$StartingSurface@9b039d9
04-13 12:25:57.180 I/SurfaceFlinger(  865): [ActivityRecord{178144449 u0 com.clientreachai.phperformance/.MainActivity t1241}#224554] attach to parent LayerHierarchy{RequestedLayerState{Task=1241#224553 parentId=10} 1 children}
04-13 12:25:57.183 V/WindowManager( 1069): Collecting in transition 15308: ActivityRecord{178144449 u0 com.clientreachai.phperformance/.MainActivity t1241}, caller=com.android.server.wm.Transition.collectExistenceChange:40 com.android.server.wm.ActivityStarter.handleStartResult:761 com.android.server.wm.ActivityStarter.startActivityUnchecked:124 com.android.server.wm.ActivityStarter.executeRequest:3559 com.android.server.wm.ActivityStarter.execute:1752 
04-13 12:25:57.183 V/WindowManager( 1069):    ChangeInfo{81dba80 container=Task{5a58054 #1241 type=standard A=10382:com.clientreachai.phperformance} flags=0x0}
04-13 12:25:57.183 V/WindowManager( 1069):    ChangeInfo{f3e94fe container=ActivityRecord{178144449 u0 com.clientreachai.phperformance/.MainActivity t1241} flags=0x0}
04-13 12:25:57.184 I/ActivityTaskManager( 1069): START u0 {act=android.intent.action.MAIN cat=[android.intent.category.LAUNCHER] flg=0x34000000 xflg=0x4 pkg=com.clientreachai.phperformance cmp=com.clientreachai.phperformance/.MainActivity} with LAUNCH_SINGLE_TASK from uid 10077 (sr=90250447) (BAL_ALLOW_VISIBLE_WINDOW) result code=0
04-13 12:25:57.188 V/WindowManager( 1069): Collecting in transition 15308: ActivityRecord{178144449 u0 com.clientreachai.phperformance/.MainActivity t1241}, caller=com.android.server.wm.TransitionController.collect:7 com.android.server.wm.ActivityRecord.setVisibility:132 com.android.server.wm.EnsureActivitiesVisibleHelper.process:459 com.android.server.wm.TaskFragment.updateActivityVisibilities:12 com.android.server.wm.Task$$ExternalSyntheticLambda37.accept:37 
04-13 12:25:57.189 V/WindowManagerShell( 1588): Transition requested (#15308): android.os.BinderProxy@52b3882 TransitionRequestInfo { type = OPEN, triggerTask = TaskInfo{userId=0 taskId=1241 effectiveUid=10382 displayId=0 isRunning=true baseIntent=Intent { act=android.intent.action.MAIN cat=[android.intent.category.LAUNCHER] flg=0x34000000 pkg=com.clientreachai.phperformance cmp=com.clientreachai.phperformance/.MainActivity } baseActivity=ComponentInfo{com.clientreachai.phperformance/com.clientreachai.phperformance.MainActivity} topActivity=ComponentInfo{com.clientreachai.phperformance/com.clientreachai.phperformance.MainActivity} origActivity=null realActivity=ComponentInfo{com.clientreachai.phperformance/com.clientreachai.phperformance.MainActivity} numActivities=1 lastActiveTime=494001417 supportsMultiWindow=true resizeMode=1 isResizeable=true minWidth=-1 minHeight=-1 maxWidth=-1 maxHeight=-1 defaultMinSize=220 desktopDefaultMinSize=304 token=WCT{android.window.IWindowContainerToken$Stub$Proxy@52adb93} topActivityType=1 pictureInPictureParams=null shouldDockBigOverlays=false launchIntoPipHostTaskId=-1 lastParentTaskIdBeforePip=-1 displayCutoutSafeInsets=Rect(0, 80 - 0, 0) topActivityInfo=ActivityInfo{8d877d0 com.clientreachai.phperformance.MainActivity} launchCookies=[] positionInParent=Point(0, 0) parentTaskId=-1 isFocused=false isVisible=false isVisibleRequested=false isTopActivityNoDisplay=false isSleeping=false locusId=null displayAreaFeatureId=1 isTopActivityTransparent=false isActivityStackTransparent=false lastNonFullscreenBounds=Rect(81, 604 - 999, 1774) capturedLink=null capturedLinkTimestamp=0 requestedVisibleTypes=-9 topActivityRequestOpenInBrowserEducationTimestamp=0 appCompatTaskInfo=AppCompatTaskInfo { topActivityInSizeCompat=false eligibleForLetterboxEducation= false isLetterboxEducationEnabled= false isLetterboxDoubleTapEnabled= false eligibleForUserAspectRatioButton= false topActivityBoundsLetterboxed= false isFromLetterboxDoubleTap= false topActivityLetterboxVerticalPosition= -1 topActivityLetterboxHorizontalPosition= -1 topActivityLetterboxWidth=-1 topActivityLetterboxHeight=-1 topActivityAppBounds=Rect(0, 0 - 1080, 2340) isUserFullscreenOverrideEnabled=false isSystemFullscreenOverrideEnabled=false hasMinAspectRatioOverride=false topActivityLetterboxBounds=null cameraCompatTaskInfo=CameraCompatTaskInfo { freeformCameraCompatMode=inactive} topActivityBounds=null topActivityInDisplayCompat=false singleTapFromLetterbox=false} topActivityMainWindowFrame=null originallySupportedMultiWindow=true hasWallpaper=false rootAffinity=10382:com.clientreachai.phperformance isTopTaskInStage=false CoverLauncherWidgetTask=false LaunchedFromAppsCoverLauncherTask=false LaunchedFromMultistarCoverLauncherTask=false isAllowedSeamlessRotation=false isTopTransparentActivity=false isAliasManaged=false hasConfigChanged=false snappingGuideBounds=null isAiKeyRemoveAppTask=false lastDesktopWindowingBounds=null lastExternalDesktopWindowingBounds=null safeCutoutInsets=null}, pipChange = null, remoteTransition = null, displayChange = null, flags = 0, debugId = 15308 }
04-13 12:25:57.195 D/WindowManager( 1069): prepareSync <SYNC_STATE_WAITING_FOR_DRAW>, mPrepareSyncSeqId=0, win=Window{319152f u0 Splash Screen com.clientreachai.phperformance}
04-13 12:25:57.195 I/SurfaceFlinger(  865): id=224555 createSurf, flag=84004, 319152f Splash Screen com.clientreachai.phperformance#224555
04-13 12:25:57.197 I/SurfaceFlinger(  865): [319152f Splash Screen com.clientreachai.phperformance#224555] attach to parent LayerHierarchy{RequestedLayerState{ActivityRecord{178144449 u0 com.clientreachai.phperformance/.MainActivity t1241}#224554 parentId=224553} 1 children}
04-13 12:25:57.200 I/HoneySpace.TopTaskUseCase( 2040): topTasks 1241 ComponentInfo{com.clientreachai.phperformance/com.clientreachai.phperformance.MainActivity}[displayId=0]
04-13 12:25:57.204 V/WindowManager( 1069): addWindow: ActivityRecord{178144449 u0 com.clientreachai.phperformance/.MainActivity t1241} startingWindow=Window{319152f u0 Splash Screen com.clientreachai.phperformance}
04-13 12:25:57.204 D/WindowManager( 1069): rotationForOrientation, orientationSource=ActivityRecord{178144449 u0 com.clientreachai.phperformance/.MainActivity t1241}
04-13 12:25:57.206 I/InsetsController( 1588): onStateChanged: host=Splash Screen com.clientreachai.phperformance, from=android.view.ViewRootImpl.onInsetsStateChanged:3026, state=InsetsState: {mDisplayFrame=Rect(0, 0 - 1080, 2340), mDisplayCutout=DisplayCutout{insets=Rect(0, 80 - 0, 0) waterfall=Insets{left=0, top=0, right=0, bottom=0} boundingRect={Bounds=[Rect(0, 0 - 0, 0), Rect(511, 0 - 569, 80), Rect(0, 0 - 0, 0), Rect(0, 0 - 0, 0)]} cutoutPathParserInfo={CutoutPathParserInfo{displayWidth=1080 displayHeight=2340 physicalDisplayWidth=1080 physicalDisplayHeight=2340 density={2.8125} cutoutSpec={M 0,0 M 0,7.822222222222222‬‬ a 10.31111111111111‬,10.31111111111111‬ 0 1,0 0,20.62222222222222‬ a 10.31111111111111‬,10.31111111111111‬ 0 1,0 0,-20.62222222222222‬ Z @dp} rotation={0} scale={1.0} physicalPixelDisplaySizeRatio={1.0}}} sideOverrides={}}, mRoundedCorners=RoundedCorners{[RoundedCorner{position=TopLeft, radius=113, center=Point(113, 113)}, RoundedCorner{position=TopRight, radius=113, center=Point(967, 113)}, RoundedCorner{position=BottomRight, radius=113, center=Point(967, 2227)}, RoundedCorner{position=BottomLeft, radius=113, center=Point(113, 2227)}]}  mRoundedCornerFrame=Rect(0, 0 - 1080, 2340), mPrivacyIndicatorBounds=PrivacyIndicatorBounds {static bounds=Rect(956, 0 - 1080, 80) rotation=0}, mDisplayShape=DisplayShape{ spec=-311912193 displayWidth=1080 displayHeight=2340 physicalPixelDisplaySizeRatio=1.0 rotation=0 offsetX=0 offsetY=0 scale=1.0}, mSources= { InsetsSource: {8aec0001 mType=navigationBars mFrame=[0,2298][1080,2340] mVisible=true mFlags=SUPPRESS_SCRIM mSideHint=BOTTOM mBoundingRects=null}, InsetsSource: {8aec0004 mType=systemGestures mFrame=[0,0][84,2340] mVisible=true mFlags= mSideHint=LEFT mBoundingRects=null}, InsetsSource: {8aec0005 mType=mandatorySystemGestures mFrame=[0,2250][1080,2340] mVisible=true mFlags= mSideHint=BOTTOM mBoundingRects=null}, InsetsSource: {8aec0006 mType=tappableElement mFrame=[0,0][0,0] mVisible=true mFlags= mSideHint=NONE mBoundingRects=null}, InsetsSource: {8aec0024 mType=systemGestures mFrame=[996,0][1080,2340] mVisible=true mFlags= mSideHint=RIGHT mBoundingRects=null}, InsetsSource: {3 mType=ime mFrame=[0,0][0,0] mVisible=false mFlags= mSideHint=NONE mBoundingRects=null}, InsetsSource: {27 mType=displayCutout mFrame=[0,0][1080,80] mVisible=true mFlags= mSideHint=TOP mBoundingRects=null}, InsetsSource: {5550000 mType=statusBars mFrame=[0,0][1080,80] mVisible=true mFlags= mSideHint=TOP mBoundingRects=null}, InsetsSource: {5550005 mType=mandatorySystemGestures mFrame=[0,0][1080,114] mVisible=true mFlags= mSideHint=TOP mBoundingRects=null}, InsetsSource: {5550006 mType=tappableElement mFrame=[0,0][1080,80] mVisible=true mFlags= mSideHint=TOP mBoundingRects=null} }
04-13 12:25:57.214 I/HoneySpace.PackageSourceImpl( 2040): addActivityToList [ADD] : com.clientreachai.phperformance/.MainActivity#UserHandle{0}
04-13 12:25:57.217 I/WindowManager( 1069): Relayout Window{319152f u0 Splash Screen com.clientreachai.phperformance}: viewVisibility=0 req=1080x2340 ty=3 d0
04-13 12:25:57.218 I/AppWidgetServiceImpl( 1069): getInstalledProvidersForProfiles lock in com.clientreachai.phperformance
04-13 12:25:57.218 I/SurfaceFlinger(  865): id=224556 createSurf, flag=44004, Splash Screen com.clientreachai.phperformance$_1588#224556
04-13 12:25:57.220 D/LauncherApps( 1069): onPackageChanged 0,com.clientreachai.phperformance
04-13 12:25:57.220 I/HoneySpace.HoneySpacePackageSourceImpl( 2040): Package added : com.clientreachai.phperformance
04-13 12:25:57.221 D/LauncherApps( 1588): onPackageChanged 0,com.clientreachai.phperformance
04-13 12:25:57.223 D/WindowManager( 1069): makeSurface duration=6 name=Splash Screen com.clientreachai.phperformance$_1588
04-13 12:25:57.224 D/SurfaceComposerClient( 1069): setCornerRadius ## 319152f Splash Screen com.clientreachai.phperformance#224555 cornerRadius=0.000000
04-13 12:25:57.224 D/SurfaceComposerClient( 1069): setCornerRadius ## 319152f Splash Screen com.clientreachai.phperformance#224555 cornerRadius=0.000000
04-13 12:25:57.230 I/SurfaceFlinger(  865): [Splash Screen com.clientreachai.phperformance$_1588#224556] attach to parent LayerHierarchy{RequestedLayerState{319152f Splash Screen com.clientreachai.phperformance#224555 parentId=224554} 1 children}
04-13 12:25:57.237 I/ActivityManager( 1069): Start proc 24508:com.clientreachai.phperformance/u0a382 for next-top-activity {com.clientreachai.phperformance/com.clientreachai.phperformance.MainActivity}
04-13 12:25:57.240 D/CoreBackPreview( 1069): Window{319152f u0 Splash Screen com.clientreachai.phperformance}: Setting back callback OnBackInvokedCallbackInfo{mCallback=android.window.IOnBackInvokedCallback$Stub$Proxy@3add8bc, mPriority=0, mIsAnimationCallback=false, mOverrideBehavior=0}
04-13 12:25:57.247 I/SurfaceFlinger(  865): [Splash Screen com.clientreachai.phperformance$_1588#224556] setTransactionState with the first frame. bufferData(ID: 6820408893313, frameNumber: 1)
04-13 12:25:57.252 I/HoneySpace.WorkspaceViewModel( 2040): Package added : com.clientreachai.phperformance/.MainActivity#UserHandle{0}
04-13 12:25:57.268 D/WindowManager( 1069): finishDrawingWindow: Window{319152f u0 Splash Screen com.clientreachai.phperformance} mDrawState=DRAW_PENDING seqId=0
04-13 12:25:57.268 V/WindowManager( 1069): Finishing drawing window Window{319152f u0 Splash Screen com.clientreachai.phperformance}: mDrawState=DRAW_PENDING
04-13 12:25:57.268 V/WindowManager( 1069): Draw state now committed in Window{319152f u0 Splash Screen com.clientreachai.phperformance}
04-13 12:25:57.269 D/SurfaceComposerClient( 1069): setCornerRadius ## 319152f Splash Screen com.clientreachai.phperformance#224555 cornerRadius=0.000000
04-13 12:25:57.270 D/SurfaceComposerClient( 1069): setCornerRadius ## 319152f Splash Screen com.clientreachai.phperformance#224555 cornerRadius=0.000000
04-13 12:25:57.271 V/WindowManager( 1069): performShowLocked: mDrawState=HAS_DRAWN in Window{319152f u0 Splash Screen com.clientreachai.phperformance}
04-13 12:25:57.271 D/WindowManagerServiceExt( 1069): updateTaskbarTargetIfNeeded: cn=ComponentInfo{com.clientreachai.phperformance/com.clientreachai.phperformance.MainActivity} occludesParent=true isInSplitScreenMode=false
04-13 12:25:57.271 D/ChangeTransitionController( 1069):    ChangeInfo{81dba80 container=Task{5a58054 #1241 type=standard A=10382:com.clientreachai.phperformance} flags=0x0}
04-13 12:25:57.271 D/ChangeTransitionController( 1069):    ChangeInfo{f3e94fe container=ActivityRecord{178144449 u0 com.clientreachai.phperformance/.MainActivity t1241} flags=0x0}
04-13 12:25:57.271 V/WindowManager( 1069): Start calculating TransitionInfo based on participants: {ActivityRecord{15790745 u0 com.android.chrome/org.chromium.chrome.browser.app.download.home.DownloadActivity t1206}, ActivityRecord{90250447 u0 com.google.android.packageinstaller/com.android.packageinstaller.InstallSuccess t1240 f}}, Task{5a58054 #1241 type=standard A=10382:com.clientreachai.phperformance}, ActivityRecord{178144449 u0 com.clientreachai.phperformance/.MainActivity t1241}, ActivityRecord{266188084 u0 com.google.android.packageinstaller/com.android.packageinstaller.DeleteStagedFileOnResult t1240}}
04-13 12:25:57.271 V/WindowManager( 1069):   Final targets: [ChangeInfo{81dba80 container=Task{5a58054 #1241 type=standard A=10382:com.clientreachai.phperformance} flags=0x10}, ChangeInfo{6dc525 container=Task{514ba02 #1240 type=standard A=10077:com.google.android.packageinstaller} flags=0x10}, ChangeInfo{97c651c container=Task{1b6aa29 #1206 type=standard A=10257:com.android.chrome} flags=0x10}]
04-13 12:25:57.274 I/SurfaceControlRegistry( 1069): show, t=StartTransaction_SyncId<15308> sc=ActivityRecord{178144449 u0 com.clientreachai.phperformance/.MainActivity t1241}, caller=android.view.SurfaceControl$Transaction.show:3557 com.android.server.wm.Transition.onTransactionReady:2048 com.android.server.wm.BLASTSyncEngine$SyncGroup.finishNow:240 com.android.server.wm.BLASTSyncEngine.onSurfacePlacement:263 com.android.server.wm.RootWindowContainer.performSurfacePlacementNoTrace:1083 com.android.server.wm.WindowSurfacePlacer.performSurfacePlacement:166 
04-13 12:25:57.274 V/WindowManager( 1069):         {WCT{RemoteToken{f663bb4 Task{5a58054 #1241 type=standard A=10382:com.clientreachai.phperformance}}} m=OPEN f=NONE leash=Surface(name=Task=1241)/@0xa89f8c6 sb=Rect(0, 0 - 1080, 2340) eb=Rect(0, 0 - 1080, 2340) epz=Point(1080, 2340) d=0 taskParent=-1 inset=Rect(0, 80 - 0, 42) dim=true},
04-13 12:25:57.292 I/HoneySpace.PackageEventHandler( 2040): Package added : com.clientreachai.phperformance/.MainActivity#UserHandle{0}
04-13 12:25:57.301 I/HoneySpace.PackageOperationTracker( 2040): onPackageChanged - com.clientreachai.phperformance UserHandle{0}
04-13 12:25:57.302 I/HoneySpace.PackageChangedCallbackImpl( 2040): onPackageChanged: com.clientreachai.phperformance / UserHandle{0}
04-13 12:25:57.302 I/AppWidgetServiceImpl( 1069): getInstalledProvidersForProfiles lock in com.clientreachai.phperformance
04-13 12:25:57.303 I/HoneySpace.IconCache( 2040): remove icon cache & DB : com.clientreachai.phperformance UserHandle{0}
04-13 12:25:57.304 I/HoneySpace.IconCache( 2040): removeSpecificIconDb: com.clientreachai.phperformance UserHandle{0}
04-13 12:25:57.325 V/WindowManager( 1069): Sent Transition (#15308) createdAt=04-13 12:25:57.171 via request=TransitionRequestInfo { type = OPEN, triggerTask = TaskInfo{userId=0 taskId=1241 effectiveUid=10382 displayId=0 isRunning=true baseIntent=Intent { act=android.intent.action.MAIN cat=[android.intent.category.LAUNCHER] flg=0x34000000 pkg=com.clientreachai.phperformance cmp=com.clientreachai.phperformance/.MainActivity } baseActivity=ComponentInfo{com.clientreachai.phperformance/com.clientreachai.phperformance.MainActivity} topActivity=ComponentInfo{com.clientreachai.phperformance/com.clientreachai.phperformance.MainActivity} origActivity=null realActivity=ComponentInfo{com.clientreachai.phperformance/com.clientreachai.phperformance.MainActivity} numActivities=1 lastActiveTime=494001417 supportsMultiWindow=true resizeMode=1 isResizeable=true minWidth=-1 minHeight=-1 maxWidth=-1 maxHeight=-1 defaultMinSize=220 desktopDefaultMinSize=304 token=WCT{RemoteToken{f663bb4 Task{5a58054 #1241 type=standard A=10382:com.clientreachai.phperformance}}} topActivityType=1 pictureInPictureParams=null shouldDockBigOverlays=false launchIntoPipHostTaskId=-1 lastParentTaskIdBeforePip=-1 displayCutoutSafeInsets=Rect(0, 80 - 0, 0) topActivityInfo=ActivityInfo{db14d4c com.clientreachai.phperformance.MainActivity} launchCookies=[] positionInParent=Point(0, 0) parentTaskId=-1 isFocused=false isVisible=false isVisibleRequested=false isTopActivityNoDisplay=false isSleeping=false locusId=null displayAreaFeatureId=1 isTopActivityTransparent=false isActivityStackTransparent=false lastNonFullscreenBounds=Rect(81, 604 - 999, 1774) capturedLink=null capturedLinkTimestamp=0 requestedVisibleTypes=-9 topActivityRequestOpenInBrowserEducationTimestamp=0 appCompatTaskInfo=AppCompatTaskInfo { topActivityInSizeCompat=false eligibleForLetterboxEducation= false isLetterboxEducationEnabled= false isLetterboxDoubleTapEnabled= false eligibleForUserAspectRatioButton= false topActivityBoundsLetterboxed= false isFromLetterboxDoubleTap= false topActivityLetterboxVerticalPosition= -1 topActivityLetterboxHorizontalPosition= -1 topActivityLetterboxWidth=-1 topActivityLetterboxHeight=-1 topActivityAppBounds=Rect(0, 0 - 1080, 2340) isUserFullscreenOverrideEnabled=false isSystemFullscreenOverrideEnabled=false hasMinAspectRatioOverride=false topActivityLetterboxBounds=null cameraCompatTaskInfo=CameraCompatTaskInfo { freeformCameraCompatMode=inactive} topActivityBounds=null topActivityInDisplayCompat=false singleTapFromLetterbox=false} topActivityMainWindowFrame=null originallySupportedMultiWindow=true hasWallpaper=false rootAffinity=10382:com.clientreachai.phperformance isTopTaskInStage=false CoverLauncherWidgetTask=false LaunchedFromAppsCoverLauncherTask=false LaunchedFromMultistarCoverLauncherTask=false isAllowedSeamlessRotation=false isTopTransparentActivity=false isAliasManaged=false hasConfigChanged=false snappingGuideBounds=null isAiKeyRemoveAppTask=false lastDesktopWindowingBounds=null lastExternalDesktopWindowingBounds=null safeCutoutInsets=null}, pipChange = null, remoteTransition = null, displayChange = null, flags = 0, debugId = 15308 }
04-13 12:25:57.325 V/WindowManager( 1069):         {WCT{RemoteToken{f663bb4 Task{5a58054 #1241 type=standard A=10382:com.clientreachai.phperformance}}} m=OPEN f=NONE leash=Surface(name=Task=1241)/@0xa89f8c6 sb=Rect(0, 0 - 1080, 2340) eb=Rect(0, 0 - 1080, 2340) epz=Point(1080, 2340) d=0 taskParent=-1 inset=Rect(0, 80 - 0, 42) dim=true},
