04-13 12:25:57.327 D/InsetsSourceProvider( 1069): updateControlForTarget: control=InsetsSourceControl: {5550000 mType=statusBars initiallyVisible mSurfacePosition=Point(0, 0) mInsetsHint=Insets{left=0, top=80, right=0, bottom=0}}, target=Window{319152f u0 Splash Screen com.clientreachai.phperformance}, from=com.android.server.wm.InsetsStateController.onControlTargetChanged:83 com.android.server.wm.InsetsPolicy.updateBarControlTarget:212 com.android.server.wm.DisplayPolicy.updateSystemBarAttributes:262 com.android.server.wm.DisplayPolicy.finishPostLayoutPolicyLw:17 com.android.server.wm.RootWindowContainer.applySurfaceChangesTransaction$1:195 
04-13 12:25:57.330 D/InsetsSourceProvider( 1069): updateControlForTarget: control=InsetsSourceControl: {8aec0001 mType=navigationBars initiallyVisible mSurfacePosition=Point(0, 2205) mInsetsHint=Insets{left=0, top=0, right=0, bottom=42}}, target=Window{319152f u0 Splash Screen com.clientreachai.phperformance}, from=com.android.server.wm.InsetsStateController.onControlTargetChanged:83 com.android.server.wm.InsetsPolicy.updateBarControlTarget:225 com.android.server.wm.DisplayPolicy.updateSystemBarAttributes:262 com.android.server.wm.DisplayPolicy.finishPostLayoutPolicyLw:17 com.android.server.wm.RootWindowContainer.applySurfaceChangesTransaction$1:195 
04-13 12:25:57.331 D/WindowManager( 1069): updateSystemBarAttributes: displayId=0, focusedCanBeNavColorWin=false, win=Window{319152f u0 Splash Screen com.clientreachai.phperformance}, navColorWin=Window{319152f u0 Splash Screen com.clientreachai.phperformance}, caller=com.android.server.wm.DisplayPolicy.finishPostLayoutPolicyLw:17 com.android.server.wm.RootWindowContainer.applySurfaceChangesTransaction$1:195 com.android.server.wm.RootWindowContainer.performSurfacePlacementNoTrace:59 
04-13 12:25:57.333 I/AppIconSolution( 2040): getThemeIconWithBG called with public API, pkg = com.clientreachai.phperformance, mode = 48
04-13 12:25:57.333 D/SurfaceComposerClient( 1069): setCornerRadius ## 319152f Splash Screen com.clientreachai.phperformance#224555 cornerRadius=0.000000
04-13 12:25:57.333 I/AppIconSolution( 2040): return adaptive icon for com.clientreachai.phperformance, isNight = true
04-13 12:25:57.335 I/AppIconSolution( 2040): getThemeIconWithBG called with public API, pkg = com.clientreachai.phperformance, mode = 48
04-13 12:25:57.335 I/AppIconSolution( 2040): return adaptive icon for com.clientreachai.phperformance, isNight = true
04-13 12:25:57.336 I/LauncherActivityInfo( 2040): packageName: com.clientreachai.phperformance, useThemeIcon: false, height: 288, width: 288, density: 640
04-13 12:25:57.337 I/SurfaceFlinger(  865): id=224562 createSurf, flag=84000, 7ca35cb ActivityRecordInputSink com.clientreachai.phperformance/.MainActivity#224562
04-13 12:25:57.337 I/LauncherActivityInfo( 2040): packageName: com.clientreachai.phperformance, useThemeIcon: false, height: 288, width: 288, density: 640
04-13 12:25:57.348 I/SurfaceFlinger(  865): [7ca35cb ActivityRecordInputSink com.clientreachai.phperformance/.MainActivity#224562] attach to parent LayerHierarchy{RequestedLayerState{ActivityRecord{178144449 u0 com.clientreachai.phperformance/.MainActivity t1241}#224554 parentId=224553} 2 children}
04-13 12:25:57.348 D/SurfaceComposerClient( 1069): setCornerRadius ## 319152f Splash Screen com.clientreachai.phperformance#224555 cornerRadius=0.000000
04-13 12:25:57.357 I/HoneySpace.IconCache( 2040): add icon DB: [com.clientreachai.phperformance/.MainActivity#UserHandle{0}] - IconAndLabel(icon=android.graphics.Bitmap@2ed67f3, label=PH Performance) | false | 640 | false |true | -16185078
04-13 12:25:57.358 I/HoneySpace.IconCache( 2040): add icon DB: [com.clientreachai.phperformance/.MainActivity#UserHandle{0}] - IconAndLabel(icon=android.graphics.Bitmap@2ed67f3, label=PH Performance) | false | 640 | false |true | -16185078
04-13 12:25:57.359 I/WindowManager( 1069): notifyInsetsControlChanged, removed=false, win=Window{319152f u0 Splash Screen com.clientreachai.phperformance}, caller=com.android.server.wm.InsetsStateController$$ExternalSyntheticLambda1.run:137 com.android.server.wm.WindowAnimator$$ExternalSyntheticLambda2.onTransactionCommitted:26 android.view.SurfaceControl$Transaction$$ExternalSyntheticLambda4.run:0 android.os.Handler.handleCallback:995 android.os.Handler.dispatchMessage:103 android.os.Looper.loopOnce:273 
04-13 12:25:57.364 I/SurfaceFlinger(  865): RequestedLayer [319152f Splash Screen com.clientreachai.phperformance#224555] hidden!! flag  from(1) --> to(0)
04-13 12:25:57.364 I/SurfaceFlinger(  865): RequestedLayer [Splash Screen com.clientreachai.phperformance$_1588#224556] hidden!! flag  from(1) --> to(0)
04-13 12:25:57.365 D/nativeloader(24508): Configuring clns-9 for other apk /system/framework/sec_camerax_impl.jar. target_sdk_version=36, uses_libraries=ALL, library_path=/data/app/~~Zboo6mjpNjZvBf17KnCP6A==/com.clientreachai.phperformance-Mw1eDAK9MhPJY-XSIMS47Q==/lib/arm64:/data/app/~~Zboo6mjpNjZvBf17KnCP6A==/com.clientreachai.phperformance-Mw1eDAK9MhPJY-XSIMS47Q==/base.apk!/lib/arm64-v8a, permitted_path=/data:/mnt/expand:/data/user/0/com.clientreachai.phperformance
04-13 12:25:57.370 D/SGM:GameManager( 1069): identifyGamePackage. com.clientreachai.phperformance, mCurrentUserId: 0, callingMethodInfo: com.samsung.android.game.IGameManagerService$Stub.onTransact(IGameManagerService.java:247)
04-13 12:25:57.371 I/InsetsSourceConsumer( 1588): applyRequestedVisibilityToControl: visible=true, type=statusBars, host=Splash Screen com.clientreachai.phperformance
04-13 12:25:57.372 I/InsetsSourceConsumer( 1588): applyRequestedVisibilityToControl: visible=true, type=navigationBars, host=Splash Screen com.clientreachai.phperformance
04-13 12:25:57.373 I/HoneySpace.HoneySpacePackageSourceImpl( 2040): Package changed : com.clientreachai.phperformance
04-13 12:25:57.373 I/SearchableManager( 2040): invalidate: com.clientreachai.phperformance
04-13 12:25:57.375 D/nativeloader(24508): Configuring clns-10 for other apk /data/app/~~Zboo6mjpNjZvBf17KnCP6A==/com.clientreachai.phperformance-Mw1eDAK9MhPJY-XSIMS47Q==/base.apk. target_sdk_version=36, uses_libraries=, library_path=/data/app/~~Zboo6mjpNjZvBf17KnCP6A==/com.clientreachai.phperformance-Mw1eDAK9MhPJY-XSIMS47Q==/lib/arm64:/data/app/~~Zboo6mjpNjZvBf17KnCP6A==/com.clientreachai.phperformance-Mw1eDAK9MhPJY-XSIMS47Q==/base.apk!/lib/arm64-v8a, permitted_path=/data:/mnt/expand:/data/user/0/com.clientreachai.phperformance
04-13 12:25:57.384 V/GraphicsEnvironment(24508): com.clientreachai.phperformance is not listed in per-application setting
04-13 12:25:57.384 V/GraphicsEnvironment(24508): com.clientreachai.phperformance is not listed in ANGLE allowlist or settings, returning default
04-13 12:25:57.390 I/HoneySpace.DataCache( 2040): insertItem : id=3080, title=PH Performance, type=APP, containerType=ITEM_GROUP, containerId=-1, x=-1, y=-1, rank=-1, spanX=-1, spanY=-1, scale=1.0, component=com.clientreachai.phperformance/.MainActivity, profileId=0, intent=null, restored=0, hidden=UNHIDDEN, appWidgetId=-1, options=0, refPackageName=null
04-13 12:25:57.399 I/HoneySpace.DataCache( 2040): updateItem : id=3080, title=PH Performance, type=APP, containerType=ITEM_GROUP, containerId=12, x=-1, y=-1, rank=3, spanX=-1, spanY=-1, scale=1.0, component=com.clientreachai.phperformance/.MainActivity, profileId=0, intent=null, restored=0, hidden=UNHIDDEN, appWidgetId=-1, options=0, refPackageName=null
04-13 12:25:57.408 D/PackageManager( 1069): setEnabledSetting : userId = 0 packageName = com.clientreachai.phperformance cmp = androidx.work.impl.background.systemjob.SystemJobService newState = 1 callingPackage = com.clientreachai.phperformance
04-13 12:25:57.408 D/ApplicationPolicy( 1069): getApplicationStateEnabled : pkg = com.clientreachai.phperformance userId : 0
04-13 12:25:57.409 D/ApplicationPolicy( 1069): getApplicationComponentState : pkg = com.clientreachai.phperformance userId : 0
04-13 12:25:57.416 I/HoneySpace.DefaultPlugin( 2040): createHoney honeyInfo=HoneyInfo(parentHoney=W2.w0@b811835, packageName=null, type=appicon) honeyData=HoneyData(id=3080, data=[app, id:3080 label:PH Performance componnet:com.clientreachai.phperformance/.MainActivity#UserHandle{0} badgeCount:0  drag:false iconState:NONE], bundleData=null, savedState=null) context=com.sec.android.app.launcher.Launcher@8cba3e1
04-13 12:25:57.418 D/SurfaceFlinger(  865):        DEVICE |            6820408893313 | 00002100 | RGBA_8888    |    0.0    0.0  106.0 2340.0 |  974    0 1080 2340 | Splash Screen com.clientreachai.phperformance$_1588#224556 (1)
04-13 12:25:57.427 W/SoLoader(24508): Recording new base apk path: /data/app/~~Zboo6mjpNjZvBf17KnCP6A==/com.clientreachai.phperformance-Mw1eDAK9MhPJY-XSIMS47Q==/base.apk
04-13 12:25:57.428 D/SurfaceComposerClient( 1069): setCornerRadius ## 319152f Splash Screen com.clientreachai.phperformance#224555 cornerRadius=0.000000
04-13 12:25:57.428 I/SoLoader(24508): Preparing SO source: DirectApkSoSource[root = [/data/app/~~Zboo6mjpNjZvBf17KnCP6A==/com.clientreachai.phperformance-Mw1eDAK9MhPJY-XSIMS47Q==/base.apk!/lib/arm64-v8a]]
04-13 12:25:57.434 I/SoLoader(24508): Preparing SO source: ApplicationSoSource[DirectorySoSource[root = /data/app/~~Zboo6mjpNjZvBf17KnCP6A==/com.clientreachai.phperformance-Mw1eDAK9MhPJY-XSIMS47Q==/lib/arm64 flags = 0]]
04-13 12:25:57.435 D/SurfaceFlinger(  865):        DEVICE |            6820408893313 | 00002100 | RGBA_8888    |    0.0    0.0  238.0 2340.0 |  842    0 1080 2340 | Splash Screen com.clientreachai.phperformance$_1588#224556 (1)
04-13 12:25:57.449 D/nativeloader(24508): Load /data/app/~~Zboo6mjpNjZvBf17KnCP6A==/com.clientreachai.phperformance-Mw1eDAK9MhPJY-XSIMS47Q==/base.apk!/lib/arm64-v8a/libc++_shared.so using class loader ns clns-10 (caller=/data/app/~~Zboo6mjpNjZvBf17KnCP6A==/com.clientreachai.phperformance-Mw1eDAK9MhPJY-XSIMS47Q==/base.apk!classes4.dex): ok
04-13 12:25:57.455 D/nativeloader(24508): Load /data/app/~~Zboo6mjpNjZvBf17KnCP6A==/com.clientreachai.phperformance-Mw1eDAK9MhPJY-XSIMS47Q==/base.apk!/lib/arm64-v8a/libjsi.so using class loader ns clns-10 (caller=/data/app/~~Zboo6mjpNjZvBf17KnCP6A==/com.clientreachai.phperformance-Mw1eDAK9MhPJY-XSIMS47Q==/base.apk!classes4.dex): ok
04-13 12:25:57.456 I/HoneySpace.HoneySpaceManagerContainer( 2040): refreshHoneyPlugin, packageName: com.clientreachai.phperformance
04-13 12:25:57.461 D/nativeloader(24508): Load /data/app/~~Zboo6mjpNjZvBf17KnCP6A==/com.clientreachai.phperformance-Mw1eDAK9MhPJY-XSIMS47Q==/base.apk!/lib/arm64-v8a/libfbjni.so using class loader ns clns-10 (caller=/data/app/~~Zboo6mjpNjZvBf17KnCP6A==/com.clientreachai.phperformance-Mw1eDAK9MhPJY-XSIMS47Q==/base.apk!classes4.dex): ok
04-13 12:25:57.462 I/HoneySpace.AppsEdgePanel.ViewModel( 2040): packageChanged : com.clientreachai.phperformance
04-13 12:25:57.467 D/nativeloader(24508): Load /data/app/~~Zboo6mjpNjZvBf17KnCP6A==/com.clientreachai.phperformance-Mw1eDAK9MhPJY-XSIMS47Q==/base.apk!/lib/arm64-v8a/libreactnative.so using class loader ns clns-10 (caller=/data/app/~~Zboo6mjpNjZvBf17KnCP6A==/com.clientreachai.phperformance-Mw1eDAK9MhPJY-XSIMS47Q==/base.apk!classes4.dex): ok
04-13 12:25:57.477 D/MdnieScenarioControlService( 1069):  packageName : com.clientreachai.phperformance    className : com.clientreachai.phperformance.MainActivity
04-13 12:25:57.479 D/nativeloader(24508): Load /data/app/~~Zboo6mjpNjZvBf17KnCP6A==/com.clientreachai.phperformance-Mw1eDAK9MhPJY-XSIMS47Q==/base.apk!/lib/arm64-v8a/libreact_codegen_rnscreens.so using class loader ns clns-10 (caller=/data/app/~~Zboo6mjpNjZvBf17KnCP6A==/com.clientreachai.phperformance-Mw1eDAK9MhPJY-XSIMS47Q==/base.apk!classes4.dex): ok
04-13 12:25:57.486 D/nativeloader(24508): Load /data/app/~~Zboo6mjpNjZvBf17KnCP6A==/com.clientreachai.phperformance-Mw1eDAK9MhPJY-XSIMS47Q==/base.apk!/lib/arm64-v8a/libreact_codegen_rnsvg.so using class loader ns clns-10 (caller=/data/app/~~Zboo6mjpNjZvBf17KnCP6A==/com.clientreachai.phperformance-Mw1eDAK9MhPJY-XSIMS47Q==/base.apk!classes4.dex): ok
04-13 12:25:57.492 D/nativeloader(24508): Load /data/app/~~Zboo6mjpNjZvBf17KnCP6A==/com.clientreachai.phperformance-Mw1eDAK9MhPJY-XSIMS47Q==/base.apk!/lib/arm64-v8a/libreact_codegen_RNKC.so using class loader ns clns-10 (caller=/data/app/~~Zboo6mjpNjZvBf17KnCP6A==/com.clientreachai.phperformance-Mw1eDAK9MhPJY-XSIMS47Q==/base.apk!classes4.dex): ok
04-13 12:25:57.493 D/SurfaceComposerClient( 1069): setCornerRadius ## 319152f Splash Screen com.clientreachai.phperformance#224555 cornerRadius=0.000000
04-13 12:25:57.498 D/nativeloader(24508): Load /data/app/~~Zboo6mjpNjZvBf17KnCP6A==/com.clientreachai.phperformance-Mw1eDAK9MhPJY-XSIMS47Q==/base.apk!/lib/arm64-v8a/libreact_codegen_safeareacontext.so using class loader ns clns-10 (caller=/data/app/~~Zboo6mjpNjZvBf17KnCP6A==/com.clientreachai.phperformance-Mw1eDAK9MhPJY-XSIMS47Q==/base.apk!classes4.dex): ok
04-13 12:25:57.501 D/SurfaceFlinger(  865):        DEVICE |            6820408893313 | 00002100 | RGBA_8888    |    0.0    0.0  768.0 2340.0 |  312    0 1080 2340 | Splash Screen com.clientreachai.phperformance$_1588#224556 (1)
04-13 12:25:57.504 D/nativeloader(24508): Load /data/app/~~Zboo6mjpNjZvBf17KnCP6A==/com.clientreachai.phperformance-Mw1eDAK9MhPJY-XSIMS47Q==/base.apk!/lib/arm64-v8a/libappmodules.so using class loader ns clns-10 (caller=/data/app/~~Zboo6mjpNjZvBf17KnCP6A==/com.clientreachai.phperformance-Mw1eDAK9MhPJY-XSIMS47Q==/base.apk!classes4.dex): ok
04-13 12:25:57.518 D/SGM:FgCheckThread( 1069): notifyAppCreated(), packageName: com.clientreachai.phperformance, userId: 0, sendRet: true
04-13 12:25:57.519 D/SGM:FgCheckThread( 1069): onLooperPrepared(), msg: MSG_APP_CREATE, pkgName: com.clientreachai.phperformance, userId: 0
04-13 12:25:57.520 D/SGM:FgCheckThread( 1069):   sendRunningComponentFocus(), pkgName: com.clientreachai.phperformance, userId: 0
04-13 12:25:57.521 D/InputDispatcher( 1069): Focused application(0): ActivityRecord{178144449 u0 com.clientreachai.phperformance/.MainActivity t1241}
04-13 12:25:57.521 D/SGM:FgCheckThread( 1069): onLooperPrepared(), msg: MSG_TASK_FOCUSED, pkgName: com.clientreachai.phperformance, userId: 0
04-13 12:25:57.521 D/SGM:FgCheckThread( 1069):   handleTaskFocused(), pkgName: com.clientreachai.phperformance, userID:0
04-13 12:25:57.521 D/ActivityTaskManager( 1069): scheduleTopResumedActivityChanged, onTop=true, r=ActivityRecord{178144449 u0 com.clientreachai.phperformance/.MainActivity t1241}, caller=com.android.server.wm.ActivityTaskSupervisor.scheduleTopResumedActivityStateIfNeeded:18 com.android.server.wm.ActivityTaskSupervisor.updateTopResumedActivityIfNeeded:54 com.android.server.wm.TaskFragment.setResumedActivity:30 com.android.server.wm.ActivityRecord.setState:100 com.android.server.wm.ActivityTaskSupervisor.realStartActivityLocked:477 com.android.server.wm.RootWindowContainer.attachApplication:92 
04-13 12:25:57.521 D/SGM:FgCheckThread( 1069):   handleResume(). pkgName: com.clientreachai.phperformance, userId: 0, category: non-game
04-13 12:25:57.521 D/SGM:FgCheckThread( 1069): notifyFocusInOut(). of pkg: com.clientreachai.phperformance, type: 4, isSecGameFamily: false, userId: 0
04-13 12:25:57.526 D/GraphicsStatsService( 1069): requestRenderEngineFor(com.clientreachai.phperformance)
04-13 12:25:57.526 D/ActivityThread(24508): com.clientreachai.phperformance will use render engine as VK
04-13 12:25:57.537 D/SGM:FgCheckThread( 1069): noteResumeComponent(), received pkgName: com.clientreachai.phperformance, userId: 0
04-13 12:25:57.537 D/SGM:FgCheckThread( 1069): onLooperPrepared(), msg: MSG_APP_RESUME, pkgName: com.clientreachai.phperformance, userid: 0
04-13 12:25:57.537 I/SDHMS:k ( 4646): handleResumeComponent : put = com.clientreachai.phperformance, userid = 0 instanceid =50711289
04-13 12:25:57.538 I/HoneySpace.EdgePanel.EdgePanelContainerViewModel( 2040): cocktailHostRepository.edgePanelOperation NoteResumeComponent(componentName=ComponentInfo{com.clientreachai.phperformance/com.clientreachai.phperformance.MainActivity})
04-13 12:25:57.538 I/HoneySpace.EdgePanel.ActivityUtils( 2040): HomePackage : com.sec.android.app.launcher, resumePackageName : com.clientreachai.phperformance, className : com.clientreachai.phperformance.MainActivity
04-13 12:25:57.590 W/unknown:BridgelessReact(24508): ReactHost{0}.getJSBundleLoader()
04-13 12:25:57.615 D/nativeloader(24508): Load /data/app/~~Zboo6mjpNjZvBf17KnCP6A==/com.clientreachai.phperformance-Mw1eDAK9MhPJY-XSIMS47Q==/base.apk!/lib/arm64-v8a/libhermesvm.so using class loader ns clns-10 (caller=/data/app/~~Zboo6mjpNjZvBf17KnCP6A==/com.clientreachai.phperformance-Mw1eDAK9MhPJY-XSIMS47Q==/base.apk!classes4.dex): ok
04-13 12:25:57.619 D/nativeloader(24508): Load /data/app/~~Zboo6mjpNjZvBf17KnCP6A==/com.clientreachai.phperformance-Mw1eDAK9MhPJY-XSIMS47Q==/base.apk!/lib/arm64-v8a/libhermestooling.so using class loader ns clns-10 (caller=/data/app/~~Zboo6mjpNjZvBf17KnCP6A==/com.clientreachai.phperformance-Mw1eDAK9MhPJY-XSIMS47Q==/base.apk!classes4.dex): ok
04-13 12:25:57.620 I/SurfaceFlinger(  865): id=224564 createSurf, flag=84004, c0abc8 com.clientreachai.phperformance/com.clientreachai.phperformance.MainActivity#224564
04-13 12:25:57.625 I/InsetsController(24508): onStateChanged: host=com.clientreachai.phperformance/com.clientreachai.phperformance.MainActivity, from=android.view.ViewRootImpl.onInsetsStateChanged:3026, state=InsetsState: {mDisplayFrame=Rect(0, 0 - 1080, 2340), mDisplayCutout=DisplayCutout{insets=Rect(0, 80 - 0, 0) waterfall=Insets{left=0, top=0, right=0, bottom=0} boundingRect={Bounds=[Rect(0, 0 - 0, 0), Rect(511, 0 - 569, 80), Rect(0, 0 - 0, 0), Rect(0, 0 - 0, 0)]} cutoutPathParserInfo={CutoutPathParserInfo{displayWidth=1080 displayHeight=2340 physicalDisplayWidth=1080 physicalDisplayHeight=2340 density={2.8125} cutoutSpec={M 0,0 M 0,7.822222222222222‬‬ a 10.31111111111111‬,10.31111111111111‬ 0 1,0 0,20.62222222222222‬ a 10.31111111111111‬,10.31111111111111‬ 0 1,0 0,-20.62222222222222‬ Z @dp} rotation={0} scale={1.0} physicalPixelDisplaySizeRatio={1.0}}} sideOverrides={}}, mRoundedCorners=RoundedCorners{[RoundedCorner{position=TopLeft, radius=113, center=Point(113, 113)}, RoundedCorner{position=TopRight, radius=113, center=Point(967, 113)}, RoundedCorner{position=BottomRight, radius=113, center=Point(967, 2227)}, RoundedCorner{position=BottomLeft, radius=113, center=Point(113, 2227)}]}  mRoundedCornerFrame=Rect(0, 0 - 1080, 2340), mPrivacyIndicatorBounds=PrivacyIndicatorBounds {static bounds=Rect(956, 0 - 1080, 80) rotation=0}, mDisplayShape=DisplayShape{ spec=-311912193 displayWidth=1080 displayHeight=2340 physicalPixelDisplaySizeRatio=1.0 rotation=0 offsetX=0 offsetY=0 scale=1.0}, mSources= { InsetsSource: {8aec0001 mType=navigationBars mFrame=[0,2298][1080,2340] mVisible=true mFlags=SUPPRESS_SCRIM mSideHint=BOTTOM mBoundingRects=null}, InsetsSource: {8aec0004 mType=systemGestures mFrame=[0,0][84,2340] mVisible=true mFlags= mSideHint=LEFT mBoundingRects=null}, InsetsSource: {8aec0005 mType=mandatorySystemGestures mFrame=[0,2250][1080,2340] mVisible=true mFlags= mSideHint=BOTTOM mBoundingRects=null}, InsetsSource: {8aec0006 mType=tappableElement mFrame=[0,0][0,0] mVisible=true mFlags= mSideHint=NONE mBoundingRects=null}, InsetsSource: {8aec0024 mType=systemGestures mFrame=[996,0][1080,2340] mVisible=true mFlags= mSideHint=RIGHT mBoundingRects=null}, InsetsSource: {3 mType=ime mFrame=[0,0][0,0] mVisible=false mFlags= mSideHint=NONE mBoundingRects=null}, InsetsSource: {27 mType=displayCutout mFrame=[0,0][1080,80] mVisible=true mFlags= mSideHint=TOP mBoundingRects=null}, InsetsSource: {5550000 mType=statusBars mFrame=[0,0][1080,80] mVisible=true mFlags= mSideHint=TOP mBoundingRects=null}, InsetsSource: {5550005 mType=mandatorySystemGestures mFrame=[0,0][1080,114] mVisible=true mFlags= mSideHint=TOP mBoundingRects=null}, InsetsSource: {5550006 mType=tappableElement mFrame=[0,0][1080,80] mVisible=true mFlags= mSideHint=TOP mBoundingRects=null} }
04-13 12:25:57.626 I/IDS_TAG (24508): Getting Shared Preference for com.clientreachai.phperformance.MainApplication@3d7f771 uid = 10382
04-13 12:25:57.627 I/IDS_TAG (24508): App com.clientreachai.phperformance.MainApplication@3d7f771 has not finished training
04-13 12:25:57.628 I/IDS_TAG (24508): Getting Shared Preference for com.clientreachai.phperformance.MainApplication@3d7f771 uid = 10382
04-13 12:25:57.628 I/IDS_TAG (24508): IDS count updated to 1 for com.clientreachai.phperformance.MainApplication@3d7f771
04-13 12:25:57.634 I/SurfaceFlinger(  865): [c0abc8 com.clientreachai.phperformance/com.clientreachai.phperformance.MainActivity#224564] attach to parent LayerHierarchy{RequestedLayerState{ActivityRecord{178144449 u0 com.clientreachai.phperformance/.MainActivity t1241}#224554 parentId=224553} 3 children}
04-13 12:25:57.635 D/CoreBackPreview( 1069): Window{c0abc8 u0 com.clientreachai.phperformance/com.clientreachai.phperformance.MainActivity}: Setting back callback OnBackInvokedCallbackInfo{mCallback=android.window.IOnBackInvokedCallback$Stub$Proxy@ec8db86, mPriority=0, mIsAnimationCallback=false, mOverrideBehavior=0}
04-13 12:25:57.635 I/WindowManager( 1069): Relayout Window{c0abc8 u0 com.clientreachai.phperformance/com.clientreachai.phperformance.MainActivity}: viewVisibility=0 req=1080x2340 ty=1 d0
04-13 12:25:57.636 I/SurfaceFlinger(  865): id=224565 createSurf, flag=44004, com.clientreachai.phperformance/com.clientreachai.phperformance.MainActivity$_24508#224565
04-13 12:25:57.637 D/WindowManager( 1069): makeSurface duration=2 name=com.clientreachai.phperformance/com.clientreachai.phperformance.MainActivity$_24508
04-13 12:25:57.637 D/SurfaceComposerClient( 1069): setCornerRadius ## 319152f Splash Screen com.clientreachai.phperformance#224555 cornerRadius=0.000000
04-13 12:25:57.638 D/SurfaceComposerClient( 1069): setCornerRadius ## c0abc8 com.clientreachai.phperformance/com.clientreachai.phperformance.MainActivity#224564 cornerRadius=0.000000
04-13 12:25:57.638 D/SurfaceComposerClient( 1069): setCornerRadius ## 319152f Splash Screen com.clientreachai.phperformance#224555 cornerRadius=0.000000
04-13 12:25:57.638 D/SurfaceComposerClient( 1069): setCornerRadius ## c0abc8 com.clientreachai.phperformance/com.clientreachai.phperformance.MainActivity#224564 cornerRadius=0.000000
04-13 12:25:57.639 D/WindowManager( 1069): Changing focus from null to Window{c0abc8 u0 com.clientreachai.phperformance/com.clientreachai.phperformance.MainActivity} displayId=0 Callers=com.android.server.wm.WindowManagerService.relayoutWindow:1366 com.android.server.wm.Session.relayout:27 android.view.IWindowSession$Stub.onTransact:829 com.android.server.wm.Session.onTransact:1 
04-13 12:25:57.641 D/InsetsSourceProvider( 1069): updateControlForTarget: control=InsetsSourceControl: {5550000 mType=statusBars initiallyVisible mSurfacePosition=Point(0, 0) mInsetsHint=Insets{left=0, top=80, right=0, bottom=0}}, target=Window{c0abc8 u0 com.clientreachai.phperformance/com.clientreachai.phperformance.MainActivity}, from=com.android.server.wm.InsetsStateController.onControlTargetChanged:83 com.android.server.wm.InsetsPolicy.updateBarControlTarget:212 com.android.server.wm.DisplayPolicy.updateSystemBarAttributes:262 com.android.server.wm.WindowManagerService.updateFocusedWindowLocked:372 com.android.server.wm.WindowManagerService.relayoutWindow:1366 
04-13 12:25:57.644 D/InsetsSourceProvider( 1069): updateControlForTarget: control=InsetsSourceControl: {8aec0001 mType=navigationBars initiallyVisible mSurfacePosition=Point(0, 2205) mInsetsHint=Insets{left=0, top=0, right=0, bottom=42}}, target=Window{c0abc8 u0 com.clientreachai.phperformance/com.clientreachai.phperformance.MainActivity}, from=com.android.server.wm.InsetsStateController.onControlTargetChanged:83 com.android.server.wm.InsetsPolicy.updateBarControlTarget:225 com.android.server.wm.DisplayPolicy.updateSystemBarAttributes:262 com.android.server.wm.WindowManagerService.updateFocusedWindowLocked:372 com.android.server.wm.WindowManagerService.relayoutWindow:1366 
04-13 12:25:57.645 V/SystemKeyManager( 1069): updateFocusedWindow() is called, com.clientreachai.phperformance/com.clientreachai.phperformance.MainActivity
04-13 12:25:57.645 I/SystemKeyManager( 1069): requested systemKeyInfo size=1 focusedWindow=com.clientreachai.phperformance/com.clientreachai.phperformance.MainActivity
04-13 12:25:57.645 I/SystemKeyManager( 1069): requested systemKeyInfo size=3 focusedWindow=com.clientreachai.phperformance/com.clientreachai.phperformance.MainActivity
04-13 12:25:57.651 I/SurfaceFlinger(  865): [com.clientreachai.phperformance/com.clientreachai.phperformance.MainActivity$_24508#224565] attach to parent LayerHierarchy{RequestedLayerState{c0abc8 com.clientreachai.phperformance/com.clientreachai.phperformance.MainActivity#224564 parentId=224554} 1 children}
04-13 12:25:57.676 I/WindowManager( 1069): notifyInsetsControlChanged, removed=false, win=Window{319152f u0 Splash Screen com.clientreachai.phperformance}, caller=com.android.server.wm.InsetsStateController$$ExternalSyntheticLambda1.run:137 com.android.server.wm.WindowAnimator$$ExternalSyntheticLambda2.onTransactionCommitted:26 android.view.SurfaceControl$Transaction$$ExternalSyntheticLambda4.run:0 android.os.Handler.handleCallback:995 android.os.Handler.dispatchMessage:103 android.os.Looper.loopOnce:273 
04-13 12:25:57.681 I/InsetsSourceConsumer(24508): applyRequestedVisibilityToControl: visible=true, type=statusBars, host=com.clientreachai.phperformance/com.clientreachai.phperformance.MainActivity
04-13 12:25:57.682 I/InsetsSourceConsumer(24508): applyRequestedVisibilityToControl: visible=true, type=navigationBars, host=com.clientreachai.phperformance/com.clientreachai.phperformance.MainActivity
04-13 12:25:57.685 D/SurfaceFlinger(  865): [input] setFocusedWindow: c0abc8 com.clientreachai.phperformance/com.clientreachai.phperformance.MainActivity
04-13 12:25:57.685 D/InputDispatcher( 1069): Once focus requested (0): c0abc8 com.clientreachai.phperformance/com.clientreachai.phperformance.MainActivity
04-13 12:25:57.685 D/InputDispatcher( 1069): Focus request (0): c0abc8 com.clientreachai.phperformance/com.clientreachai.phperformance.MainActivity but waiting because NO_WINDOW
04-13 12:25:57.773 I/SearchEngineAppSuggestion( 2040): package changed: com.clientreachai.phperformance
04-13 12:25:57.778 I/HoneySpace.SuggestAppDecor( 2040): getInstaller: com.clientreachai.phperformance [com.google.android.packageinstaller]
04-13 12:25:57.816 V/WindowManager( 1069):    ChangeInfo{81dba80 container=Task{5a58054 #1241 type=standard A=10382:com.clientreachai.phperformance} flags=0x10}
04-13 12:25:57.816 V/WindowManager( 1069):    ChangeInfo{f3e94fe container=ActivityRecord{178144449 u0 com.clientreachai.phperformance/.MainActivity t1241} flags=0x0}
04-13 12:25:57.818 D/PersonaActivityHelper( 1069): token.toString()  Token{305caf9 ActivityRecord{178144449 u0 com.clientreachai.phperformance/.MainActivity t1241}}
04-13 12:25:57.819 D/ChangeTransitionController( 1069):    ChangeInfo{81dba80 container=Task{5a58054 #1241 type=standard A=10382:com.clientreachai.phperformance} flags=0x10}
04-13 12:25:57.819 D/ChangeTransitionController( 1069):    ChangeInfo{f3e94fe container=ActivityRecord{178144449 u0 com.clientreachai.phperformance/.MainActivity t1241} flags=0x0}
04-13 12:25:57.822 D/SurfaceComposerClient( 1069): setCornerRadius ## 319152f Splash Screen com.clientreachai.phperformance#224555 cornerRadius=0.000000
04-13 12:25:57.822 D/SurfaceComposerClient( 1069): setCornerRadius ## c0abc8 com.clientreachai.phperformance/com.clientreachai.phperformance.MainActivity#224564 cornerRadius=0.000000
04-13 12:25:57.836 D/SurfaceComposerClient( 1069): setCornerRadius ## 319152f Splash Screen com.clientreachai.phperformance#224555 cornerRadius=0.000000
04-13 12:25:57.836 D/SurfaceComposerClient( 1069): setCornerRadius ## c0abc8 com.clientreachai.phperformance/com.clientreachai.phperformance.MainActivity#224564 cornerRadius=0.000000
04-13 12:25:57.853 D/SurfaceFlinger(  865):        DEVICE |            6820408893313 | 00002100 | RGBA_8888    |    0.0    0.0 1080.0 2340.0 |    0    0 1080 2340 | Splash Screen com.clientreachai.phperformance$_1588#224556 (1)
04-13 12:25:57.855 D/SurfaceComposerClient( 1069): setCornerRadius ## 319152f Splash Screen com.clientreachai.phperformance#224555 cornerRadius=0.000000
04-13 12:25:57.855 D/SurfaceComposerClient( 1069): setCornerRadius ## c0abc8 com.clientreachai.phperformance/com.clientreachai.phperformance.MainActivity#224564 cornerRadius=0.000000
04-13 12:25:57.861 D/SurfaceComposerClient( 1069): setCornerRadius ## 319152f Splash Screen com.clientreachai.phperformance#224555 cornerRadius=0.000000
04-13 12:25:57.861 D/SurfaceComposerClient( 1069): setCornerRadius ## c0abc8 com.clientreachai.phperformance/com.clientreachai.phperformance.MainActivity#224564 cornerRadius=0.000000
04-13 12:25:57.865 D/SurfaceComposerClient( 1069): setCornerRadius ## 319152f Splash Screen com.clientreachai.phperformance#224555 cornerRadius=0.000000
04-13 12:25:57.865 D/SurfaceComposerClient( 1069): setCornerRadius ## c0abc8 com.clientreachai.phperformance/com.clientreachai.phperformance.MainActivity#224564 cornerRadius=0.000000
04-13 12:25:57.867 D/SurfaceComposerClient( 1069): setCornerRadius ## 319152f Splash Screen com.clientreachai.phperformance#224555 cornerRadius=0.000000
04-13 12:25:57.868 D/SurfaceComposerClient( 1069): setCornerRadius ## c0abc8 com.clientreachai.phperformance/com.clientreachai.phperformance.MainActivity#224564 cornerRadius=0.000000
04-13 12:25:57.869 D/SurfaceComposerClient( 1069): setCornerRadius ## 319152f Splash Screen com.clientreachai.phperformance#224555 cornerRadius=0.000000
04-13 12:25:57.869 D/SurfaceComposerClient( 1069): setCornerRadius ## c0abc8 com.clientreachai.phperformance/com.clientreachai.phperformance.MainActivity#224564 cornerRadius=0.000000
04-13 12:25:57.873 D/SurfaceComposerClient( 1069): setCornerRadius ## 319152f Splash Screen com.clientreachai.phperformance#224555 cornerRadius=0.000000
04-13 12:25:57.874 D/SurfaceComposerClient( 1069): setCornerRadius ## c0abc8 com.clientreachai.phperformance/com.clientreachai.phperformance.MainActivity#224564 cornerRadius=0.000000
04-13 12:25:57.874 D/SurfaceComposerClient( 1069): setCornerRadius ## 319152f Splash Screen com.clientreachai.phperformance#224555 cornerRadius=0.000000
04-13 12:25:57.874 D/SurfaceComposerClient( 1069): setCornerRadius ## c0abc8 com.clientreachai.phperformance/com.clientreachai.phperformance.MainActivity#224564 cornerRadius=0.000000
04-13 12:25:57.875 D/SurfaceComposerClient( 1069): setCornerRadius ## 319152f Splash Screen com.clientreachai.phperformance#224555 cornerRadius=0.000000
04-13 12:25:57.875 D/SurfaceComposerClient( 1069): setCornerRadius ## c0abc8 com.clientreachai.phperformance/com.clientreachai.phperformance.MainActivity#224564 cornerRadius=0.000000
04-13 12:25:57.882 D/SurfaceComposerClient( 1069): setCornerRadius ## 319152f Splash Screen com.clientreachai.phperformance#224555 cornerRadius=0.000000
04-13 12:25:57.882 D/SurfaceComposerClient( 1069): setCornerRadius ## c0abc8 com.clientreachai.phperformance/com.clientreachai.phperformance.MainActivity#224564 cornerRadius=0.000000
04-13 12:25:57.882 D/SurfaceComposerClient( 1069): setCornerRadius ## 319152f Splash Screen com.clientreachai.phperformance#224555 cornerRadius=0.000000
04-13 12:25:57.882 D/SurfaceComposerClient( 1069): setCornerRadius ## c0abc8 com.clientreachai.phperformance/com.clientreachai.phperformance.MainActivity#224564 cornerRadius=0.000000
04-13 12:25:58.145 D/SGM:GameManager( 1069): identifyForegroundApp. com.clientreachai.phperformance, mCurrentUserId: 0, callerUserId: 0
04-13 12:25:58.203 I/Finsky  (28971): [1660] Installer package name of package com.clientreachai.phperformance is com.google.android.packageinstaller
04-13 12:25:58.255 I/SearchableManager( 2040): invalidate: com.clientreachai.phperformance
04-13 12:25:58.300 W/unknown:BridgelessReact(24508): ReactHost{0}.getOrCreateReactInstanceTask(): Loading JS Bundle
04-13 12:25:58.321 D/nativeloader(24508): Load /data/app/~~Zboo6mjpNjZvBf17KnCP6A==/com.clientreachai.phperformance-Mw1eDAK9MhPJY-XSIMS47Q==/base.apk!/lib/arm64-v8a/libworklets.so using class loader ns clns-10 (caller=/data/app/~~Zboo6mjpNjZvBf17KnCP6A==/com.clientreachai.phperformance-Mw1eDAK9MhPJY-XSIMS47Q==/base.apk!classes4.dex): ok
04-13 12:25:58.323 D/nativeloader(24508): Load /data/app/~~Zboo6mjpNjZvBf17KnCP6A==/com.clientreachai.phperformance-Mw1eDAK9MhPJY-XSIMS47Q==/base.apk!/lib/arm64-v8a/libexpo-modules-core.so using class loader ns clns-10 (caller=/data/app/~~Zboo6mjpNjZvBf17KnCP6A==/com.clientreachai.phperformance-Mw1eDAK9MhPJY-XSIMS47Q==/base.apk!classes4.dex): ok
04-13 12:25:58.329 I/ExpoModulesCore(24508): ✅ JSI interop was installed
04-13 12:25:58.411 D/OverlayManager( 1069): reconcileSettingsForPackage pkgName=com.clientreachai.phperformance userId=0
04-13 12:25:58.411 I/OverlayManager( 1069): updateOverlaysForTarget() called with: targetPackage = [com.clientreachai.phperformance], userId = [0], flags = [8]
04-13 12:25:58.412 D/LauncherApps( 1069): onPackageChanged 0,com.clientreachai.phperformance
04-13 12:25:58.413 D/LauncherApps( 1588): onPackageChanged 0,com.clientreachai.phperformance
04-13 12:25:58.413 I/HoneySpace.PackageOperationTracker( 2040): onPackageChanged - com.clientreachai.phperformance UserHandle{0}
04-13 12:25:58.414 I/HoneySpace.PackageChangedCallbackImpl( 2040): onPackageChanged: com.clientreachai.phperformance / UserHandle{0}
04-13 12:25:58.416 I/AppWidgetServiceImpl( 1069): getInstalledProvidersForProfiles lock in com.clientreachai.phperformance
04-13 12:25:58.416 I/HoneySpace.IconCache( 2040): remove icon cache & DB : com.clientreachai.phperformance UserHandle{0}
04-13 12:25:58.416 I/HoneySpace.IconCache( 2040): removeSpecificIconDb: com.clientreachai.phperformance UserHandle{0}
04-13 12:25:58.426 I/AppIconSolution( 2040): getThemeIconWithBG called with public API, pkg = com.clientreachai.phperformance, mode = 48
04-13 12:25:58.426 I/AppIconSolution( 2040): return adaptive icon for com.clientreachai.phperformance, isNight = true
04-13 12:25:58.426 I/LauncherActivityInfo( 2040): packageName: com.clientreachai.phperformance, useThemeIcon: false, height: 288, width: 288, density: 640
04-13 12:25:58.428 I/HoneySpace.HoneySpaceManagerContainer( 2040): refreshHoneyPlugin, packageName: com.clientreachai.phperformance
04-13 12:25:58.429 I/HoneySpace.IconCache( 2040): add icon DB: [com.clientreachai.phperformance/.MainActivity#UserHandle{0}] - IconAndLabel(icon=android.graphics.Bitmap@7ae7996, label=PH Performance) | false | 640 | false |true | -16185078
04-13 12:25:58.429 I/HoneySpace.HoneySpacePackageSourceImpl( 2040): Package changed : com.clientreachai.phperformance
04-13 12:25:58.430 I/SearchableManager( 2040): invalidate: com.clientreachai.phperformance
04-13 12:25:58.430 I/HoneySpace.AppsEdgePanel.ViewModel( 2040): packageChanged : com.clientreachai.phperformance
04-13 12:25:58.604 D/nativeloader(24508): Load /data/app/~~Zboo6mjpNjZvBf17KnCP6A==/com.clientreachai.phperformance-Mw1eDAK9MhPJY-XSIMS47Q==/base.apk!/lib/arm64-v8a/librnscreens.so using class loader ns clns-10 (caller=/data/app/~~Zboo6mjpNjZvBf17KnCP6A==/com.clientreachai.phperformance-Mw1eDAK9MhPJY-XSIMS47Q==/base.apk!classes7.dex): ok
04-13 12:25:58.610 I/ReactNativeJS(24508): Running "main"
04-13 12:25:58.611 W/ReactNativeJS(24508): SafeAreaView has been deprecated and will be removed in a future release. Please use 'react-native-safe-area-context' instead. See https://github.com/AppAndFlow/react-native-safe-area-context
04-13 12:25:58.643 D/nativeloader(24508): Load /data/app/~~Zboo6mjpNjZvBf17KnCP6A==/com.clientreachai.phperformance-Mw1eDAK9MhPJY-XSIMS47Q==/base.apk!/lib/arm64-v8a/libreanimated.so using class loader ns clns-10 (caller=/data/app/~~Zboo6mjpNjZvBf17KnCP6A==/com.clientreachai.phperformance-Mw1eDAK9MhPJY-XSIMS47Q==/base.apk!classes4.dex): ok
04-13 12:25:58.818 D/nativeloader(24508): Load /data/app/~~Zboo6mjpNjZvBf17KnCP6A==/com.clientreachai.phperformance-Mw1eDAK9MhPJY-XSIMS47Q==/base.apk!/lib/arm64-v8a/libexpo-sqlite.so using class loader ns clns-10 (caller=/data/app/~~Zboo6mjpNjZvBf17KnCP6A==/com.clientreachai.phperformance-Mw1eDAK9MhPJY-XSIMS47Q==/base.apk!classes7.dex): ok
04-13 12:25:58.830 I/SearchEngineAppSuggestion( 2040): package changed: com.clientreachai.phperformance
04-13 12:25:58.833 I/HoneySpace.SuggestAppDecor( 2040): getInstaller: com.clientreachai.phperformance [com.google.android.packageinstaller]
04-13 12:25:58.907 W/unknown:ReactNative(24508): StatusBarModule: Ignored status bar change, current activity is edge-to-edge.
04-13 12:25:58.907 W/unknown:ReactNative(24508): StatusBarModule: Ignored status bar change, current activity is edge-to-edge.
04-13 12:25:58.909 W/ReactNativeJS(24508): ProgressBarAndroid has been extracted from react-native core and will be removed in a future release. It can now be installed and imported from '@react-native-community/progress-bar-android' instead of 'react-native'. See https://github.com/react-native-progress-view/progress-bar-android
04-13 12:25:58.910 W/ReactNativeJS(24508): Clipboard has been extracted from react-native core and will be removed in a future release. It can now be installed and imported from '@react-native-clipboard/clipboard' instead of 'react-native'. See https://github.com/react-native-clipboard/clipboard
04-13 12:25:58.910 W/ReactNativeJS(24508): InteractionManager has been deprecated and will be removed in a future release. Please refactor long tasks into smaller ones, and  use 'requestIdleCallback' instead.
04-13 12:25:58.910 W/ReactNativeJS(24508): PushNotificationIOS has been extracted from react-native core and will be removed in a future release. It can now be installed and imported from '@react-native-community/push-notification-ios' instead of 'react-native'. See https://github.com/react-native-push-notification/ios
04-13 12:25:58.912 W/ReactNativeJS(24508): RevenueCat API key missing; skipping Purchases.configure. Set EXPO_PUBLIC_RC_IOS_KEY / EXPO_PUBLIC_RC_ANDROID_KEY for IAP builds.
04-13 12:25:58.918 I/ReactNative(24508): [GESTURE HANDLER] Initialize gesture handler for root view com.facebook.react.runtime.ReactSurfaceView{b9d47cb V.E...... ......ID 0,0-1080,2340 #1}
04-13 12:25:58.918 I/ReactNative(24508): [GESTURE HANDLER] Gesture handler is already enabled for a parent view
04-13 12:25:58.923 I/WindowManager( 1069): Relayout Window{c0abc8 u0 com.clientreachai.phperformance/com.clientreachai.phperformance.MainActivity}: viewVisibility=0 req=1080x2340 ty=1 d0
04-13 12:25:58.924 D/SurfaceComposerClient( 1069): setCornerRadius ## 319152f Splash Screen com.clientreachai.phperformance#224555 cornerRadius=0.000000
04-13 12:25:58.924 D/SurfaceComposerClient( 1069): setCornerRadius ## c0abc8 com.clientreachai.phperformance/com.clientreachai.phperformance.MainActivity#224564 cornerRadius=0.000000
04-13 12:25:58.924 D/SurfaceComposerClient( 1069): setCornerRadius ## 319152f Splash Screen com.clientreachai.phperformance#224555 cornerRadius=0.000000
04-13 12:25:58.924 D/SurfaceComposerClient( 1069): setCornerRadius ## c0abc8 com.clientreachai.phperformance/com.clientreachai.phperformance.MainActivity#224564 cornerRadius=0.000000
04-13 12:25:58.952 D/nativeloader(24508): Load /data/app/~~Zboo6mjpNjZvBf17KnCP6A==/com.clientreachai.phperformance-Mw1eDAK9MhPJY-XSIMS47Q==/base.apk!/lib/arm64-v8a/libgesturehandler.so using class loader ns clns-10 (caller=/data/app/~~Zboo6mjpNjZvBf17KnCP6A==/com.clientreachai.phperformance-Mw1eDAK9MhPJY-XSIMS47Q==/base.apk!classes4.dex): ok
04-13 12:25:59.087 I/SurfaceFlinger(  865): [com.clientreachai.phperformance/com.clientreachai.phperformance.MainActivity$_24508#224565] setTransactionState with the first frame. bufferData(ID: 105261058490371, frameNumber: 1)
04-13 12:25:59.089 D/WindowManager( 1069): finishDrawingWindow: Window{c0abc8 u0 com.clientreachai.phperformance/com.clientreachai.phperformance.MainActivity} mDrawState=DRAW_PENDING seqId=0
04-13 12:25:59.090 D/SurfaceComposerClient( 1069): setCornerRadius ## 319152f Splash Screen com.clientreachai.phperformance#224555 cornerRadius=0.000000
04-13 12:25:59.090 D/SurfaceComposerClient( 1069): setCornerRadius ## c0abc8 com.clientreachai.phperformance/com.clientreachai.phperformance.MainActivity#224564 cornerRadius=0.000000
04-13 12:25:59.090 D/SurfaceComposerClient( 1069): setCornerRadius ## 319152f Splash Screen com.clientreachai.phperformance#224555 cornerRadius=0.000000
04-13 12:25:59.090 V/WindowManager( 1069): Finish starting ActivityRecord{178144449 u0 com.clientreachai.phperformance/.MainActivity t1241}: first real window is shown, no animation
04-13 12:25:59.091 V/WindowManager( 1069): performShowLocked: mDrawState=HAS_DRAWN in Window{c0abc8 u0 com.clientreachai.phperformance/com.clientreachai.phperformance.MainActivity}
04-13 12:25:59.091 D/SurfaceComposerClient( 1069): setCornerRadius ## c0abc8 com.clientreachai.phperformance/com.clientreachai.phperformance.MainActivity#224564 cornerRadius=0.000000
04-13 12:25:59.091 D/SurfaceComposerClient( 1069): setCornerRadius ## 319152f Splash Screen com.clientreachai.phperformance#224555 cornerRadius=0.000000
04-13 12:25:59.091 D/SurfaceComposerClient( 1069): setCornerRadius ## c0abc8 com.clientreachai.phperformance/com.clientreachai.phperformance.MainActivity#224564 cornerRadius=0.000000
04-13 12:25:59.092 D/SurfaceComposerClient( 1069): setCornerRadius ## 319152f Splash Screen com.clientreachai.phperformance#224555 cornerRadius=0.000000
04-13 12:25:59.092 D/SurfaceComposerClient( 1069): setCornerRadius ## c0abc8 com.clientreachai.phperformance/com.clientreachai.phperformance.MainActivity#224564 cornerRadius=0.000000
04-13 12:25:59.093 D/LauncherApps(28063): onPackageChanged 0,com.clientreachai.phperformance
04-13 12:25:59.094 D/LauncherApps(28063): onPackageChanged 0,com.clientreachai.phperformance
04-13 12:25:59.108 D/TaskOrganizerController( 1069): applyStartingWindowAnimation, window=Window{319152f u0 Splash Screen com.clientreachai.phperformance}, caller=com.android.server.wm.ActivityRecord.onCopySplashScreenFinish:40 com.android.server.wm.ActivityTaskManagerService.onSplashScreenViewCopyFinished:41 android.app.IActivityTaskManager$Stub.onTransact:2657 
04-13 12:25:59.108 I/WindowManager( 1069): Reparenting to leash, surface=Surface(name=319152f Splash Screen com.clientreachai.phperformance)/@0x36954d, leashParent=Surface(name=ActivityRecord{178144449 u0 com.clientreachai.phperformance/.MainActivity t1241})/@0xf493802
04-13 12:25:59.108 I/SurfaceFlinger(  865): id=224568 createSurf, flag=24000, Surface(name=319152f Splash Screen com.clientreachai.phperformance)/@0x36954d - animation-leash of starting_reveal#224568
04-13 12:25:59.110 D/WindowManager( 1069): makeSurface duration=2 leash=Surface(name=Surface(name=319152f Splash Screen com.clientreachai.phperformance)/@0x36954d - animation-leash of starting_reveal)/@0x4c9a513
04-13 12:25:59.114 I/SurfaceFlinger(  865): RequestedLayer [com.clientreachai.phperformance/com.[...]rformance.MainActivity$_24508#224565] hidden!! flag  from(1) --> to(0)
04-13 12:25:59.114 I/SurfaceFlinger(  865): [Surface(name=319152f Splash Screen com.clientreachai.phperformance)/@0x36954d - animation-leash of starting_reveal#224568] attach to parent LayerHierarchy{RequestedLayerState{ActivityRecord{178144449 u0 com.clientreachai.phperformance/.MainActivity t1241}#224554 parentId=224553} 4 children}
04-13 12:25:59.128 D/SurfaceFlinger(  865):        DEVICE |          105261058490371 | 00002102 | RGBA_8888    |    0.0    0.0 1080.0 2340.0 |    0    0 1080 2340 | com.clientreachai.phperformance/com.[...]rformance.MainActivity$_24508#224565 (1)
04-13 12:25:59.128 D/SurfaceFlinger(  865):        DEVICE |            6820408893313 | 00002100 | RGBA_8888    |    0.0    0.0 1080.0 2340.0 |    0    0 1080 2340 | Splash Screen com.clientreachai.phperformance$_1588#224556 (1)
04-13 12:25:59.159 I/WindowManager( 1069): Cancelling animation restarting=false, leash=Surface(name=Surface(name=319152f Splash Screen com.clientreachai.phperformance)/@0x36954d - animation-leash of starting_reveal)/@0x4c9a513
04-13 12:25:59.159 I/WindowManager( 1069): Reparenting to original parent: Surface(name=ActivityRecord{178144449 u0 com.clientreachai.phperformance/.MainActivity t1241})/@0xf493802, destroy=false, surface=Surface(name=319152f Splash Screen com.clientreachai.phperformance)/@0x36954d
04-13 12:25:59.161 V/WindowManager( 1069): Schedule remove starting ActivityRecord{178144449 u0 com.clientreachai.phperformance/.MainActivity t1241} startingWindow=Window{319152f u0 Splash Screen com.clientreachai.phperformance} animate=false Callers=com.android.server.wm.ActivityClientController.splashScreenAttached:51 android.app.IActivityClientController$Stub.onTransact:1393 com.android.server.wm.ActivityClientController.onTransact:1 android.os.Binder.execTransactInternal:1462 android.os.Binder.execTransact:1401 
04-13 12:25:59.162 D/SurfaceComposerClient( 1069): setCornerRadius ## 319152f Splash Screen com.clientreachai.phperformance#224555 cornerRadius=0.000000
04-13 12:25:59.162 D/SurfaceComposerClient( 1069): setCornerRadius ## c0abc8 com.clientreachai.phperformance/com.clientreachai.phperformance.MainActivity#224564 cornerRadius=0.000000
04-13 12:25:59.165 D/SurfaceComposerClient( 1069): setCornerRadius ## 319152f Splash Screen com.clientreachai.phperformance#224555 cornerRadius=0.000000
04-13 12:25:59.166 D/SurfaceComposerClient( 1069): setCornerRadius ## c0abc8 com.clientreachai.phperformance/com.clientreachai.phperformance.MainActivity#224564 cornerRadius=0.000000
04-13 12:25:59.169 D/SurfaceComposerClient( 1069): setCornerRadius ## 319152f Splash Screen com.clientreachai.phperformance#224555 cornerRadius=0.000000
04-13 12:25:59.170 D/SurfaceComposerClient( 1069): setCornerRadius ## c0abc8 com.clientreachai.phperformance/com.clientreachai.phperformance.MainActivity#224564 cornerRadius=0.000000
04-13 12:25:59.170 I/PkgPredictorService-SecIpmManagerServiceImpl( 1069): reportToNAP uid:10382 com.clientreachai.phperformance/com.clientreachai.phperformance.MainActivity thisTime:1925
04-13 12:25:59.173 I/ActivityTaskManager( 1069): Displayed com.clientreachai.phperformance/.MainActivity for user 0: +1s925ms
04-13 12:25:59.173 I/Pageboost( 1069): Launch time gathered : pid 24508 com.clientreachai.phperformance 1925
04-13 12:25:59.174 I/WindowManager( 1069): Relayout Window{319152f u0 Splash Screen com.clientreachai.phperformance}: viewVisibility=8 req=1080x2340 ty=3 d0
04-13 12:25:59.174 D/SurfaceComposerClient( 1069): setCornerRadius ## c0abc8 com.clientreachai.phperformance/com.clientreachai.phperformance.MainActivity#224564 cornerRadius=0.000000
04-13 12:25:59.175 D/SurfaceComposerClient( 1069): setCornerRadius ## 319152f Splash Screen com.clientreachai.phperformance#224555 cornerRadius=0.000000
04-13 12:25:59.175 D/SurfaceComposerClient( 1069): setCornerRadius ## c0abc8 com.clientreachai.phperformance/com.clientreachai.phperformance.MainActivity#224564 cornerRadius=0.000000
04-13 12:25:59.176 D/InputDispatcher( 1069): Focus entered window (0): c0abc8 com.clientreachai.phperformance/com.clientreachai.phperformance.MainActivity
04-13 12:25:59.180 I/SurfaceFlinger(  865): RequestedLayer [Splash Screen com.clientreachai.phperformance$_1588#224556] hidden!! flag  from(0) --> to(1)
04-13 12:25:59.181 I/SurfaceFlinger(  865): [LayerHierarchy{RequestedLayerState{319152f Splash Screen com.clientreachai.phperformance#224555 parentId=224554 z=2147483647} 1 children}] reparent to LayerHierarchy{RequestedLayerState{ActivityRecord{178144449 u0 com.clientreachai.phperformance/.MainActivity t1241}#224554 parentId=224553} 4 children}
04-13 12:25:59.181 I/SurfaceFlinger(  865): [LayerHierarchy{RequestedLayerState{Surface(name=319152f Splash Screen com.clientreachai.phperformance)/@0x36954d - animation-leash of starting_reveal#224568} no children}] reparent to OffscreenRoot
04-13 12:25:59.181 I/SurfaceFlinger(  865): [LayerHierarchy{RequestedLayerState{Surface(name=319152f Splash Screen com.clientreachai.phperformance)/@0x36954d - animation-leash of starting_reveal#224568} no children}] RelativeParent to null
04-13 12:25:59.180 D/CoreBackPreview( 1069): Window{319152f u0 Splash Screen com.clientreachai.phperformance}: Setting back callback null
04-13 12:25:59.182 I/ImeTracker( 1069): com.clientreachai.phperformance:91eccdc9: onRequestHide at ORIGIN_SERVER reason HIDE_UNSPECIFIED_WINDOW fromUser false
04-13 12:25:59.185 D/WindowManager( 1069): Starting window removed Window{319152f u0 Splash Screen com.clientreachai.phperformance}
04-13 12:25:59.186 V/WindowManager( 1069): Remove Window{319152f u0 Splash Screen com.clientreachai.phperformance}: mSurfaceControl=Surface(name=Splash Screen com.clientreachai.phperformance$_1588)/@0x4a46bbd mAnimatingExit=false mRemoveOnExit=false mHasSurface=true surfaceShowing=false animating=false app-animation=false callers=com.android.server.wm.Session.remove:16 android.view.IWindowSession$Stub.onTransact:804 com.android.server.wm.Session.onTransact:1 android.os.Binder.execTransactInternal:1462 android.os.Binder.execTransact:1401 <bottom of call stack> 
04-13 12:25:59.187 I/SurfaceFlinger(  865): id=224568 Removed Surface(name=319152f Splash Screen com.clientreachai.phperformance)/@0x36954d - animation-leash of starting_reveal#224568 (467)
04-13 12:25:59.189 D/SurfaceComposerClient( 1069): setCornerRadius ## c0abc8 com.clientreachai.phperformance/com.clientreachai.phperformance.MainActivity#224564 cornerRadius=0.000000
04-13 12:25:59.190 D/SurfaceComposerClient( 1069): setCornerRadius ## c0abc8 com.clientreachai.phperformance/com.clientreachai.phperformance.MainActivity#224564 cornerRadius=0.000000
