04-15 07:25:03.762 I/WindowManager( 1055): notifyInsetsControlChanged, removed=false, win=Window{3a21228 u0 Splash Screen com.clientreachai.phperformance}, caller=com.android.server.wm.InsetsStateController$$ExternalSyntheticLambda1.run:137 com.android.server.wm.WindowAnimator$$ExternalSyntheticLambda2.onTransactionCommitted:26 android.view.SurfaceControl$Transaction$$ExternalSyntheticLambda4.run:0 android.os.Handler.handleCallback:995 android.os.Handler.dispatchMessage:103 android.os.Looper.loopOnce:273 
04-15 07:25:03.767 D/SurfaceFlinger(  877): [input] setFocusedWindow: ab251c9 com.clientreachai.phperformance/com.clientreachai.phperformance.MainActivity
04-15 07:25:03.767 D/InputDispatcher( 1055): Once focus requested (0): ab251c9 com.clientreachai.phperformance/com.clientreachai.phperformance.MainActivity
04-15 07:25:03.767 D/InputDispatcher( 1055): Focus request (0): ab251c9 com.clientreachai.phperformance/com.clientreachai.phperformance.MainActivity but waiting because NOT_VISIBLE
04-15 07:25:03.774 I/InsetsSourceConsumer(26921): applyRequestedVisibilityToControl: visible=true, type=statusBars, host=com.clientreachai.phperformance/com.clientreachai.phperformance.MainActivity
04-15 07:25:03.774 I/InsetsSourceConsumer(26921): applyRequestedVisibilityToControl: visible=true, type=navigationBars, host=com.clientreachai.phperformance/com.clientreachai.phperformance.MainActivity
04-15 07:25:03.798 D/MdnieScenarioControlService( 1055):  packageName : com.clientreachai.phperformance    className : com.clientreachai.phperformance.MainActivity
04-15 07:25:03.833 V/WindowManager( 1055):    ChangeInfo{2c3982f container=Task{d3cea4 #228 type=standard A=10331:com.clientreachai.phperformance} flags=0x10}
04-15 07:25:03.833 V/WindowManager( 1055):    ChangeInfo{b5fc7c5 container=ActivityRecord{188528951 u0 com.clientreachai.phperformance/.MainActivity t228} flags=0x0}
04-15 07:25:03.835 D/ChangeTransitionController( 1055):    ChangeInfo{2c3982f container=Task{d3cea4 #228 type=standard A=10331:com.clientreachai.phperformance} flags=0x10}
04-15 07:25:03.835 D/ChangeTransitionController( 1055):    ChangeInfo{b5fc7c5 container=ActivityRecord{188528951 u0 com.clientreachai.phperformance/.MainActivity t228} flags=0x0}
04-15 07:25:03.837 D/SurfaceComposerClient( 1055): setCornerRadius ## 3a21228 Splash Screen com.clientreachai.phperformance#1250 cornerRadius=0.000000
04-15 07:25:03.837 D/SurfaceComposerClient( 1055): setCornerRadius ## ab251c9 com.clientreachai.phperformance/com.clientreachai.phperformance.MainActivity#1259 cornerRadius=0.000000
04-15 07:25:03.843 D/SurfaceComposerClient( 1055): setCornerRadius ## 3a21228 Splash Screen com.clientreachai.phperformance#1250 cornerRadius=0.000000
04-15 07:25:03.844 D/SurfaceComposerClient( 1055): setCornerRadius ## ab251c9 com.clientreachai.phperformance/com.clientreachai.phperformance.MainActivity#1259 cornerRadius=0.000000
04-15 07:25:03.844 D/SurfaceComposerClient( 1055): setCornerRadius ## 3a21228 Splash Screen com.clientreachai.phperformance#1250 cornerRadius=0.000000
04-15 07:25:03.844 D/SurfaceComposerClient( 1055): setCornerRadius ## ab251c9 com.clientreachai.phperformance/com.clientreachai.phperformance.MainActivity#1259 cornerRadius=0.000000
04-15 07:25:03.846 D/SurfaceComposerClient( 1055): setCornerRadius ## 3a21228 Splash Screen com.clientreachai.phperformance#1250 cornerRadius=0.000000
04-15 07:25:03.846 D/SurfaceComposerClient( 1055): setCornerRadius ## ab251c9 com.clientreachai.phperformance/com.clientreachai.phperformance.MainActivity#1259 cornerRadius=0.000000
04-15 07:25:03.850 D/SurfaceFlinger(  877):        DEVICE |            6828998012141 | 00002100 | RGBA_8888    |    0.0    0.0 1080.0 2340.0 |    0    0 1080 2340 | Splash Screen com.clientreachai.phperformance$_1590#1251 (1)
04-15 07:25:03.863 D/SurfaceFlinger(  877):        DEVICE |            6828998012141 | 00002100 | RGBA_8888    |    0.0    0.0 1080.0 2340.0 |    0    0 1080 2340 | Splash Screen com.clientreachai.phperformance$_1590#1251 (1)
04-15 07:25:04.239 D/SGM:GameManager( 1055): identifyForegroundApp. com.clientreachai.phperformance, mCurrentUserId: 0, callerUserId: 0
04-15 07:25:04.248 D/nativeloader(26921): Load /data/app/~~EBgG7UHcupje_Nndln_LYw==/com.clientreachai.phperformance-Gizzs7aaJ7m1n5Kz9SgVEA==/base.apk!/lib/arm64-v8a/libworklets.so using class loader ns clns-10 (caller=/data/app/~~EBgG7UHcupje_Nndln_LYw==/com.clientreachai.phperformance-Gizzs7aaJ7m1n5Kz9SgVEA==/base.apk!classes4.dex): ok
04-15 07:25:04.254 D/nativeloader(26921): Load /data/app/~~EBgG7UHcupje_Nndln_LYw==/com.clientreachai.phperformance-Gizzs7aaJ7m1n5Kz9SgVEA==/base.apk!/lib/arm64-v8a/libexpo-modules-core.so using class loader ns clns-10 (caller=/data/app/~~EBgG7UHcupje_Nndln_LYw==/com.clientreachai.phperformance-Gizzs7aaJ7m1n5Kz9SgVEA==/base.apk!classes4.dex): ok
04-15 07:25:04.498 D/nativeloader(26921): Load /data/app/~~EBgG7UHcupje_Nndln_LYw==/com.clientreachai.phperformance-Gizzs7aaJ7m1n5Kz9SgVEA==/base.apk!/lib/arm64-v8a/librnscreens.so using class loader ns clns-10 (caller=/data/app/~~EBgG7UHcupje_Nndln_LYw==/com.clientreachai.phperformance-Gizzs7aaJ7m1n5Kz9SgVEA==/base.apk!classes7.dex): ok
04-15 07:25:04.541 D/nativeloader(26921): Load /data/app/~~EBgG7UHcupje_Nndln_LYw==/com.clientreachai.phperformance-Gizzs7aaJ7m1n5Kz9SgVEA==/base.apk!/lib/arm64-v8a/libreanimated.so using class loader ns clns-10 (caller=/data/app/~~EBgG7UHcupje_Nndln_LYw==/com.clientreachai.phperformance-Gizzs7aaJ7m1n5Kz9SgVEA==/base.apk!classes4.dex): ok
04-15 07:25:04.711 D/nativeloader(26921): Load /data/app/~~EBgG7UHcupje_Nndln_LYw==/com.clientreachai.phperformance-Gizzs7aaJ7m1n5Kz9SgVEA==/base.apk!/lib/arm64-v8a/libexpo-sqlite.so using class loader ns clns-10 (caller=/data/app/~~EBgG7UHcupje_Nndln_LYw==/com.clientreachai.phperformance-Gizzs7aaJ7m1n5Kz9SgVEA==/base.apk!classes7.dex): ok
04-15 07:25:04.821 I/WindowManager( 1055): Relayout Window{ab251c9 u0 com.clientreachai.phperformance/com.clientreachai.phperformance.MainActivity}: viewVisibility=0 req=1080x2340 ty=1 d0
04-15 07:25:04.821 D/SurfaceComposerClient( 1055): setCornerRadius ## 3a21228 Splash Screen com.clientreachai.phperformance#1250 cornerRadius=0.000000
04-15 07:25:04.821 D/SurfaceComposerClient( 1055): setCornerRadius ## ab251c9 com.clientreachai.phperformance/com.clientreachai.phperformance.MainActivity#1259 cornerRadius=0.000000
04-15 07:25:04.821 D/SurfaceComposerClient( 1055): setCornerRadius ## 3a21228 Splash Screen com.clientreachai.phperformance#1250 cornerRadius=0.000000
04-15 07:25:04.821 D/SurfaceComposerClient( 1055): setCornerRadius ## ab251c9 com.clientreachai.phperformance/com.clientreachai.phperformance.MainActivity#1259 cornerRadius=0.000000
04-15 07:25:04.848 D/nativeloader(26921): Load /data/app/~~EBgG7UHcupje_Nndln_LYw==/com.clientreachai.phperformance-Gizzs7aaJ7m1n5Kz9SgVEA==/base.apk!/lib/arm64-v8a/libgesturehandler.so using class loader ns clns-10 (caller=/data/app/~~EBgG7UHcupje_Nndln_LYw==/com.clientreachai.phperformance-Gizzs7aaJ7m1n5Kz9SgVEA==/base.apk!classes4.dex): ok
04-15 07:25:04.896 I/WindowManager( 1055): Relayout Window{ab251c9 u0 com.clientreachai.phperformance/com.clientreachai.phperformance.MainActivity}: viewVisibility=0 req=1080x2340 ty=1 d0
04-15 07:25:04.896 D/SurfaceComposerClient( 1055): setCornerRadius ## 3a21228 Splash Screen com.clientreachai.phperformance#1250 cornerRadius=0.000000
04-15 07:25:04.896 D/SurfaceComposerClient( 1055): setCornerRadius ## ab251c9 com.clientreachai.phperformance/com.clientreachai.phperformance.MainActivity#1259 cornerRadius=0.000000
04-15 07:25:04.897 D/WindowManager( 1055): updateSystemBarAttributes: displayId=0, focusedCanBeNavColorWin=false, win=Window{ab251c9 u0 com.clientreachai.phperformance/com.clientreachai.phperformance.MainActivity}, navColorWin=Window{3a21228 u0 Splash Screen com.clientreachai.phperformance}, caller=com.android.server.wm.DisplayPolicy.finishPostLayoutPolicyLw:17 com.android.server.wm.RootWindowContainer.applySurfaceChangesTransaction$1:195 com.android.server.wm.RootWindowContainer.performSurfacePlacementNoTrace:59 
04-15 07:25:04.897 D/SurfaceComposerClient( 1055): setCornerRadius ## 3a21228 Splash Screen com.clientreachai.phperformance#1250 cornerRadius=0.000000
04-15 07:25:04.897 D/SurfaceComposerClient( 1055): setCornerRadius ## ab251c9 com.clientreachai.phperformance/com.clientreachai.phperformance.MainActivity#1259 cornerRadius=0.000000
04-15 07:25:04.899 D/NavigationBar( 1590): onSystemBarAttributesChanged() -  displayId:0, appearance:8, packageName: com.clientreachai.phperformance (APPEARANCE_LIGHT_STATUS_BARS ), navbarColorManagedByIme:false
04-15 07:25:04.909 D/NetdEventListenerService( 1055): DNS Requested by 100, 10331(com.clientreachai.phperformance), SUCCESS, 2ms
04-15 07:25:04.916 I/SurfaceFlinger(  877): [com.clientreachai.phperformance/com.clientreachai.phperformance.MainActivity$_26921#1260] setTransactionState with the first frame. bufferData(ID: 115624814575619, frameNumber: 1)
04-15 07:25:04.917 D/WindowManager( 1055): finishDrawingWindow: Window{ab251c9 u0 com.clientreachai.phperformance/com.clientreachai.phperformance.MainActivity} mDrawState=DRAW_PENDING seqId=0
04-15 07:25:04.920 D/SurfaceComposerClient( 1055): setCornerRadius ## 3a21228 Splash Screen com.clientreachai.phperformance#1250 cornerRadius=0.000000
04-15 07:25:04.920 D/SurfaceComposerClient( 1055): setCornerRadius ## ab251c9 com.clientreachai.phperformance/com.clientreachai.phperformance.MainActivity#1259 cornerRadius=0.000000
04-15 07:25:04.920 D/SurfaceComposerClient( 1055): setCornerRadius ## 3a21228 Splash Screen com.clientreachai.phperformance#1250 cornerRadius=0.000000
04-15 07:25:04.920 V/WindowManager( 1055): Finish starting ActivityRecord{188528951 u0 com.clientreachai.phperformance/.MainActivity t228}: first real window is shown, no animation
04-15 07:25:04.921 V/WindowManager( 1055): performShowLocked: mDrawState=HAS_DRAWN in Window{ab251c9 u0 com.clientreachai.phperformance/com.clientreachai.phperformance.MainActivity}
04-15 07:25:04.921 D/SurfaceComposerClient( 1055): setCornerRadius ## ab251c9 com.clientreachai.phperformance/com.clientreachai.phperformance.MainActivity#1259 cornerRadius=0.000000
04-15 07:25:04.921 D/SurfaceComposerClient( 1055): setCornerRadius ## 3a21228 Splash Screen com.clientreachai.phperformance#1250 cornerRadius=0.000000
04-15 07:25:04.921 D/SurfaceComposerClient( 1055): setCornerRadius ## ab251c9 com.clientreachai.phperformance/com.clientreachai.phperformance.MainActivity#1259 cornerRadius=0.000000
04-15 07:25:04.921 D/SurfaceComposerClient( 1055): setCornerRadius ## 3a21228 Splash Screen com.clientreachai.phperformance#1250 cornerRadius=0.000000
04-15 07:25:04.921 D/SurfaceComposerClient( 1055): setCornerRadius ## ab251c9 com.clientreachai.phperformance/com.clientreachai.phperformance.MainActivity#1259 cornerRadius=0.000000
04-15 07:25:04.931 I/PkgPredictorService-SecIpmManagerServiceImpl( 1055): reportToNAP uid:10331 com.clientreachai.phperformance/com.clientreachai.phperformance.MainActivity thisTime:1432
04-15 07:25:04.931 D/TaskOrganizerController( 1055): applyStartingWindowAnimation, window=Window{3a21228 u0 Splash Screen com.clientreachai.phperformance}, caller=com.android.server.wm.ActivityRecord.onCopySplashScreenFinish:40 com.android.server.wm.ActivityTaskManagerService.onSplashScreenViewCopyFinished:41 android.app.IActivityTaskManager$Stub.onTransact:2657 
04-15 07:25:04.931 I/WindowManager( 1055): Reparenting to leash, surface=Surface(name=3a21228 Splash Screen com.clientreachai.phperformance)/@0x855e665, leashParent=Surface(name=ActivityRecord{188528951 u0 com.clientreachai.phperformance/.MainActivity t228})/@0xfe40f3a
04-15 07:25:04.932 I/SurfaceFlinger(  877): id=1263 createSurf, flag=24000, Surface(name=3a21228 Splash Screen com.clientreachai.phperformance)/@0x855e665 - animation-leash of starting_reveal#1263
04-15 07:25:04.932 D/WindowManager( 1055): makeSurface duration=0 leash=Surface(name=Surface(name=3a21228 Splash Screen com.clientreachai.phperformance)/@0x855e665 - animation-leash of starting_reveal)/@0x19a57eb
04-15 07:25:04.935 I/ActivityTaskManager( 1055): Displayed com.clientreachai.phperformance/.MainActivity for user 0: +1s432ms
04-15 07:25:04.935 I/Pageboost( 1055): Launch time gathered : pid 26921 com.clientreachai.phperformance 1432
04-15 07:25:04.941 I/SurfaceFlinger(  877): RequestedLayer [com.clientreachai.phperformance/com.[...]performance.MainActivity$_26921#1260] hidden!! flag  from(1) --> to(0)
04-15 07:25:04.941 I/SurfaceFlinger(  877): [Surface(name=3a21228 Splash Screen com.clientreachai.phperformance)/@0x855e665 - animation-leash of starting_reveal#1263] attach to parent LayerHierarchy{RequestedLayerState{ActivityRecord{188528951 u0 com.clientreachai.phperformance/.MainActivity t228}#1249 parentId=1248} 4 children}
04-15 07:25:04.949 D/SurfaceFlinger(  877):        DEVICE |          115624814575619 | 00002102 | RGBA_8888    |    0.0    0.0 1080.0 2340.0 |    0    0 1080 2340 | com.clientreachai.phperformance/com.[...]performance.MainActivity$_26921#1260 (1)
04-15 07:25:04.949 D/SurfaceFlinger(  877):        DEVICE |            6828998012141 | 00002100 | RGBA_8888    |    0.0    0.0 1080.0 2340.0 |    0    0 1080 2340 | Splash Screen com.clientreachai.phperformance$_1590#1251 (1)
04-15 07:25:04.950 D/InputDispatcher( 1055): Focus entered window (0): ab251c9 com.clientreachai.phperformance/com.clientreachai.phperformance.MainActivity
04-15 07:25:04.953 I/ImeTracker( 1055): com.clientreachai.phperformance:dba30390: onRequestHide at ORIGIN_SERVER reason HIDE_UNSPECIFIED_WINDOW fromUser false
04-15 07:25:04.955 I/ImeTracker(26921): com.clientreachai.phperformance:dba30390: onCancelled at PHASE_CLIENT_ALREADY_HIDDEN
04-15 07:25:04.958 I/WindowManager( 1055): Cancelling animation restarting=false, leash=Surface(name=Surface(name=3a21228 Splash Screen com.clientreachai.phperformance)/@0x855e665 - animation-leash of starting_reveal)/@0x19a57eb
04-15 07:25:04.958 I/WindowManager( 1055): Reparenting to original parent: Surface(name=ActivityRecord{188528951 u0 com.clientreachai.phperformance/.MainActivity t228})/@0xfe40f3a, destroy=false, surface=Surface(name=3a21228 Splash Screen com.clientreachai.phperformance)/@0x855e665
04-15 07:25:04.959 V/WindowManager( 1055): Schedule remove starting ActivityRecord{188528951 u0 com.clientreachai.phperformance/.MainActivity t228} startingWindow=Window{3a21228 u0 Splash Screen com.clientreachai.phperformance} animate=false Callers=com.android.server.wm.ActivityClientController.splashScreenAttached:51 android.app.IActivityClientController$Stub.onTransact:1393 com.android.server.wm.ActivityClientController.onTransact:1 android.os.Binder.execTransactInternal:1462 android.os.Binder.execTransact:1401 
04-15 07:25:04.961 D/WindowManager( 1055): updateSystemBarAttributes: displayId=0, focusedCanBeNavColorWin=false, win=Window{ab251c9 u0 com.clientreachai.phperformance/com.clientreachai.phperformance.MainActivity}, navColorWin=Window{ab251c9 u0 com.clientreachai.phperformance/com.clientreachai.phperformance.MainActivity}, caller=com.android.server.wm.DisplayPolicy.finishPostLayoutPolicyLw:17 com.android.server.wm.RootWindowContainer.applySurfaceChangesTransaction$1:195 com.android.server.wm.RootWindowContainer.performSurfacePlacementNoTrace:59 
04-15 07:25:04.961 D/SurfaceComposerClient( 1055): setCornerRadius ## 3a21228 Splash Screen com.clientreachai.phperformance#1250 cornerRadius=0.000000
04-15 07:25:04.961 D/SurfaceComposerClient( 1055): setCornerRadius ## ab251c9 com.clientreachai.phperformance/com.clientreachai.phperformance.MainActivity#1259 cornerRadius=0.000000
04-15 07:25:04.961 D/NavigationBar( 1590): onSystemBarAttributesChanged() -  displayId:0, appearance:24, packageName: com.clientreachai.phperformance (APPEARANCE_LIGHT_STATUS_BARS APPEARANCE_LIGHT_NAVIGATION_BARS ), navbarColorManagedByIme:false
04-15 07:25:04.962 I/HBD     ( 5362): b [AiWriter] setContact : com.clientreachai.phperformance
04-15 07:25:04.962 I/HBD     ( 5362): a [AiWriter] setContact : com.clientreachai.phperformance
04-15 07:25:04.963 D/SGM:FgCheckThread( 1055): getForegroundApp(), foregroundPkgName=com.clientreachai.phperformance
04-15 07:25:04.965 D/InsetsSourceProvider( 1055): updateControlForTarget: control=InsetsSourceControl: {3 mType=ime mSurfacePosition=Point(0, 80) mInsetsHint=Insets{left=0, top=0, right=0, bottom=1008}}, target=Window{ab251c9 u0 com.clientreachai.phperformance/com.clientreachai.phperformance.MainActivity}, from=com.android.server.wm.ImeInsetsSourceProvider.updateControlForTarget:17 com.android.server.wm.InsetsStateController.onControlTargetChanged:83 com.android.server.wm.DisplayContent.updateImeControlTarget:21 com.android.server.wm.DisplayContent.updateImeInputAndControlTarget:156 com.android.server.wm.WindowManagerService$LocalService.updateInputMethodTargetWindow:64 
04-15 07:25:04.966 D/SurfaceComposerClient( 1055): setCornerRadius ## 3a21228 Splash Screen com.clientreachai.phperformance#1250 cornerRadius=0.000000
04-15 07:25:04.966 D/SurfaceComposerClient( 1055): setCornerRadius ## ab251c9 com.clientreachai.phperformance/com.clientreachai.phperformance.MainActivity#1259 cornerRadius=0.000000
04-15 07:25:04.967 D/SurfaceComposerClient( 1055): setCornerRadius ## 3a21228 Splash Screen com.clientreachai.phperformance#1250 cornerRadius=0.000000
04-15 07:25:04.967 D/SurfaceComposerClient( 1055): setCornerRadius ## ab251c9 com.clientreachai.phperformance/com.clientreachai.phperformance.MainActivity#1259 cornerRadius=0.000000
04-15 07:25:04.969 D/SGM:GameManager( 1055): identifyForegroundApp. com.clientreachai.phperformance, mCurrentUserId: 0, callerUserId: 0
04-15 07:25:04.969 D/SGM:GameManager( 1055): identifyForegroundApp. com.clientreachai.phperformance, mCurrentUserId: 0, callerUserId: 0
04-15 07:25:04.969 D/SGM:FgCheckThread( 1055): noteStopComponent(), received pkgName: com.sec.android.app.launcher, focusedPkgName: com.clientreachai.phperformance, userId: 0
04-15 07:25:04.975 I/WindowManager( 1055): Relayout Window{3a21228 u0 Splash Screen com.clientreachai.phperformance}: viewVisibility=8 req=1080x2340 ty=3 d0
04-15 07:25:04.976 D/SurfaceComposerClient( 1055): setCornerRadius ## ab251c9 com.clientreachai.phperformance/com.clientreachai.phperformance.MainActivity#1259 cornerRadius=0.000000
04-15 07:25:04.977 D/SurfaceComposerClient( 1055): setCornerRadius ## 3a21228 Splash Screen com.clientreachai.phperformance#1250 cornerRadius=0.000000
04-15 07:25:04.978 D/SurfaceComposerClient( 1055): setCornerRadius ## ab251c9 com.clientreachai.phperformance/com.clientreachai.phperformance.MainActivity#1259 cornerRadius=0.000000
04-15 07:25:04.982 D/WindowManager( 1055): Starting window removed Window{3a21228 u0 Splash Screen com.clientreachai.phperformance}
04-15 07:25:04.982 V/WindowManager( 1055): Remove Window{3a21228 u0 Splash Screen com.clientreachai.phperformance}: mSurfaceControl=Surface(name=Splash Screen com.clientreachai.phperformance$_1590)/@0xb807024 mAnimatingExit=false mRemoveOnExit=false mHasSurface=true surfaceShowing=false animating=false app-animation=false callers=com.android.server.wm.Session.remove:16 android.view.IWindowSession$Stub.onTransact:804 com.android.server.wm.Session.onTransact:1 android.os.Binder.execTransactInternal:1462 android.os.Binder.execTransact:1401 <bottom of call stack> 
04-15 07:25:04.983 D/SurfaceComposerClient( 1055): setCornerRadius ## ab251c9 com.clientreachai.phperformance/com.clientreachai.phperformance.MainActivity#1259 cornerRadius=0.000000
04-15 07:25:04.983 D/WindowManager( 1055): updateSystemBarAttributes: displayId=0, focusedCanBeNavColorWin=false, win=Window{ab251c9 u0 com.clientreachai.phperformance/com.clientreachai.phperformance.MainActivity}, navColorWin=Window{ab251c9 u0 com.clientreachai.phperformance/com.clientreachai.phperformance.MainActivity}, caller=com.android.server.wm.DisplayPolicy.finishPostLayoutPolicyLw:17 com.android.server.wm.RootWindowContainer.applySurfaceChangesTransaction$1:195 com.android.server.wm.RootWindowContainer.performSurfacePlacementNoTrace:59 
04-15 07:25:04.983 D/SurfaceComposerClient( 1055): setCornerRadius ## ab251c9 com.clientreachai.phperformance/com.clientreachai.phperformance.MainActivity#1259 cornerRadius=0.000000
04-15 07:25:04.991 I/SurfaceFlinger(  877): RequestedLayer [Splash Screen com.clientreachai.phperformance$_1590#1251] hidden!! flag  from(0) --> to(1)
04-15 07:25:04.991 I/SurfaceFlinger(  877): [LayerHierarchy{RequestedLayerState{ImeContainer#15 parentId=1249 relativeParentId=1249 z=3} 1 children}] reparent to LayerHierarchy{RequestedLayerState{ActivityRecord{188528951 u0 com.clientreachai.phperformance/.MainActivity t228}#1249 parentId=1248} 5 children}
04-15 07:25:04.991 I/SurfaceFlinger(  877): [LayerHierarchy{RequestedLayerState{3a21228 Splash Screen com.clientreachai.phperformance#1250 parentId=1249 z=2147483647} 1 children}] reparent to LayerHierarchy{RequestedLayerState{ActivityRecord{188528951 u0 com.clientreachai.phperformance/.MainActivity t228}#1249 parentId=1248} 5 children}
04-15 07:25:04.991 I/SurfaceFlinger(  877): [LayerHierarchy{RequestedLayerState{Surface(name=3a21228 Splash Screen com.clientreachai.phperformance)/@0x855e665 - animation-leash of starting_reveal#1263} no children}] reparent to OffscreenRoot
04-15 07:25:04.991 I/SurfaceFlinger(  877): [LayerHierarchy{RequestedLayerState{Surface(name=3a21228 Splash Screen com.clientreachai.phperformance)/@0x855e665 - animation-leash of starting_reveal#1263} no children}] RelativeParent to null
04-15 07:25:04.996 D/SurfaceFlinger(  877):        DEVICE |          115624814575618 | 00002102 | RGBA_8888    |    0.0    0.0 1080.0 2340.0 |    0    0 1080 2340 | com.clientreachai.phperformance/com.[...]performance.MainActivity$_26921#1260 (2)
04-15 07:25:04.999 I/SurfaceFlinger(  877): id=1263 Removed Surface(name=3a21228 Splash Screen com.clientreachai.phperformance)/@0x855e665 - animation-leash of starting_reveal#1263 (149)
04-15 07:25:05.007 I/SurfaceFlinger(  877): destroyed Surface(name=3a21228 Splash Screen com.clientreachai.phperformance)/@0x855e665 - animation-leash of starting_reveal#1263
04-15 07:25:05.007 I/SurfaceFlinger(  877): [LayerHierarchy{RequestedLayerState{ImeContainer#15 parentId=1249 relativeParentId=1259 z=1} 1 children}] RelativeParent to LayerHierarchy{RequestedLayerState{ab251c9 com.clientreachai.phperformance/com.clientreachai.phperformance.MainActivity#1259 parentId=1249} 2 children}
04-15 07:25:05.007 I/SurfaceFlinger(  877): [LayerHierarchy{RequestedLayerState{3a21228 Splash Screen com.clientreachai.phperformance#1250 z=2147483647} 1 children}] reparent to OffscreenRoot
04-15 07:25:05.007 I/SurfaceFlinger(  877): [LayerHierarchy{RequestedLayerState{3a21228 Splash Screen com.clientreachai.phperformance#1250 z=2147483647} 1 children}] RelativeParent to null
04-15 07:25:05.007 I/SurfaceFlinger(  877): [LayerHierarchy{RequestedLayerState{Splash Screen com.clientreachai.phperformance$_1590#1251} no children}] reparent to OffscreenRoot
04-15 07:25:05.007 I/SurfaceFlinger(  877): [LayerHierarchy{RequestedLayerState{Splash Screen com.clientreachai.phperformance$_1590#1251} no children}] RelativeParent to null
04-15 07:25:05.008 I/Layer   (  877): id=1263 Destroyed Surface(name=3a21228 Splash Screen com.clientreachai.phperformance)/@0x855e665 - animation-leash of starting_reveal#1263
04-15 07:25:05.009 I/SurfaceFlinger(  877): id=1250 Removed 3a21228 Splash Screen com.clientreachai.phperformance#1250 (147)
04-15 07:25:05.010 I/SurfaceFlinger(  877): id=1251 Removed Splash Screen com.clientreachai.phperformance$_1590#1251 (147)
04-15 07:25:05.024 I/SurfaceFlinger(  877): destroyed 3a21228 Splash Screen com.clientreachai.phperformance#1250
04-15 07:25:05.024 I/SurfaceFlinger(  877): destroyed Splash Screen com.clientreachai.phperformance$_1590#1251
04-15 07:25:05.027 I/Layer   (  877): id=1250 Destroyed 3a21228 Splash Screen com.clientreachai.phperformance#1250
04-15 07:25:05.027 I/Layer   (  877): id=1251 Destroyed Splash Screen com.clientreachai.phperformance$_1590#1251
04-15 07:25:05.029 I/HBD     ( 5362): a [SKE_SPECIFIC] specific model[com.clientreachai.phperformance] loaded, 48042346 ns
04-15 07:25:05.100 D/MdnieScenarioControlService( 1055):  packageName : com.clientreachai.phperformance    className : com.clientreachai.phperformance.MainActivity
04-15 07:25:05.183 I/{OngoingActivityDataHelper}( 1590): setBaseActivityComponentName:ComponentInfo{com.clientreachai.phperformance/com.clientreachai.phperformance.MainActivity}
04-15 07:25:05.465 D/SGM:GameManager( 1055): identifyForegroundApp. com.clientreachai.phperformance, mCurrentUserId: 0, callerUserId: 0
04-15 07:25:06.086 D/nativeloader(26921): Load /data/app/~~EBgG7UHcupje_Nndln_LYw==/com.clientreachai.phperformance-Gizzs7aaJ7m1n5Kz9SgVEA==/base.apk!/lib/arm64-v8a/libimagepipeline.so using class loader ns clns-10 (caller=/data/app/~~EBgG7UHcupje_Nndln_LYw==/com.clientreachai.phperformance-Gizzs7aaJ7m1n5Kz9SgVEA==/base.apk!classes4.dex): ok
04-15 07:25:06.090 I/Kumiho-Kumiho(26921): getPackageName: com.clientreachai.phperformance
04-15 07:25:06.097 D/nativeloader(26921): Load /data/app/~~EBgG7UHcupje_Nndln_LYw==/com.clientreachai.phperformance-Gizzs7aaJ7m1n5Kz9SgVEA==/base.apk!/lib/arm64-v8a/libnative-imagetranscoder.so using class loader ns clns-10 (caller=/data/app/~~EBgG7UHcupje_Nndln_LYw==/com.clientreachai.phperformance-Gizzs7aaJ7m1n5Kz9SgVEA==/base.apk!classes4.dex): ok
04-15 07:25:06.099 I/Kumiho-Kumiho(26921): getPackageName: com.clientreachai.phperformance
04-15 07:25:06.100 I/Kumiho-Kumiho(26921): getPackageName: com.clientreachai.phperformance
04-15 07:25:06.297 I/Kumiho-Kumiho(26921): getPackageName: com.clientreachai.phperformance
04-15 07:25:06.299 I/Kumiho-Kumiho(26921): getPackageName: com.clientreachai.phperformance
04-15 07:25:06.300 I/Kumiho-Kumiho(26921): getPackageName: com.clientreachai.phperformance
04-15 07:25:06.697 I/Kumiho-Kumiho(26921): getPackageName: com.clientreachai.phperformance
04-15 07:25:06.699 I/Kumiho-Kumiho(26921): getPackageName: com.clientreachai.phperformance
04-15 07:25:06.701 I/Kumiho-Kumiho(26921): getPackageName: com.clientreachai.phperformance
04-15 07:25:06.757 I/SurfaceFlinger(  877): [com.clientreachai.phperformance/com.clientreachai.phperformance.MainActivity$_26921#1260] setFrameRateCategory: HighHint
04-15 07:25:06.885 D/VibratorManagerService( 1055): vibrate - uid: 10331, opPkg: com.clientreachai.phperformance, effect: Mono{mEffect=Composed{segments=[Step{amplitude=0.0, frequencyHz=0.0, duration=0}, Step{amplitude=0.11764706, frequencyHz=0.0, duration=50}], repeat=-1, mMagnitudeType=TYPE_EXTRA}}, attrs: VibrationAttributes{mUsage=TOUCH, mAudioUsage= USAGE_UNKNOWN, mFlags=0, tags=}, reason: null, token: android.os.BinderProxy@47197c0
04-15 07:25:06.885 D/VibratorManagerService( 1055): Check AppOp mode VIBRATE for uid 10331 and package com.clientreachai.phperformance returned audio=allow, op=allow
04-15 07:25:06.886 D/VibratorManagerService( 1055): Start AppOp mode VIBRATE for uid 10331 and package com.clientreachai.phperformance returned allow
04-15 07:25:06.945 D/VibratorManagerService( 1055): Finish AppOp mode VIBRATE for uid 10331 and package com.clientreachai.phperformance
04-15 07:25:06.971 D/VibratorManagerService( 1055): vibrate - uid: 10331, opPkg: com.clientreachai.phperformance, effect: Mono{mEffect=Composed{segments=[Step{amplitude=0.0, frequencyHz=0.0, duration=0}, Step{amplitude=0.11764706, frequencyHz=0.0, duration=50}], repeat=-1, mMagnitudeType=TYPE_EXTRA}}, attrs: VibrationAttributes{mUsage=TOUCH, mAudioUsage= USAGE_UNKNOWN, mFlags=0, tags=}, reason: null, token: android.os.BinderProxy@47197c0
04-15 07:25:06.972 D/VibratorManagerService( 1055): Check AppOp mode VIBRATE for uid 10331 and package com.clientreachai.phperformance returned audio=allow, op=allow
04-15 07:25:06.972 D/VibratorManagerService( 1055): Start AppOp mode VIBRATE for uid 10331 and package com.clientreachai.phperformance returned allow
04-15 07:25:07.031 D/VibratorManagerService( 1055): Finish AppOp mode VIBRATE for uid 10331 and package com.clientreachai.phperformance
04-15 07:25:08.098 D/VibratorManagerService( 1055): vibrate - uid: 10331, opPkg: com.clientreachai.phperformance, effect: Mono{mEffect=Composed{segments=[Step{amplitude=0.0, frequencyHz=0.0, duration=0}, Step{amplitude=0.27450982, frequencyHz=0.0, duration=60}], repeat=-1, mMagnitudeType=TYPE_EXTRA}}, attrs: VibrationAttributes{mUsage=TOUCH, mAudioUsage= USAGE_UNKNOWN, mFlags=0, tags=}, reason: null, token: android.os.BinderProxy@47197c0
04-15 07:25:08.098 D/VibratorManagerService( 1055): Check AppOp mode VIBRATE for uid 10331 and package com.clientreachai.phperformance returned audio=allow, op=allow
04-15 07:25:08.099 D/VibratorManagerService( 1055): Start AppOp mode VIBRATE for uid 10331 and package com.clientreachai.phperformance returned allow
04-15 07:25:08.170 D/VibratorManagerService( 1055): Finish AppOp mode VIBRATE for uid 10331 and package com.clientreachai.phperformance
04-15 07:25:08.267 I/SurfaceFlinger(  877): id=1265 createSurf, flag=84004, 9bf306d com.clientreachai.phperformance/com.clientreachai.phperformance.MainActivity#1265
04-15 07:25:08.270 I/InsetsController(26921): onStateChanged: host=com.clientreachai.phperformance/com.clientreachai.phperformance.MainActivity, from=android.view.ViewRootImpl.onInsetsStateChanged:3026, state=InsetsState: {mDisplayFrame=Rect(0, 0 - 1080, 2340), mDisplayCutout=DisplayCutout{insets=Rect(0, 80 - 0, 0) waterfall=Insets{left=0, top=0, right=0, bottom=0} boundingRect={Bounds=[Rect(0, 0 - 0, 0), Rect(511, 0 - 569, 80), Rect(0, 0 - 0, 0), Rect(0, 0 - 0, 0)]} cutoutPathParserInfo={CutoutPathParserInfo{displayWidth=1080 displayHeight=2340 physicalDisplayWidth=1080 physicalDisplayHeight=2340 density={2.8125} cutoutSpec={M 0,0 M 0,7.822222222222222ÔÇČÔÇČ a 10.31111111111111ÔÇČ,10.31111111111111ÔÇČ 0 1,0 0,20.62222222222222ÔÇČ a 10.31111111111111ÔÇČ,10.31111111111111ÔÇČ 0 1,0 0,-20.62222222222222ÔÇČ Z @dp} rotation={0} scale={1.0} physicalPixelDisplaySizeRatio={1.0}}} sideOverrides={}}, mRoundedCorners=RoundedCorners{[RoundedCorner{position=TopLeft, radius=113, center=Point(113, 113)}, RoundedCorner{position=TopRight, radius=113, center=Point(967, 113)}, RoundedCorner{position=BottomRight, radius=113, center=Point(967, 2227)}, RoundedCorner{position=BottomLeft, radius=113, center=Point(113, 2227)}]}  mRoundedCornerFrame=Rect(0, 0 - 1080, 2340), mPrivacyIndicatorBounds=PrivacyIndicatorBounds {static bounds=Rect(956, 0 - 1080, 80) rotation=0}, mDisplayShape=DisplayShape{ spec=-311912193 displayWidth=1080 displayHeight=2340 physicalPixelDisplaySizeRatio=1.0 rotation=0 offsetX=0 offsetY=0 scale=1.0}, mSources= { InsetsSource: {96ae0001 mType=navigationBars mFrame=[0,2298][1080,2340] mVisible=true mFlags=SUPPRESS_SCRIM mSideHint=BOTTOM mBoundingRects=null}, InsetsSource: {96ae0004 mType=systemGestures mFrame=[0,0][84,2340] mVisible=true mFlags= mSideHint=LEFT mBoundingRects=null}, InsetsSource: {96ae0005 mType=mandatorySystemGestures mFrame=[0,2250][1080,2340] mVisible=true mFlags= mSideHint=BOTTOM mBoundingRects=null}, InsetsSource: {96ae0006 mType=tappableElement mFrame=[0,0][0,0] mVisible=true mFlags= mSideHint=NONE mBoundingRects=null}, InsetsSource: {96ae0024 mType=systemGestures mFrame=[996,0][1080,2340] mVisible=true mFlags= mSideHint=RIGHT mBoundingRects=null}, InsetsSource: {27 mType=displayCutout mFrame=[0,0][1080,80] mVisible=true mFlags= mSideHint=TOP mBoundingRects=null}, InsetsSource: {6ffb0000 mType=statusBars mFrame=[0,0][1080,80] mVisible=true mFlags= mSideHint=TOP mBoundingRects=null}, InsetsSource: {6ffb0005 mType=mandatorySystemGestures mFrame=[0,0][1080,114] mVisible=true mFlags= mSideHint=TOP mBoundingRects=null}, InsetsSource: {6ffb0006 mType=tappableElement mFrame=[0,0][1080,80] mVisible=true mFlags= mSideHint=TOP mBoundingRects=null} }
04-15 07:25:08.274 I/SurfaceFlinger(  877): [9bf306d com.clientreachai.phperformance/com.clientreachai.phperformance.MainActivity#1265] attach to parent LayerHierarchy{RequestedLayerState{ActivityRecord{188528951 u0 com.clientreachai.phperformance/.MainActivity t228}#1249 parentId=1248} 4 children}
04-15 07:25:08.279 I/WindowManager( 1055): Relayout Window{9bf306d u0 com.clientreachai.phperformance/com.clientreachai.phperformance.MainActivity}: viewVisibility=0 req=1080x2340 ty=2 d0
04-15 07:25:08.280 I/SurfaceFlinger(  877): id=1266 createSurf, flag=44004, com.clientreachai.phperformance/com.clientreachai.phperformance.MainActivity$_26921#1266
04-15 07:25:08.281 D/WindowManager( 1055): makeSurface duration=1 name=com.clientreachai.phperformance/com.clientreachai.phperformance.MainActivity$_26921
04-15 07:25:08.281 D/SurfaceComposerClient( 1055): setCornerRadius ## ab251c9 com.clientreachai.phperformance/com.clientreachai.phperformance.MainActivity#1259 cornerRadius=0.000000
04-15 07:25:08.282 D/SurfaceComposerClient( 1055): setCornerRadius ## ab251c9 com.clientreachai.phperformance/com.clientreachai.phperformance.MainActivity#1259 cornerRadius=0.000000
04-15 07:25:08.282 D/WindowManager( 1055): Changing focus from Window{ab251c9 u0 com.clientreachai.phperformance/com.clientreachai.phperformance.MainActivity} to Window{9bf306d u0 com.clientreachai.phperformance/com.clientreachai.phperformance.MainActivity} displayId=0 Callers=com.android.server.wm.WindowManagerService.relayoutWindow:1366 com.android.server.wm.Session.relayout:27 android.view.IWindowSession$Stub.onTransact:829 com.android.server.wm.Session.onTransact:1 
04-15 07:25:08.284 D/InsetsSourceProvider( 1055): updateControlForTarget: control=InsetsSourceControl: {6ffb0000 mType=statusBars initiallyVisible mSurfacePosition=Point(0, 0) mInsetsHint=Insets{left=0, top=80, right=0, bottom=0}}, target=Window{9bf306d u0 com.clientreachai.phperformance/com.clientreachai.phperformance.MainActivity}, from=com.android.server.wm.InsetsStateController.onControlTargetChanged:83 com.android.server.wm.InsetsPolicy.updateBarControlTarget:212 com.android.server.wm.DisplayPolicy.updateSystemBarAttributes:262 com.android.server.wm.WindowManagerService.updateFocusedWindowLocked:372 com.android.server.wm.WindowManagerService.relayoutWindow:1366 
04-15 07:25:08.286 D/InsetsSourceProvider( 1055): updateControlForTarget: control=InsetsSourceControl: {96ae0001 mType=navigationBars initiallyVisible mSurfacePosition=Point(0, 2205) mInsetsHint=Insets{left=0, top=0, right=0, bottom=42}}, target=Window{9bf306d u0 com.clientreachai.phperformance/com.clientreachai.phperformance.MainActivity}, from=com.android.server.wm.InsetsStateController.onControlTargetChanged:83 com.android.server.wm.InsetsPolicy.updateBarControlTarget:225 com.android.server.wm.DisplayPolicy.updateSystemBarAttributes:262 com.android.server.wm.WindowManagerService.updateFocusedWindowLocked:372 com.android.server.wm.WindowManagerService.relayoutWindow:1366 
04-15 07:25:08.286 D/WindowManager( 1055): updateSystemBarAttributes: displayId=0, focusedCanBeNavColorWin=false, win=Window{9bf306d u0 com.clientreachai.phperformance/com.clientreachai.phperformance.MainActivity}, navColorWin=Window{9bf306d u0 com.clientreachai.phperformance/com.clientreachai.phperformance.MainActivity}, caller=com.android.server.wm.WindowManagerService.updateFocusedWindowLocked:372 com.android.server.wm.WindowManagerService.relayoutWindow:1366 com.android.server.wm.Session.relayout:27 
04-15 07:25:08.286 V/SystemKeyManager( 1055): updateFocusedWindow() is called, com.clientreachai.phperformance/com.clientreachai.phperformance.MainActivity
04-15 07:25:08.287 D/CoreBackPreview( 1055): Window{9bf306d u0 com.clientreachai.phperformance/com.clientreachai.phperformance.MainActivity}: Setting back callback OnBackInvokedCallbackInfo{mCallback=android.window.IOnBackInvokedCallback$Stub$Proxy@b36418f, mPriority=0, mIsAnimationCallback=false, mOverrideBehavior=0}
04-15 07:25:08.288 I/InsetsController(26921): onStateChanged: host=com.clientreachai.phperformance/com.clientreachai.phperformance.MainActivity, from=android.view.ViewRootImpl.onInsetsStateChanged:3026, state=InsetsState: {mDisplayFrame=Rect(0, 0 - 1080, 2340), mDisplayCutout=DisplayCutout{insets=Rect(0, 80 - 0, 0) waterfall=Insets{left=0, top=0, right=0, bottom=0} boundingRect={Bounds=[Rect(0, 0 - 0, 0), Rect(511, 0 - 569, 80), Rect(0, 0 - 0, 0), Rect(0, 0 - 0, 0)]} cutoutPathParserInfo={CutoutPathParserInfo{displayWidth=1080 displayHeight=2340 physicalDisplayWidth=1080 physicalDisplayHeight=2340 density={2.8125} cutoutSpec={M 0,0 M 0,7.822222222222222ÔÇČÔÇČ a 10.31111111111111ÔÇČ,10.31111111111111ÔÇČ 0 1,0 0,20.62222222222222ÔÇČ a 10.31111111111111ÔÇČ,10.31111111111111ÔÇČ 0 1,0 0,-20.62222222222222ÔÇČ Z @dp} rotation={0} scale={1.0} physicalPixelDisplaySizeRatio={1.0}}} sideOverrides={}}, mRoundedCorners=RoundedCorners{[RoundedCorner{position=TopLeft, radius=113, center=Point(113, 113)}, RoundedCorner{position=TopRight, radius=113, center=Point(967, 113)}, RoundedCorner{position=BottomRight, radius=113, center=Point(967, 2227)}, RoundedCorner{position=BottomLeft, radius=113, center=Point(113, 2227)}]}  mRoundedCornerFrame=Rect(0, 0 - 1080, 2340), mPrivacyIndicatorBounds=PrivacyIndicatorBounds {static bounds=Rect(956, 0 - 1080, 80) rotation=0}, mDisplayShape=DisplayShape{ spec=-311912193 displayWidth=1080 displayHeight=2340 physicalPixelDisplaySizeRatio=1.0 rotation=0 offsetX=0 offsetY=0 scale=1.0}, mSources= { InsetsSource: {96ae0001 mType=navigationBars mFrame=[0,2298][1080,2340] mVisible=true mFlags=SUPPRESS_SCRIM mSideHint=BOTTOM mBoundingRects=null}, InsetsSource: {96ae0004 mType=systemGestures mFrame=[0,0][84,2340] mVisible=true mFlags= mSideHint=LEFT mBoundingRects=null}, InsetsSource: {96ae0005 mType=mandatorySystemGestures mFrame=[0,2250][1080,2340] mVisible=true mFlags= mSideHint=BOTTOM mBoundingRects=null}, InsetsSource: {96ae0006 mType=tappableElement mFrame=[0,0][0,0] mVisible=true mFlags= mSideHint=NONE mBoundingRects=null}, InsetsSource: {96ae0024 mType=systemGestures mFrame=[996,0][1080,2340] mVisible=true mFlags= mSideHint=RIGHT mBoundingRects=null}, InsetsSource: {3 mType=ime mFrame=[0,0][0,0] mVisible=false mFlags= mSideHint=NONE mBoundingRects=null}, InsetsSource: {27 mType=displayCutout mFrame=[0,0][1080,80] mVisible=true mFlags= mSideHint=TOP mBoundingRects=null}, InsetsSource: {6ffb0000 mType=statusBars mFrame=[0,0][1080,80] mVisible=true mFlags= mSideHint=TOP mBoundingRects=null}, InsetsSource: {6ffb0005 mType=mandatorySystemGestures mFrame=[0,0][1080,114] mVisible=true mFlags= mSideHint=TOP mBoundingRects=null}, InsetsSource: {6ffb0006 mType=tappableElement mFrame=[0,0][1080,80] mVisible=true mFlags= mSideHint=TOP mBoundingRects=null} }
04-15 07:25:08.290 I/SurfaceFlinger(  877): [com.clientreachai.phperformance/com.clientreachai.phperformance.MainActivity$_26921#1266] attach to parent LayerHierarchy{RequestedLayerState{9bf306d com.clientreachai.phperformance/com.clientreachai.phperformance.MainActivity#1265 parentId=1249 z=1} 1 children}
04-15 07:25:08.298 I/SurfaceFlinger(  877): [com.clientreachai.phperformance/com.clientreachai.phperformance.MainActivity$_26921#1266] setTransactionState with the first frame. bufferData(ID: 115624814575621, frameNumber: 1)
04-15 07:25:08.299 D/WindowManager( 1055): finishDrawingWindow: Window{9bf306d u0 com.clientreachai.phperformance/com.clientreachai.phperformance.MainActivity} mDrawState=DRAW_PENDING seqId=0
04-15 07:25:08.299 D/SurfaceComposerClient( 1055): setCornerRadius ## ab251c9 com.clientreachai.phperformance/com.clientreachai.phperformance.MainActivity#1259 cornerRadius=0.000000
04-15 07:25:08.300 V/WindowManager( 1055): Loading animations: picked package=com.clientreachai.phperformance
04-15 07:25:08.300 I/WindowManager( 1055): Reparenting to leash, surface=Surface(name=9bf306d com.clientreachai.phperformance/com.clientreachai.phperformance.MainActivity)/@0x1adac1c, leashParent=Surface(name=ActivityRecord{188528951 u0 com.clientreachai.phperformance/.MainActivity t228})/@0xfe40f3a
04-15 07:25:08.300 I/SurfaceFlinger(  877): id=1269 createSurf, flag=24004, Surface(name=9bf306d com.clientreachai.phperformance/com.clientreachai.phperformance.MainActivity)/@0x1adac1c - animation-leash of window_animation#1269
04-15 07:25:08.301 D/WindowManager( 1055): makeSurface duration=1 leash=Surface(name=Surface(name=9bf306d com.clientreachai.phperformance/com.clientreachai.phperformance.MainActivity)/@0x1adac1c - animation-leash of window_animation)/@0xb0b0025
04-15 07:25:08.301 V/WindowManager( 1055): performShowLocked: mDrawState=HAS_DRAWN in Window{9bf306d u0 com.clientreachai.phperformance/com.clientreachai.phperformance.MainActivity}
04-15 07:25:08.301 D/SurfaceComposerClient( 1055): setCornerRadius ## ab251c9 com.clientreachai.phperformance/com.clientreachai.phperformance.MainActivity#1259 cornerRadius=0.000000
04-15 07:25:08.302 D/SurfaceComposerClient( 1055): setCornerRadius ## ab251c9 com.clientreachai.phperformance/com.clientreachai.phperformance.MainActivity#1259 cornerRadius=0.000000
04-15 07:25:08.302 D/SurfaceComposerClient( 1055): setCornerRadius ## ab251c9 com.clientreachai.phperformance/com.clientreachai.phperformance.MainActivity#1259 cornerRadius=0.000000
04-15 07:25:08.302 I/WindowManager( 1055): Relayout Window{ab251c9 u0 com.clientreachai.phperformance/com.clientreachai.phperformance.MainActivity}: viewVisibility=0 req=1080x2340 ty=1 d0
04-15 07:25:08.302 D/SurfaceComposerClient( 1055): setCornerRadius ## ab251c9 com.clientreachai.phperformance/com.clientreachai.phperformance.MainActivity#1259 cornerRadius=0.000000
04-15 07:25:08.303 D/SurfaceComposerClient( 1055): setCornerRadius ## ab251c9 com.clientreachai.phperformance/com.clientreachai.phperformance.MainActivity#1259 cornerRadius=0.000000
04-15 07:25:08.308 I/SurfaceFlinger(  877): [LayerHierarchy{RequestedLayerState{ImeContainer#15 parentId=1249 relativeParentId=1265 z=1} 1 children}] RelativeParent to LayerHierarchy{RequestedLayerState{9bf306d com.clientreachai.phperformance/com.clientreachai.phperformance.MainActivity#1265 parentId=1249 z=1} 2 children}
04-15 07:25:08.308 I/SurfaceFlinger(  877): [Surface(name=9bf306d com.clientreachai.phperformance/com.clientreachai.phperformance.MainActivity)/@0x1adac1c - animation-leash of window_animation#1269] attach to parent LayerHierarchy{RequestedLayerState{ActivityRecord{188528951 u0 com.clientreachai.phperformance/.MainActivity t228}#1249 parentId=1248} 5 children}
04-15 07:25:08.315 D/SurfaceFlinger(  877): [input] setFocusedWindow: 9bf306d com.clientreachai.phperformance/com.clientreachai.phperformance.MainActivity
04-15 07:25:08.315 D/InputDispatcher( 1055): Once focus requested (0): 9bf306d com.clientreachai.phperformance/com.clientreachai.phperformance.MainActivity
04-15 07:25:08.315 D/InputDispatcher( 1055): Focus request (0): 9bf306d com.clientreachai.phperformance/com.clientreachai.phperformance.MainActivity but waiting because NO_WINDOW
04-15 07:25:08.315 D/InputDispatcher( 1055): Focus left window (0): ab251c9 com.clientreachai.phperformance/com.clientreachai.phperformance.MainActivity
04-15 07:25:08.324 I/SurfaceFlinger(  877): RequestedLayer [com.clientreachai.phperformance/com.[...]performance.MainActivity$_26921#1266] hidden!! flag  from(1) --> to(0)
04-15 07:25:08.324 I/SurfaceFlinger(  877): [LayerHierarchy{RequestedLayerState{9bf306d com.clientreachai.phperformance/com.clientreachai.phperformance.MainActivity#1265 parentId=1269 z=1} 2 children}] reparent to LayerHierarchy{RequestedLayerState{Surface(name=9bf306d com.clientreachai.phperformance/com.clientreachai.phperformance.MainActivity)/@0x1adac1c - animation-leash of window_animation#1269 parentId=1249 z=1} 1 children}
04-15 07:25:08.327 D/SurfaceComposerClient( 1055): setCornerRadius ## ab251c9 com.clientreachai.phperformance/com.clientreachai.phperformance.MainActivity#1259 cornerRadius=0.000000
04-15 07:25:08.327 D/InputDispatcher( 1055): Focus entered window (0): 9bf306d com.clientreachai.phperformance/com.clientreachai.phperformance.MainActivity
04-15 07:25:08.329 I/WindowManager( 1055): Relayout Window{9bf306d u0 com.clientreachai.phperformance/com.clientreachai.phperformance.MainActivity}: viewVisibility=0 req=1080x2340 ty=2 d0
04-15 07:25:08.329 D/SurfaceComposerClient( 1055): setCornerRadius ## ab251c9 com.clientreachai.phperformance/com.clientreachai.phperformance.MainActivity#1259 cornerRadius=0.000000
04-15 07:25:08.329 D/SurfaceComposerClient( 1055): setCornerRadius ## ab251c9 com.clientreachai.phperformance/com.clientreachai.phperformance.MainActivity#1259 cornerRadius=0.000000
04-15 07:25:08.335 I/InsetsSourceConsumer(26921): applyRequestedVisibilityToControl: visible=true, type=statusBars, host=com.clientreachai.phperformance/com.clientreachai.phperformance.MainActivity
04-15 07:25:08.335 I/InsetsSourceConsumer(26921): applyRequestedVisibilityToControl: visible=true, type=navigationBars, host=com.clientreachai.phperformance/com.clientreachai.phperformance.MainActivity
04-15 07:25:08.348 I/ImeTracker( 1055): com.clientreachai.phperformance:d2cdc968: onRequestHide at ORIGIN_SERVER reason HIDE_UNSPECIFIED_WINDOW fromUser false
04-15 07:25:08.349 D/SurfaceFlinger(  877):        DEVICE |          115624814575617 | 00002102 | RGBA_8888    |    0.0    0.0 1080.0 2340.0 |    0    0 1080 2340 | com.clientreachai.phperformance/com.[...]performance.MainActivity$_26921#1260 (151)
04-15 07:25:08.349 D/SurfaceFlinger(  877):        DEVICE |          115624814575623 | 00002100 | RGBA_8888    |    0.0    0.0 1080.0   37.0 |    0 2303 1080 2340 | com.clientreachai.phperformance/com.[...]performance.MainActivity$_26921#1266 (2)
04-15 07:25:08.353 D/InsetsSourceProvider( 1055): updateControlForTarget: control=InsetsSourceControl: {3 mType=ime mSurfacePosition=Point(0, 80) mInsetsHint=Insets{left=0, top=0, right=0, bottom=1008}}, target=Window{9bf306d u0 com.clientreachai.phperformance/com.clientreachai.phperformance.MainActivity}, from=com.android.server.wm.ImeInsetsSourceProvider.updateControlForTarget:17 com.android.server.wm.InsetsStateController.onControlTargetChanged:83 com.android.server.wm.DisplayContent.updateImeControlTarget:21 com.android.server.wm.DisplayContent.updateImeInputAndControlTarget:156 com.android.server.wm.WindowManagerService$LocalService.updateInputMethodTargetWindow:64 
04-15 07:25:08.353 D/SurfaceComposerClient( 1055): setCornerRadius ## ab251c9 com.clientreachai.phperformance/com.clientreachai.phperformance.MainActivity#1259 cornerRadius=0.000000
04-15 07:25:08.355 I/ImeTracker(26921): com.clientreachai.phperformance:d2cdc968: onCancelled at PHASE_CLIENT_ALREADY_HIDDEN
04-15 07:25:08.356 I/HBD     ( 5362): b [AiWriter] setContact : com.clientreachai.phperformance
04-15 07:25:08.375 I/SurfaceFlinger(  877): [LayerHierarchy{RequestedLayerState{ImeContainer#15 parentId=1249 relativeParentId=1265 z=1} 1 children}] RelativeParent to LayerHierarchy{RequestedLayerState{9bf306d com.clientreachai.phperformance/com.clientreachai.phperformance.MainActivity#1265 parentId=1269 z=1} 2 children}
04-15 07:25:08.508 I/WindowManager( 1055): Reparenting to original parent: Surface(name=ActivityRecord{188528951 u0 com.clientreachai.phperformance/.MainActivity t228})/@0xfe40f3a, destroy=true, surface=Surface(name=9bf306d com.clientreachai.phperformance/com.clientreachai.phperformance.MainActivity)/@0x1adac1c
04-15 07:25:08.509 D/SurfaceComposerClient( 1055): setCornerRadius ## ab251c9 com.clientreachai.phperformance/com.clientreachai.phperformance.MainActivity#1259 cornerRadius=0.000000
04-15 07:25:08.526 D/SurfaceComposerClient( 1055): setCornerRadius ## ab251c9 com.clientreachai.phperformance/com.clientreachai.phperformance.MainActivity#1259 cornerRadius=0.000000
04-15 07:25:08.541 I/SurfaceFlinger(  877): [LayerHierarchy{RequestedLayerState{Surface(name=9bf306d com.clientreachai.phperformance/com.clientreachai.phperformance.MainActivity)/@0x1adac1c - animation-leash of window_animation#1269 z=1} 1 children}] reparent to OffscreenRoot
04-15 07:25:08.541 I/SurfaceFlinger(  877): [LayerHierarchy{RequestedLayerState{Surface(name=9bf306d com.clientreachai.phperformance/com.clientreachai.phperformance.MainActivity)/@0x1adac1c - animation-leash of window_animation#1269 z=1} 1 children}] RelativeParent to null
04-15 07:25:08.541 I/SurfaceFlinger(  877): [LayerHierarchy{RequestedLayerState{9bf306d com.clientreachai.phperformance/com.clientreachai.phperformance.MainActivity#1265 parentId=1249 z=1} 2 children}] reparent to LayerHierarchy{RequestedLayerState{ActivityRecord{188528951 u0 com.clientreachai.phperformance/.MainActivity t228}#1249 parentId=1248} 4 children}
04-15 07:25:08.545 I/SurfaceFlinger(  877): id=1269 Removed Surface(name=9bf306d com.clientreachai.phperformance/com.clientreachai.phperformance.MainActivity)/@0x1adac1c - animation-leash of window_animation#1269 (148)
04-15 07:25:08.548 D/SurfaceComposerClient( 1055): setCornerRadius ## ab251c9 com.clientreachai.phperformance/com.clientreachai.phperformance.MainActivity#1259 cornerRadius=0.000000
04-15 07:25:08.557 I/SurfaceFlinger(  877): destroyed Surface(name=9bf306d com.clientreachai.phperformance/com.clientreachai.phperformance.MainActivity)/@0x1adac1c - animation-leash of window_animation#1269
04-15 07:25:08.560 I/Layer   (  877): id=1269 Destroyed Surface(name=9bf306d com.clientreachai.phperformance/com.clientreachai.phperformance.MainActivity)/@0x1adac1c - animation-leash of window_animation#1269
04-15 07:25:08.853 D/SGM:GameManager( 1055): identifyForegroundApp. com.clientreachai.phperformance, mCurrentUserId: 0, callerUserId: 0
04-15 07:25:08.991 I/SurfaceFlinger(  877): [com.clientreachai.phperformance/com.clientreachai.phperformance.MainActivity$_26921#1266] setFrameRateCategory: HighHint
04-15 07:25:09.054 D/ProfileInstaller(26921): Skipping profile installation for com.clientreachai.phperformance
