04-14 23:13:40.262 D/SurfaceComposerClient(  991): setCornerRadius ## 40721cd Splash Screen com.clientreachai.phperformance#26060 cornerRadius=0.000000
04-14 23:13:40.262 D/SurfaceComposerClient(  991): setCornerRadius ## 45524a9 com.clientreachai.phperformance/com.clientreachai.phperformance.MainActivity#26067 cornerRadius=0.000000
04-14 23:13:40.264 D/SurfaceComposerClient(  991): setCornerRadius ## 40721cd Splash Screen com.clientreachai.phperformance#26060 cornerRadius=0.000000
04-14 23:13:40.264 D/SurfaceComposerClient(  991): setCornerRadius ## 45524a9 com.clientreachai.phperformance/com.clientreachai.phperformance.MainActivity#26067 cornerRadius=0.000000
04-14 23:13:40.269 D/SurfaceFlinger(  866):        DEVICE |            9006546480185 | 00002100 | RGBA_8888    |    0.0    0.0 1080.0 2340.0 |    0    0 1080 2340 | Splash Screen com.clientreachai.phperformance$_2097#26061 (1)
04-14 23:13:40.281 D/SurfaceFlinger(  866):        DEVICE |            9006546480185 | 00002100 | RGBA_8888    |    0.0    0.0 1080.0 2340.0 |    0    0 1080 2340 | Splash Screen com.clientreachai.phperformance$_2097#26061 (1)
04-14 23:13:40.604 D/SGM:GameManager(  991): identifyForegroundApp. com.clientreachai.phperformance, mCurrentUserId: 0, callerUserId: 0
04-14 23:13:40.629 D/nativeloader(22702): Load /data/app/~~UQSD_hVLlUxC92XKSH7MeQ==/com.clientreachai.phperformance-WyQf3xE20MbwPOOSeUPtrQ==/base.apk!/lib/arm64-v8a/libworklets.so using class loader ns clns-10 (caller=/data/app/~~UQSD_hVLlUxC92XKSH7MeQ==/com.clientreachai.phperformance-WyQf3xE20MbwPOOSeUPtrQ==/base.apk!classes4.dex): ok
04-14 23:13:40.631 D/nativeloader(22702): Load /data/app/~~UQSD_hVLlUxC92XKSH7MeQ==/com.clientreachai.phperformance-WyQf3xE20MbwPOOSeUPtrQ==/base.apk!/lib/arm64-v8a/libexpo-modules-core.so using class loader ns clns-10 (caller=/data/app/~~UQSD_hVLlUxC92XKSH7MeQ==/com.clientreachai.phperformance-WyQf3xE20MbwPOOSeUPtrQ==/base.apk!classes4.dex): ok
04-14 23:13:40.834 D/nativeloader(22702): Load /data/app/~~UQSD_hVLlUxC92XKSH7MeQ==/com.clientreachai.phperformance-WyQf3xE20MbwPOOSeUPtrQ==/base.apk!/lib/arm64-v8a/librnscreens.so using class loader ns clns-10 (caller=/data/app/~~UQSD_hVLlUxC92XKSH7MeQ==/com.clientreachai.phperformance-WyQf3xE20MbwPOOSeUPtrQ==/base.apk!classes7.dex): ok
04-14 23:13:40.869 D/nativeloader(22702): Load /data/app/~~UQSD_hVLlUxC92XKSH7MeQ==/com.clientreachai.phperformance-WyQf3xE20MbwPOOSeUPtrQ==/base.apk!/lib/arm64-v8a/libreanimated.so using class loader ns clns-10 (caller=/data/app/~~UQSD_hVLlUxC92XKSH7MeQ==/com.clientreachai.phperformance-WyQf3xE20MbwPOOSeUPtrQ==/base.apk!classes4.dex): ok
04-14 23:13:41.031 D/nativeloader(22702): Load /data/app/~~UQSD_hVLlUxC92XKSH7MeQ==/com.clientreachai.phperformance-WyQf3xE20MbwPOOSeUPtrQ==/base.apk!/lib/arm64-v8a/libexpo-sqlite.so using class loader ns clns-10 (caller=/data/app/~~UQSD_hVLlUxC92XKSH7MeQ==/com.clientreachai.phperformance-WyQf3xE20MbwPOOSeUPtrQ==/base.apk!classes7.dex): ok
04-14 23:13:41.133 I/WindowManager(  991): Relayout Window{45524a9 u0 com.clientreachai.phperformance/com.clientreachai.phperformance.MainActivity}: viewVisibility=0 req=1080x2340 ty=1 d0
04-14 23:13:41.133 D/SurfaceComposerClient(  991): setCornerRadius ## 40721cd Splash Screen com.clientreachai.phperformance#26060 cornerRadius=0.000000
04-14 23:13:41.133 D/SurfaceComposerClient(  991): setCornerRadius ## 45524a9 com.clientreachai.phperformance/com.clientreachai.phperformance.MainActivity#26067 cornerRadius=0.000000
04-14 23:13:41.134 D/SurfaceComposerClient(  991): setCornerRadius ## 40721cd Splash Screen com.clientreachai.phperformance#26060 cornerRadius=0.000000
04-14 23:13:41.134 D/SurfaceComposerClient(  991): setCornerRadius ## 45524a9 com.clientreachai.phperformance/com.clientreachai.phperformance.MainActivity#26067 cornerRadius=0.000000
04-14 23:13:41.183 D/nativeloader(22702): Load /data/app/~~UQSD_hVLlUxC92XKSH7MeQ==/com.clientreachai.phperformance-WyQf3xE20MbwPOOSeUPtrQ==/base.apk!/lib/arm64-v8a/libgesturehandler.so using class loader ns clns-10 (caller=/data/app/~~UQSD_hVLlUxC92XKSH7MeQ==/com.clientreachai.phperformance-WyQf3xE20MbwPOOSeUPtrQ==/base.apk!classes4.dex): ok
04-14 23:13:41.209 I/WindowManager(  991): Relayout Window{45524a9 u0 com.clientreachai.phperformance/com.clientreachai.phperformance.MainActivity}: viewVisibility=0 req=1080x2340 ty=1 d0
04-14 23:13:41.209 D/SurfaceComposerClient(  991): setCornerRadius ## 40721cd Splash Screen com.clientreachai.phperformance#26060 cornerRadius=0.000000
04-14 23:13:41.209 D/SurfaceComposerClient(  991): setCornerRadius ## 45524a9 com.clientreachai.phperformance/com.clientreachai.phperformance.MainActivity#26067 cornerRadius=0.000000
04-14 23:13:41.209 D/WindowManager(  991): updateSystemBarAttributes: displayId=0, focusedCanBeNavColorWin=false, win=Window{45524a9 u0 com.clientreachai.phperformance/com.clientreachai.phperformance.MainActivity}, navColorWin=Window{40721cd u0 Splash Screen com.clientreachai.phperformance}, caller=com.android.server.wm.DisplayPolicy.finishPostLayoutPolicyLw:17 com.android.server.wm.RootWindowContainer.applySurfaceChangesTransaction$1:195 com.android.server.wm.RootWindowContainer.performSurfacePlacementNoTrace:59 
04-14 23:13:41.210 D/SurfaceComposerClient(  991): setCornerRadius ## 40721cd Splash Screen com.clientreachai.phperformance#26060 cornerRadius=0.000000
04-14 23:13:41.210 D/SurfaceComposerClient(  991): setCornerRadius ## 45524a9 com.clientreachai.phperformance/com.clientreachai.phperformance.MainActivity#26067 cornerRadius=0.000000
04-14 23:13:41.211 D/NavigationBar( 2097): onSystemBarAttributesChanged() -  displayId:0, appearance:8, packageName: com.clientreachai.phperformance (APPEARANCE_LIGHT_STATUS_BARS ), navbarColorManagedByIme:false
04-14 23:13:41.218 D/NetdEventListenerService(  991): DNS Requested by 113, 10330(com.clientreachai.phperformance), SUCCESS, 2ms
04-14 23:13:41.231 I/SurfaceFlinger(  866): [com.clientreachai.phperformance/com.clientreachai.phperformance.MainActivity$_22702#26068] setTransactionState with the first frame. bufferData(ID: 97504347553795, frameNumber: 1)
04-14 23:13:41.231 D/WindowManager(  991): finishDrawingWindow: Window{45524a9 u0 com.clientreachai.phperformance/com.clientreachai.phperformance.MainActivity} mDrawState=DRAW_PENDING seqId=0
04-14 23:13:41.233 D/SurfaceComposerClient(  991): setCornerRadius ## 40721cd Splash Screen com.clientreachai.phperformance#26060 cornerRadius=0.000000
04-14 23:13:41.233 D/SurfaceComposerClient(  991): setCornerRadius ## 45524a9 com.clientreachai.phperformance/com.clientreachai.phperformance.MainActivity#26067 cornerRadius=0.000000
04-14 23:13:41.235 D/SurfaceComposerClient(  991): setCornerRadius ## 40721cd Splash Screen com.clientreachai.phperformance#26060 cornerRadius=0.000000
04-14 23:13:41.235 V/WindowManager(  991): Finish starting ActivityRecord{184998660 u0 com.clientreachai.phperformance/.MainActivity t193}: first real window is shown, no animation
04-14 23:13:41.235 V/WindowManager(  991): performShowLocked: mDrawState=HAS_DRAWN in Window{45524a9 u0 com.clientreachai.phperformance/com.clientreachai.phperformance.MainActivity}
04-14 23:13:41.235 D/SurfaceComposerClient(  991): setCornerRadius ## 45524a9 com.clientreachai.phperformance/com.clientreachai.phperformance.MainActivity#26067 cornerRadius=0.000000
04-14 23:13:41.235 D/SurfaceComposerClient(  991): setCornerRadius ## 40721cd Splash Screen com.clientreachai.phperformance#26060 cornerRadius=0.000000
04-14 23:13:41.235 D/SurfaceComposerClient(  991): setCornerRadius ## 45524a9 com.clientreachai.phperformance/com.clientreachai.phperformance.MainActivity#26067 cornerRadius=0.000000
04-14 23:13:41.236 D/SurfaceComposerClient(  991): setCornerRadius ## 40721cd Splash Screen com.clientreachai.phperformance#26060 cornerRadius=0.000000
04-14 23:13:41.236 D/SurfaceComposerClient(  991): setCornerRadius ## 45524a9 com.clientreachai.phperformance/com.clientreachai.phperformance.MainActivity#26067 cornerRadius=0.000000
04-14 23:13:41.246 D/TaskOrganizerController(  991): applyStartingWindowAnimation, window=Window{40721cd u0 Splash Screen com.clientreachai.phperformance}, caller=com.android.server.wm.ActivityRecord.onCopySplashScreenFinish:40 com.android.server.wm.ActivityTaskManagerService.onSplashScreenViewCopyFinished:41 android.app.IActivityTaskManager$Stub.onTransact:2657 
04-14 23:13:41.246 I/WindowManager(  991): Reparenting to leash, surface=Surface(name=40721cd Splash Screen com.clientreachai.phperformance)/@0xdaea7a8, leashParent=Surface(name=ActivityRecord{184998660 u0 com.clientreachai.phperformance/.MainActivity t193})/@0xe62c2c1
04-14 23:13:41.247 I/SurfaceFlinger(  866): id=26073 createSurf, flag=24000, Surface(name=40721cd Splash Screen com.clientreachai.phperformance)/@0xdaea7a8 - animation-leash of starting_reveal#26073
04-14 23:13:41.248 D/WindowManager(  991): makeSurface duration=2 leash=Surface(name=Surface(name=40721cd Splash Screen com.clientreachai.phperformance)/@0xdaea7a8 - animation-leash of starting_reveal)/@0x9a9ea66
04-14 23:13:41.252 I/PkgPredictorService-SecIpmManagerServiceImpl(  991): reportToNAP uid:10330 com.clientreachai.phperformance/com.clientreachai.phperformance.MainActivity thisTime:1329
04-14 23:13:41.254 I/ActivityTaskManager(  991): Displayed com.clientreachai.phperformance/.MainActivity for user 0: +1s329ms
04-14 23:13:41.254 I/Pageboost(  991): Launch time gathered : pid 22702 com.clientreachai.phperformance 1329
04-14 23:13:41.257 I/SurfaceFlinger(  866): RequestedLayer [com.clientreachai.phperformance/com.[...]erformance.MainActivity$_22702#26068] hidden!! flag  from(1) --> to(0)
04-14 23:13:41.257 I/SurfaceFlinger(  866): [Surface(name=40721cd Splash Screen com.clientreachai.phperformance)/@0xdaea7a8 - animation-leash of starting_reveal#26073] attach to parent LayerHierarchy{RequestedLayerState{ActivityRecord{184998660 u0 com.clientreachai.phperformance/.MainActivity t193}#26059 parentId=26058} 4 children}
04-14 23:13:41.266 D/SurfaceFlinger(  866):        DEVICE |           97504347553795 | 00002102 | RGBA_8888    |    0.0    0.0 1080.0 2340.0 |    0    0 1080 2340 | com.clientreachai.phperformance/com.[...]erformance.MainActivity$_22702#26068 (1)
04-14 23:13:41.266 D/SurfaceFlinger(  866):        DEVICE |            9006546480185 | 00002100 | RGBA_8888    |    0.0    0.0 1080.0 2340.0 |    0    0 1080 2340 | Splash Screen com.clientreachai.phperformance$_2097#26061 (1)
04-14 23:13:41.266 D/InputDispatcher(  991): Focus entered window (0): 45524a9 com.clientreachai.phperformance/com.clientreachai.phperformance.MainActivity
04-14 23:13:41.269 D/SurfaceComposerClient(  991): setCornerRadius ## 40721cd Splash Screen com.clientreachai.phperformance#26060 cornerRadius=0.000000
04-14 23:13:41.269 D/SurfaceComposerClient(  991): setCornerRadius ## 45524a9 com.clientreachai.phperformance/com.clientreachai.phperformance.MainActivity#26067 cornerRadius=0.000000
04-14 23:13:41.270 D/SurfaceComposerClient(  991): setCornerRadius ## 40721cd Splash Screen com.clientreachai.phperformance#26060 cornerRadius=0.000000
04-14 23:13:41.271 D/SurfaceComposerClient(  991): setCornerRadius ## 45524a9 com.clientreachai.phperformance/com.clientreachai.phperformance.MainActivity#26067 cornerRadius=0.000000
04-14 23:13:41.277 I/WindowManager(  991): Cancelling animation restarting=false, leash=Surface(name=Surface(name=40721cd Splash Screen com.clientreachai.phperformance)/@0xdaea7a8 - animation-leash of starting_reveal)/@0x9a9ea66
04-14 23:13:41.277 I/WindowManager(  991): Reparenting to original parent: Surface(name=ActivityRecord{184998660 u0 com.clientreachai.phperformance/.MainActivity t193})/@0xe62c2c1, destroy=false, surface=Surface(name=40721cd Splash Screen com.clientreachai.phperformance)/@0xdaea7a8
04-14 23:13:41.277 V/WindowManager(  991): Schedule remove starting ActivityRecord{184998660 u0 com.clientreachai.phperformance/.MainActivity t193} startingWindow=Window{40721cd u0 Splash Screen com.clientreachai.phperformance} animate=false Callers=com.android.server.wm.ActivityClientController.splashScreenAttached:51 android.app.IActivityClientController$Stub.onTransact:1393 com.android.server.wm.ActivityClientController.onTransact:1 android.os.Binder.execTransactInternal:1462 android.os.Binder.execTransact:1401 
04-14 23:13:41.277 D/SGM:FgCheckThread(  991): getForegroundApp(), foregroundPkgName=com.clientreachai.phperformance
04-14 23:13:41.278 D/SGM:FgCheckThread(  991): noteStopComponent(), received pkgName: com.sec.android.app.launcher, focusedPkgName: com.clientreachai.phperformance, userId: 0
04-14 23:13:41.278 D/SurfaceComposerClient(  991): setCornerRadius ## 40721cd Splash Screen com.clientreachai.phperformance#26060 cornerRadius=0.000000
04-14 23:13:41.278 D/SurfaceComposerClient(  991): setCornerRadius ## 45524a9 com.clientreachai.phperformance/com.clientreachai.phperformance.MainActivity#26067 cornerRadius=0.000000
04-14 23:13:41.279 D/WindowManager(  991): updateSystemBarAttributes: displayId=0, focusedCanBeNavColorWin=false, win=Window{45524a9 u0 com.clientreachai.phperformance/com.clientreachai.phperformance.MainActivity}, navColorWin=Window{45524a9 u0 com.clientreachai.phperformance/com.clientreachai.phperformance.MainActivity}, caller=com.android.server.wm.DisplayPolicy.finishPostLayoutPolicyLw:17 com.android.server.wm.RootWindowContainer.applySurfaceChangesTransaction$1:195 com.android.server.wm.RootWindowContainer.performSurfacePlacementNoTrace:59 
04-14 23:13:41.279 D/SurfaceComposerClient(  991): setCornerRadius ## 40721cd Splash Screen com.clientreachai.phperformance#26060 cornerRadius=0.000000
04-14 23:13:41.279 D/SurfaceComposerClient(  991): setCornerRadius ## 45524a9 com.clientreachai.phperformance/com.clientreachai.phperformance.MainActivity#26067 cornerRadius=0.000000
04-14 23:13:41.285 D/SGM:FgCheckThread(  991): getForegroundApp(), foregroundPkgName=com.clientreachai.phperformance
04-14 23:13:41.285 D/SGM:FgCheckThread(  991): noteStopComponent(), received pkgName: com.android.settings, focusedPkgName: com.clientreachai.phperformance, userId: 0
04-14 23:13:41.287 D/SGM:GameManager(  991): identifyForegroundApp. com.clientreachai.phperformance, mCurrentUserId: 0, callerUserId: 0
04-14 23:13:41.287 D/SGM:GameManager(  991): identifyForegroundApp. com.clientreachai.phperformance, mCurrentUserId: 0, callerUserId: 0
04-14 23:13:41.287 I/ImeTracker(  991): com.clientreachai.phperformance:60fea7ce: onRequestHide at ORIGIN_SERVER reason HIDE_UNSPECIFIED_WINDOW fromUser false
04-14 23:13:41.291 I/ImeTracker(22702): com.clientreachai.phperformance:60fea7ce: onCancelled at PHASE_CLIENT_ALREADY_HIDDEN
04-14 23:13:41.291 I/SurfaceFlinger(  866): [LayerHierarchy{RequestedLayerState{40721cd Splash Screen com.clientreachai.phperformance#26060 parentId=26073 z=2147483647} 1 children}] reparent to LayerHierarchy{RequestedLayerState{Surface(name=40721cd Splash Screen com.clientreachai.phperformance)/@0xdaea7a8 - animation-leash of starting_reveal#26073 parentId=26059} 1 children}
04-14 23:13:41.293 D/SurfaceComposerClient(  991): setCornerRadius ## 40721cd Splash Screen com.clientreachai.phperformance#26060 cornerRadius=0.000000
04-14 23:13:41.293 D/SurfaceComposerClient(  991): setCornerRadius ## 45524a9 com.clientreachai.phperformance/com.clientreachai.phperformance.MainActivity#26067 cornerRadius=0.000000
04-14 23:13:41.294 D/NavigationBar( 2097): onSystemBarAttributesChanged() -  displayId:0, appearance:24, packageName: com.clientreachai.phperformance (APPEARANCE_LIGHT_STATUS_BARS APPEARANCE_LIGHT_NAVIGATION_BARS ), navbarColorManagedByIme:false
04-14 23:13:41.299 I/WindowManager(  991): Relayout Window{40721cd u0 Splash Screen com.clientreachai.phperformance}: viewVisibility=8 req=1080x2340 ty=3 d0
04-14 23:13:41.299 D/SurfaceComposerClient(  991): setCornerRadius ## 45524a9 com.clientreachai.phperformance/com.clientreachai.phperformance.MainActivity#26067 cornerRadius=0.000000
04-14 23:13:41.300 D/SurfaceComposerClient(  991): setCornerRadius ## 40721cd Splash Screen com.clientreachai.phperformance#26060 cornerRadius=0.000000
04-14 23:13:41.300 D/SurfaceComposerClient(  991): setCornerRadius ## 45524a9 com.clientreachai.phperformance/com.clientreachai.phperformance.MainActivity#26067 cornerRadius=0.000000
04-14 23:13:41.302 D/SurfaceComposerClient(  991): setCornerRadius ## 40721cd Splash Screen com.clientreachai.phperformance#26060 cornerRadius=0.000000
04-14 23:13:41.302 D/SurfaceComposerClient(  991): setCornerRadius ## 45524a9 com.clientreachai.phperformance/com.clientreachai.phperformance.MainActivity#26067 cornerRadius=0.000000
04-14 23:13:41.303 D/CoreBackPreview(  991): Window{40721cd u0 Splash Screen com.clientreachai.phperformance}: Setting back callback null
04-14 23:13:41.303 D/WindowManager(  991): Starting window removed Window{40721cd u0 Splash Screen com.clientreachai.phperformance}
04-14 23:13:41.303 V/WindowManager(  991): Remove Window{40721cd u0 Splash Screen com.clientreachai.phperformance}: mSurfaceControl=Surface(name=Splash Screen com.clientreachai.phperformance$_2097)/@0x277b916 mAnimatingExit=false mRemoveOnExit=false mHasSurface=true surfaceShowing=false animating=false app-animation=false callers=com.android.server.wm.Session.remove:16 android.view.IWindowSession$Stub.onTransact:804 com.android.server.wm.Session.onTransact:1 android.os.Binder.execTransactInternal:1462 android.os.Binder.execTransact:1401 <bottom of call stack> 
04-14 23:13:41.304 D/SurfaceComposerClient(  991): setCornerRadius ## 45524a9 com.clientreachai.phperformance/com.clientreachai.phperformance.MainActivity#26067 cornerRadius=0.000000
04-14 23:13:41.305 D/WindowManager(  991): updateSystemBarAttributes: displayId=0, focusedCanBeNavColorWin=false, win=Window{45524a9 u0 com.clientreachai.phperformance/com.clientreachai.phperformance.MainActivity}, navColorWin=Window{45524a9 u0 com.clientreachai.phperformance/com.clientreachai.phperformance.MainActivity}, caller=com.android.server.wm.DisplayPolicy.finishPostLayoutPolicyLw:17 com.android.server.wm.RootWindowContainer.applySurfaceChangesTransaction$1:195 com.android.server.wm.RootWindowContainer.performSurfacePlacementNoTrace:59 
04-14 23:13:41.305 D/SurfaceComposerClient(  991): setCornerRadius ## 45524a9 com.clientreachai.phperformance/com.clientreachai.phperformance.MainActivity#26067 cornerRadius=0.000000
04-14 23:13:41.306 I/HBD     ( 4812): b [AiWriter] setContact : com.clientreachai.phperformance
04-14 23:13:41.306 I/HBD     ( 4812): a [AiWriter] setContact : com.clientreachai.phperformance
04-14 23:13:41.307 I/SurfaceFlinger(  866): RequestedLayer [Splash Screen com.clientreachai.phperformance$_2097#26061] hidden!! flag  from(0) --> to(1)
04-14 23:13:41.307 I/SurfaceFlinger(  866): [LayerHierarchy{RequestedLayerState{40721cd Splash Screen com.clientreachai.phperformance#26060 parentId=26059 z=2147483647} 1 children}] reparent to LayerHierarchy{RequestedLayerState{ActivityRecord{184998660 u0 com.clientreachai.phperformance/.MainActivity t193}#26059 parentId=26058} 4 children}
04-14 23:13:41.307 I/SurfaceFlinger(  866): [LayerHierarchy{RequestedLayerState{Surface(name=40721cd Splash Screen com.clientreachai.phperformance)/@0xdaea7a8 - animation-leash of starting_reveal#26073} no children}] reparent to OffscreenRoot
04-14 23:13:41.307 I/SurfaceFlinger(  866): [LayerHierarchy{RequestedLayerState{Surface(name=40721cd Splash Screen com.clientreachai.phperformance)/@0xdaea7a8 - animation-leash of starting_reveal#26073} no children}] RelativeParent to null
04-14 23:13:41.307 D/InsetsSourceProvider(  991): updateControlForTarget: control=InsetsSourceControl: {3 mType=ime mSurfacePosition=Point(0, 80) mInsetsHint=Insets{left=0, top=0, right=0, bottom=1008}}, target=Window{45524a9 u0 com.clientreachai.phperformance/com.clientreachai.phperformance.MainActivity}, from=com.android.server.wm.ImeInsetsSourceProvider.updateControlForTarget:17 com.android.server.wm.InsetsStateController.onControlTargetChanged:83 com.android.server.wm.DisplayContent.updateImeControlTarget:21 com.android.server.wm.DisplayContent.updateImeInputAndControlTarget:156 com.android.server.wm.WindowManagerService$LocalService.updateInputMethodTargetWindow:64 
04-14 23:13:41.308 D/SurfaceComposerClient(  991): setCornerRadius ## 45524a9 com.clientreachai.phperformance/com.clientreachai.phperformance.MainActivity#26067 cornerRadius=0.000000
04-14 23:13:41.308 I/SurfaceFlinger(  866): id=26073 Removed Surface(name=40721cd Splash Screen com.clientreachai.phperformance)/@0xdaea7a8 - animation-leash of starting_reveal#26073 (190)
04-14 23:13:41.312 D/SurfaceFlinger(  866):        DEVICE |           97504347553794 | 00002102 | RGBA_8888    |    0.0    0.0 1080.0 2340.0 |    0    0 1080 2340 | com.clientreachai.phperformance/com.[...]erformance.MainActivity$_22702#26068 (2)
04-14 23:13:41.318 D/SurfaceComposerClient(  991): setCornerRadius ## 45524a9 com.clientreachai.phperformance/com.clientreachai.phperformance.MainActivity#26067 cornerRadius=0.000000
04-14 23:13:41.324 I/SurfaceFlinger(  866): destroyed Surface(name=40721cd Splash Screen com.clientreachai.phperformance)/@0xdaea7a8 - animation-leash of starting_reveal#26073
04-14 23:13:41.324 I/SurfaceFlinger(  866): [LayerHierarchy{RequestedLayerState{ImeContainer#15 parentId=26059 relativeParentId=26067 z=1} 1 children}] reparent to LayerHierarchy{RequestedLayerState{ActivityRecord{184998660 u0 com.clientreachai.phperformance/.MainActivity t193}#26059 parentId=26058} 4 children}
04-14 23:13:41.324 I/SurfaceFlinger(  866): [LayerHierarchy{RequestedLayerState{ImeContainer#15 parentId=26059 relativeParentId=26067 z=1} 1 children}] RelativeParent to LayerHierarchy{RequestedLayerState{45524a9 com.clientreachai.phperformance/com.clientreachai.phperformance.MainActivity#26067 parentId=26059} 2 children}
04-14 23:13:41.324 I/SurfaceFlinger(  866): [LayerHierarchy{RequestedLayerState{40721cd Splash Screen com.clientreachai.phperformance#26060 z=2147483647} 1 children}] reparent to OffscreenRoot
04-14 23:13:41.324 I/SurfaceFlinger(  866): [LayerHierarchy{RequestedLayerState{40721cd Splash Screen com.clientreachai.phperformance#26060 z=2147483647} 1 children}] RelativeParent to null
04-14 23:13:41.324 I/SurfaceFlinger(  866): [LayerHierarchy{RequestedLayerState{Splash Screen com.clientreachai.phperformance$_2097#26061} no children}] reparent to OffscreenRoot
04-14 23:13:41.324 I/SurfaceFlinger(  866): [LayerHierarchy{RequestedLayerState{Splash Screen com.clientreachai.phperformance$_2097#26061} no children}] RelativeParent to null
04-14 23:13:41.328 I/Layer   (  866): id=26073 Destroyed Surface(name=40721cd Splash Screen com.clientreachai.phperformance)/@0xdaea7a8 - animation-leash of starting_reveal#26073
04-14 23:13:41.334 I/SurfaceFlinger(  866): id=26060 Removed 40721cd Splash Screen com.clientreachai.phperformance#26060 (186)
04-14 23:13:41.334 I/SurfaceFlinger(  866): id=26061 Removed Splash Screen com.clientreachai.phperformance$_2097#26061 (186)
04-14 23:13:41.340 I/SurfaceFlinger(  866): destroyed Splash Screen com.clientreachai.phperformance$_2097#26061
04-14 23:13:41.340 I/SurfaceFlinger(  866): destroyed 40721cd Splash Screen com.clientreachai.phperformance#26060
04-14 23:13:41.343 I/Layer   (  866): id=26061 Destroyed Splash Screen com.clientreachai.phperformance$_2097#26061
04-14 23:13:41.343 I/Layer   (  866): id=26060 Destroyed 40721cd Splash Screen com.clientreachai.phperformance#26060
04-14 23:13:41.361 I/HBD     ( 4812): a [SKE_SPECIFIC] specific model[com.clientreachai.phperformance] loaded, 32441923 ns
04-14 23:13:41.412 D/MdnieScenarioControlService(  991):  packageName : com.clientreachai.phperformance    className : com.clientreachai.phperformance.MainActivity
04-14 23:13:41.495 I/{OngoingActivityDataHelper}( 2097): setBaseActivityComponentName:ComponentInfo{com.clientreachai.phperformance/com.clientreachai.phperformance.MainActivity}
04-14 23:13:41.808 D/SGM:GameManager(  991): identifyForegroundApp. com.clientreachai.phperformance, mCurrentUserId: 0, callerUserId: 0
04-14 23:13:42.643 D/nativeloader(22702): Load /data/app/~~UQSD_hVLlUxC92XKSH7MeQ==/com.clientreachai.phperformance-WyQf3xE20MbwPOOSeUPtrQ==/base.apk!/lib/arm64-v8a/libimagepipeline.so using class loader ns clns-10 (caller=/data/app/~~UQSD_hVLlUxC92XKSH7MeQ==/com.clientreachai.phperformance-WyQf3xE20MbwPOOSeUPtrQ==/base.apk!classes4.dex): ok
04-14 23:13:42.648 I/Kumiho-Kumiho(22702): getPackageName: com.clientreachai.phperformance
04-14 23:13:42.654 D/nativeloader(22702): Load /data/app/~~UQSD_hVLlUxC92XKSH7MeQ==/com.clientreachai.phperformance-WyQf3xE20MbwPOOSeUPtrQ==/base.apk!/lib/arm64-v8a/libnative-imagetranscoder.so using class loader ns clns-10 (caller=/data/app/~~UQSD_hVLlUxC92XKSH7MeQ==/com.clientreachai.phperformance-WyQf3xE20MbwPOOSeUPtrQ==/base.apk!classes4.dex): ok
04-14 23:13:42.656 I/Kumiho-Kumiho(22702): getPackageName: com.clientreachai.phperformance
04-14 23:13:42.656 I/Kumiho-Kumiho(22702): getPackageName: com.clientreachai.phperformance
04-14 23:13:42.895 I/Kumiho-Kumiho(22702): getPackageName: com.clientreachai.phperformance
04-14 23:13:42.897 I/Kumiho-Kumiho(22702): getPackageName: com.clientreachai.phperformance
04-14 23:13:42.897 I/Kumiho-Kumiho(22702): getPackageName: com.clientreachai.phperformance
04-14 23:13:43.548 I/Kumiho-Kumiho(22702): getPackageName: com.clientreachai.phperformance
04-14 23:13:43.549 I/Kumiho-Kumiho(22702): getPackageName: com.clientreachai.phperformance
04-14 23:13:43.550 I/Kumiho-Kumiho(22702): getPackageName: com.clientreachai.phperformance
04-14 23:13:44.191 I/SurfaceFlinger(  866): [com.clientreachai.phperformance/com.clientreachai.phperformance.MainActivity$_22702#26068] setFrameRateCategory: HighHint
04-14 23:13:44.267 D/VibratorManagerService(  991): vibrate - uid: 10330, opPkg: com.clientreachai.phperformance, effect: Mono{mEffect=Composed{segments=[Step{amplitude=0.0, frequencyHz=0.0, duration=0}, Step{amplitude=0.11764706, frequencyHz=0.0, duration=50}], repeat=-1, mMagnitudeType=TYPE_EXTRA}}, attrs: VibrationAttributes{mUsage=TOUCH, mAudioUsage= USAGE_UNKNOWN, mFlags=0, tags=}, reason: null, token: android.os.BinderProxy@f84b895
04-14 23:13:44.267 D/VibratorManagerService(  991): Check AppOp mode VIBRATE for uid 10330 and package com.clientreachai.phperformance returned audio=allow, op=allow
04-14 23:13:44.268 D/VibratorManagerService(  991): Start AppOp mode VIBRATE for uid 10330 and package com.clientreachai.phperformance returned allow
04-14 23:13:44.317 D/VibratorManagerService(  991): vibrate - uid: 10330, opPkg: com.clientreachai.phperformance, effect: Mono{mEffect=Composed{segments=[Step{amplitude=0.0, frequencyHz=0.0, duration=0}, Step{amplitude=0.11764706, frequencyHz=0.0, duration=50}], repeat=-1, mMagnitudeType=TYPE_EXTRA}}, attrs: VibrationAttributes{mUsage=TOUCH, mAudioUsage= USAGE_UNKNOWN, mFlags=0, tags=}, reason: null, token: android.os.BinderProxy@f84b895
04-14 23:13:44.317 D/VibratorManagerService(  991): Check AppOp mode VIBRATE for uid 10330 and package com.clientreachai.phperformance returned audio=allow, op=allow
04-14 23:13:44.317 D/VibrationThread(  991): Vibration cancel requested with signal=EndInfo{status=CANCELLED_SUPERSEDED, endedBy=CallerInfo{ uid=10330, opPkg=com.clientreachai.phperformance, deviceId=0, attrs=VibrationAttributes{mUsage=TOUCH, mAudioUsage= USAGE_UNKNOWN, mFlags=0, tags=}, reason=null}}, immediate=false
04-14 23:13:44.318 D/VibrationThread(  991): Vibration 3947 finished with EndInfo{status=CANCELLED_SUPERSEDED, endedBy=CallerInfo{ uid=10330, opPkg=com.clientreachai.phperformance, deviceId=0, attrs=VibrationAttributes{mUsage=TOUCH, mAudioUsage= USAGE_UNKNOWN, mFlags=0, tags=}, reason=null}}
04-14 23:13:44.318 D/VibratorManagerService(  991): Finish AppOp mode VIBRATE for uid 10330 and package com.clientreachai.phperformance
04-14 23:13:44.319 D/VibratorManagerService(  991): Start AppOp mode VIBRATE for uid 10330 and package com.clientreachai.phperformance returned allow
04-14 23:13:44.401 D/VibratorManagerService(  991): Finish AppOp mode VIBRATE for uid 10330 and package com.clientreachai.phperformance
04-14 23:13:45.296 D/VibratorManagerService(  991): vibrate - uid: 10330, opPkg: com.clientreachai.phperformance, effect: Mono{mEffect=Composed{segments=[Step{amplitude=0.0, frequencyHz=0.0, duration=0}, Step{amplitude=0.27450982, frequencyHz=0.0, duration=60}], repeat=-1, mMagnitudeType=TYPE_EXTRA}}, attrs: VibrationAttributes{mUsage=TOUCH, mAudioUsage= USAGE_UNKNOWN, mFlags=0, tags=}, reason: null, token: android.os.BinderProxy@f84b895
04-14 23:13:45.297 D/VibratorManagerService(  991): Check AppOp mode VIBRATE for uid 10330 and package com.clientreachai.phperformance returned audio=allow, op=allow
04-14 23:13:45.297 D/VibratorManagerService(  991): Start AppOp mode VIBRATE for uid 10330 and package com.clientreachai.phperformance returned allow
04-14 23:13:45.370 D/VibratorManagerService(  991): Finish AppOp mode VIBRATE for uid 10330 and package com.clientreachai.phperformance
04-14 23:13:45.454 I/SurfaceFlinger(  866): id=26076 createSurf, flag=84004, 1f64ce4 com.clientreachai.phperformance/com.clientreachai.phperformance.MainActivity#26076
04-14 23:13:45.456 I/InsetsController(22702): onStateChanged: host=com.clientreachai.phperformance/com.clientreachai.phperformance.MainActivity, from=android.view.ViewRootImpl.onInsetsStateChanged:3026, state=InsetsState: {mDisplayFrame=Rect(0, 0 - 1080, 2340), mDisplayCutout=DisplayCutout{insets=Rect(0, 80 - 0, 0) waterfall=Insets{left=0, top=0, right=0, bottom=0} boundingRect={Bounds=[Rect(0, 0 - 0, 0), Rect(511, 0 - 569, 80), Rect(0, 0 - 0, 0), Rect(0, 0 - 0, 0)]} cutoutPathParserInfo={CutoutPathParserInfo{displayWidth=1080 displayHeight=2340 physicalDisplayWidth=1080 physicalDisplayHeight=2340 density={2.8125} cutoutSpec={M 0,0 M 0,7.822222222222222‬‬ a 10.31111111111111‬,10.31111111111111‬ 0 1,0 0,20.62222222222222‬ a 10.31111111111111‬,10.31111111111111‬ 0 1,0 0,-20.62222222222222‬ Z @dp} rotation={0} scale={1.0} physicalPixelDisplaySizeRatio={1.0}}} sideOverrides={}}, mRoundedCorners=RoundedCorners{[RoundedCorner{position=TopLeft, radius=113, center=Point(113, 113)}, RoundedCorner{position=TopRight, radius=113, center=Point(967, 113)}, RoundedCorner{position=BottomRight, radius=113, center=Point(967, 2227)}, RoundedCorner{position=BottomLeft, radius=113, center=Point(113, 2227)}]}  mRoundedCornerFrame=Rect(0, 0 - 1080, 2340), mPrivacyIndicatorBounds=PrivacyIndicatorBounds {static bounds=Rect(956, 0 - 1080, 80) rotation=0}, mDisplayShape=DisplayShape{ spec=-311912193 displayWidth=1080 displayHeight=2340 physicalPixelDisplaySizeRatio=1.0 rotation=0 offsetX=0 offsetY=0 scale=1.0}, mSources= { InsetsSource: {849b0001 mType=navigationBars mFrame=[0,2298][1080,2340] mVisible=true mFlags=SUPPRESS_SCRIM mSideHint=BOTTOM mBoundingRects=null}, InsetsSource: {849b0004 mType=systemGestures mFrame=[0,0][84,2340] mVisible=true mFlags= mSideHint=LEFT mBoundingRects=null}, InsetsSource: {849b0005 mType=mandatorySystemGestures mFrame=[0,2250][1080,2340] mVisible=true mFlags= mSideHint=BOTTOM mBoundingRects=null}, InsetsSource: {849b0006 mType=tappableElement mFrame=[0,0][0,0] mVisible=true mFlags= mSideHint=NONE mBoundingRects=null}, InsetsSource: {849b0024 mType=systemGestures mFrame=[996,0][1080,2340] mVisible=true mFlags= mSideHint=RIGHT mBoundingRects=null}, InsetsSource: {d27a0000 mType=statusBars mFrame=[0,0][1080,80] mVisible=true mFlags= mSideHint=TOP mBoundingRects=null}, InsetsSource: {d27a0005 mType=mandatorySystemGestures mFrame=[0,0][1080,114] mVisible=true mFlags= mSideHint=TOP mBoundingRects=null}, InsetsSource: {d27a0006 mType=tappableElement mFrame=[0,0][1080,80] mVisible=true mFlags= mSideHint=TOP mBoundingRects=null}, InsetsSource: {27 mType=displayCutout mFrame=[0,0][1080,80] mVisible=true mFlags= mSideHint=TOP mBoundingRects=null} }
04-14 23:13:45.457 I/SurfaceFlinger(  866): [1f64ce4 com.clientreachai.phperformance/com.clientreachai.phperformance.MainActivity#26076] attach to parent LayerHierarchy{RequestedLayerState{ActivityRecord{184998660 u0 com.clientreachai.phperformance/.MainActivity t193}#26059 parentId=26058} 4 children}
04-14 23:13:45.464 I/WindowManager(  991): Relayout Window{1f64ce4 u0 com.clientreachai.phperformance/com.clientreachai.phperformance.MainActivity}: viewVisibility=0 req=1080x2340 ty=2 d0
04-14 23:13:45.464 I/SurfaceFlinger(  866): id=26077 createSurf, flag=44004, com.clientreachai.phperformance/com.clientreachai.phperformance.MainActivity$_22702#26077
04-14 23:13:45.465 D/WindowManager(  991): makeSurface duration=1 name=com.clientreachai.phperformance/com.clientreachai.phperformance.MainActivity$_22702
04-14 23:13:45.466 D/SurfaceComposerClient(  991): setCornerRadius ## 45524a9 com.clientreachai.phperformance/com.clientreachai.phperformance.MainActivity#26067 cornerRadius=0.000000
04-14 23:13:45.466 D/SurfaceComposerClient(  991): setCornerRadius ## 45524a9 com.clientreachai.phperformance/com.clientreachai.phperformance.MainActivity#26067 cornerRadius=0.000000
04-14 23:13:45.467 D/WindowManager(  991): Changing focus from Window{45524a9 u0 com.clientreachai.phperformance/com.clientreachai.phperformance.MainActivity} to Window{1f64ce4 u0 com.clientreachai.phperformance/com.clientreachai.phperformance.MainActivity} displayId=0 Callers=com.android.server.wm.WindowManagerService.relayoutWindow:1366 com.android.server.wm.Session.relayout:27 android.view.IWindowSession$Stub.onTransact:829 com.android.server.wm.Session.onTransact:1 
04-14 23:13:45.469 D/InsetsSourceProvider(  991): updateControlForTarget: control=InsetsSourceControl: {d27a0000 mType=statusBars initiallyVisible mSurfacePosition=Point(0, 0) mInsetsHint=Insets{left=0, top=80, right=0, bottom=0}}, target=Window{1f64ce4 u0 com.clientreachai.phperformance/com.clientreachai.phperformance.MainActivity}, from=com.android.server.wm.InsetsStateController.onControlTargetChanged:83 com.android.server.wm.InsetsPolicy.updateBarControlTarget:212 com.android.server.wm.DisplayPolicy.updateSystemBarAttributes:262 com.android.server.wm.WindowManagerService.updateFocusedWindowLocked:372 com.android.server.wm.WindowManagerService.relayoutWindow:1366 
04-14 23:13:45.470 D/InsetsSourceProvider(  991): updateControlForTarget: control=InsetsSourceControl: {849b0001 mType=navigationBars initiallyVisible mSurfacePosition=Point(0, 2205) mInsetsHint=Insets{left=0, top=0, right=0, bottom=42}}, target=Window{1f64ce4 u0 com.clientreachai.phperformance/com.clientreachai.phperformance.MainActivity}, from=com.android.server.wm.InsetsStateController.onControlTargetChanged:83 com.android.server.wm.InsetsPolicy.updateBarControlTarget:225 com.android.server.wm.DisplayPolicy.updateSystemBarAttributes:262 com.android.server.wm.WindowManagerService.updateFocusedWindowLocked:372 com.android.server.wm.WindowManagerService.relayoutWindow:1366 
04-14 23:13:45.470 D/WindowManager(  991): updateSystemBarAttributes: displayId=0, focusedCanBeNavColorWin=false, win=Window{1f64ce4 u0 com.clientreachai.phperformance/com.clientreachai.phperformance.MainActivity}, navColorWin=Window{1f64ce4 u0 com.clientreachai.phperformance/com.clientreachai.phperformance.MainActivity}, caller=com.android.server.wm.WindowManagerService.updateFocusedWindowLocked:372 com.android.server.wm.WindowManagerService.relayoutWindow:1366 com.android.server.wm.Session.relayout:27 
04-14 23:13:45.471 V/SystemKeyManager(  991): updateFocusedWindow() is called, com.clientreachai.phperformance/com.clientreachai.phperformance.MainActivity
04-14 23:13:45.471 D/CoreBackPreview(  991): Window{1f64ce4 u0 com.clientreachai.phperformance/com.clientreachai.phperformance.MainActivity}: Setting back callback OnBackInvokedCallbackInfo{mCallback=android.window.IOnBackInvokedCallback$Stub$Proxy@ec1624e, mPriority=0, mIsAnimationCallback=false, mOverrideBehavior=0}
04-14 23:13:45.472 I/InsetsController(22702): onStateChanged: host=com.clientreachai.phperformance/com.clientreachai.phperformance.MainActivity, from=android.view.ViewRootImpl.onInsetsStateChanged:3026, state=InsetsState: {mDisplayFrame=Rect(0, 0 - 1080, 2340), mDisplayCutout=DisplayCutout{insets=Rect(0, 80 - 0, 0) waterfall=Insets{left=0, top=0, right=0, bottom=0} boundingRect={Bounds=[Rect(0, 0 - 0, 0), Rect(511, 0 - 569, 80), Rect(0, 0 - 0, 0), Rect(0, 0 - 0, 0)]} cutoutPathParserInfo={CutoutPathParserInfo{displayWidth=1080 displayHeight=2340 physicalDisplayWidth=1080 physicalDisplayHeight=2340 density={2.8125} cutoutSpec={M 0,0 M 0,7.822222222222222‬‬ a 10.31111111111111‬,10.31111111111111‬ 0 1,0 0,20.62222222222222‬ a 10.31111111111111‬,10.31111111111111‬ 0 1,0 0,-20.62222222222222‬ Z @dp} rotation={0} scale={1.0} physicalPixelDisplaySizeRatio={1.0}}} sideOverrides={}}, mRoundedCorners=RoundedCorners{[RoundedCorner{position=TopLeft, radius=113, center=Point(113, 113)}, RoundedCorner{position=TopRight, radius=113, center=Point(967, 113)}, RoundedCorner{position=BottomRight, radius=113, center=Point(967, 2227)}, RoundedCorner{position=BottomLeft, radius=113, center=Point(113, 2227)}]}  mRoundedCornerFrame=Rect(0, 0 - 1080, 2340), mPrivacyIndicatorBounds=PrivacyIndicatorBounds {static bounds=Rect(956, 0 - 1080, 80) rotation=0}, mDisplayShape=DisplayShape{ spec=-311912193 displayWidth=1080 displayHeight=2340 physicalPixelDisplaySizeRatio=1.0 rotation=0 offsetX=0 offsetY=0 scale=1.0}, mSources= { InsetsSource: {849b0001 mType=navigationBars mFrame=[0,2298][1080,2340] mVisible=true mFlags=SUPPRESS_SCRIM mSideHint=BOTTOM mBoundingRects=null}, InsetsSource: {849b0004 mType=systemGestures mFrame=[0,0][84,2340] mVisible=true mFlags= mSideHint=LEFT mBoundingRects=null}, InsetsSource: {849b0005 mType=mandatorySystemGestures mFrame=[0,2250][1080,2340] mVisible=true mFlags= mSideHint=BOTTOM mBoundingRects=null}, InsetsSource: {849b0006 mType=tappableElement mFrame=[0,0][0,0] mVisible=true mFlags= mSideHint=NONE mBoundingRects=null}, InsetsSource: {849b0024 mType=systemGestures mFrame=[996,0][1080,2340] mVisible=true mFlags= mSideHint=RIGHT mBoundingRects=null}, InsetsSource: {d27a0000 mType=statusBars mFrame=[0,0][1080,80] mVisible=true mFlags= mSideHint=TOP mBoundingRects=null}, InsetsSource: {d27a0005 mType=mandatorySystemGestures mFrame=[0,0][1080,114] mVisible=true mFlags= mSideHint=TOP mBoundingRects=null}, InsetsSource: {d27a0006 mType=tappableElement mFrame=[0,0][1080,80] mVisible=true mFlags= mSideHint=TOP mBoundingRects=null}, InsetsSource: {3 mType=ime mFrame=[0,0][0,0] mVisible=false mFlags= mSideHint=NONE mBoundingRects=null}, InsetsSource: {27 mType=displayCutout mFrame=[0,0][1080,80] mVisible=true mFlags= mSideHint=TOP mBoundingRects=null} }
04-14 23:13:45.474 I/SurfaceFlinger(  866): [com.clientreachai.phperformance/com.clientreachai.phperformance.MainActivity$_22702#26077] attach to parent LayerHierarchy{RequestedLayerState{1f64ce4 com.clientreachai.phperformance/com.clientreachai.phperformance.MainActivity#26076 parentId=26059 z=1} 1 children}
04-14 23:13:45.480 I/SurfaceFlinger(  866): [com.clientreachai.phperformance/com.clientreachai.phperformance.MainActivity$_22702#26077] setTransactionState with the first frame. bufferData(ID: 97504347553796, frameNumber: 1)
04-14 23:13:45.480 D/WindowManager(  991): finishDrawingWindow: Window{1f64ce4 u0 com.clientreachai.phperformance/com.clientreachai.phperformance.MainActivity} mDrawState=DRAW_PENDING seqId=0
04-14 23:13:45.481 D/SurfaceComposerClient(  991): setCornerRadius ## 45524a9 com.clientreachai.phperformance/com.clientreachai.phperformance.MainActivity#26067 cornerRadius=0.000000
04-14 23:13:45.481 V/WindowManager(  991): Loading animations: picked package=com.clientreachai.phperformance
04-14 23:13:45.481 I/WindowManager(  991): Reparenting to leash, surface=Surface(name=1f64ce4 com.clientreachai.phperformance/com.clientreachai.phperformance.MainActivity)/@0xa9ecf6f, leashParent=Surface(name=ActivityRecord{184998660 u0 com.clientreachai.phperformance/.MainActivity t193})/@0xe62c2c1
04-14 23:13:45.481 I/SurfaceFlinger(  866): id=26080 createSurf, flag=24004, Surface(name=1f64ce4 com.clientreachai.phperformance/com.clientreachai.phperformance.MainActivity)/@0xa9ecf6f - animation-leash of window_animation#26080
04-14 23:13:45.483 D/WindowManager(  991): makeSurface duration=1 leash=Surface(name=Surface(name=1f64ce4 com.clientreachai.phperformance/com.clientreachai.phperformance.MainActivity)/@0xa9ecf6f - animation-leash of window_animation)/@0x7ac547c
04-14 23:13:45.483 V/WindowManager(  991): performShowLocked: mDrawState=HAS_DRAWN in Window{1f64ce4 u0 com.clientreachai.phperformance/com.clientreachai.phperformance.MainActivity}
04-14 23:13:45.483 D/SurfaceComposerClient(  991): setCornerRadius ## 45524a9 com.clientreachai.phperformance/com.clientreachai.phperformance.MainActivity#26067 cornerRadius=0.000000
04-14 23:13:45.483 D/SurfaceComposerClient(  991): setCornerRadius ## 45524a9 com.clientreachai.phperformance/com.clientreachai.phperformance.MainActivity#26067 cornerRadius=0.000000
04-14 23:13:45.484 D/SurfaceComposerClient(  991): setCornerRadius ## 45524a9 com.clientreachai.phperformance/com.clientreachai.phperformance.MainActivity#26067 cornerRadius=0.000000
04-14 23:13:45.484 I/WindowManager(  991): Relayout Window{45524a9 u0 com.clientreachai.phperformance/com.clientreachai.phperformance.MainActivity}: viewVisibility=0 req=1080x2340 ty=1 d0
04-14 23:13:45.484 D/SurfaceComposerClient(  991): setCornerRadius ## 45524a9 com.clientreachai.phperformance/com.clientreachai.phperformance.MainActivity#26067 cornerRadius=0.000000
04-14 23:13:45.484 D/SurfaceComposerClient(  991): setCornerRadius ## 45524a9 com.clientreachai.phperformance/com.clientreachai.phperformance.MainActivity#26067 cornerRadius=0.000000
04-14 23:13:45.491 I/SurfaceFlinger(  866): [LayerHierarchy{RequestedLayerState{ImeContainer#15 parentId=26059 relativeParentId=26076 z=1} 1 children}] RelativeParent to LayerHierarchy{RequestedLayerState{1f64ce4 com.clientreachai.phperformance/com.clientreachai.phperformance.MainActivity#26076 parentId=26059 z=1} 2 children}
04-14 23:13:45.492 I/SurfaceFlinger(  866): [Surface(name=1f64ce4 com.clientreachai.phperformance/com.clientreachai.phperformance.MainActivity)/@0xa9ecf6f - animation-leash of window_animation#26080] attach to parent LayerHierarchy{RequestedLayerState{ActivityRecord{184998660 u0 com.clientreachai.phperformance/.MainActivity t193}#26059 parentId=26058} 5 children}
04-14 23:13:45.499 I/WindowManager(  991): Relayout Window{1f64ce4 u0 com.clientreachai.phperformance/com.clientreachai.phperformance.MainActivity}: viewVisibility=0 req=1080x2340 ty=2 d0
04-14 23:13:45.500 D/SurfaceComposerClient(  991): setCornerRadius ## 45524a9 com.clientreachai.phperformance/com.clientreachai.phperformance.MainActivity#26067 cornerRadius=0.000000
04-14 23:13:45.502 D/SurfaceFlinger(  866): [input] setFocusedWindow: 1f64ce4 com.clientreachai.phperformance/com.clientreachai.phperformance.MainActivity
04-14 23:13:45.502 D/SurfaceComposerClient(  991): setCornerRadius ## 45524a9 com.clientreachai.phperformance/com.clientreachai.phperformance.MainActivity#26067 cornerRadius=0.000000
04-14 23:13:45.502 D/InputDispatcher(  991): Once focus requested (0): 1f64ce4 com.clientreachai.phperformance/com.clientreachai.phperformance.MainActivity
04-14 23:13:45.502 D/InputDispatcher(  991): Focus request (0): 1f64ce4 com.clientreachai.phperformance/com.clientreachai.phperformance.MainActivity but waiting because NO_WINDOW
04-14 23:13:45.502 D/InputDispatcher(  991): Focus left window (0): 45524a9 com.clientreachai.phperformance/com.clientreachai.phperformance.MainActivity
04-14 23:13:45.507 I/SurfaceFlinger(  866): RequestedLayer [com.clientreachai.phperformance/com.[...]erformance.MainActivity$_22702#26077] hidden!! flag  from(1) --> to(0)
04-14 23:13:45.507 I/SurfaceFlinger(  866): [LayerHierarchy{RequestedLayerState{1f64ce4 com.clientreachai.phperformance/com.clientreachai.phperformance.MainActivity#26076 parentId=26080 z=1} 2 children}] reparent to LayerHierarchy{RequestedLayerState{Surface(name=1f64ce4 com.clientreachai.phperformance/com.clientreachai.phperformance.MainActivity)/@0xa9ecf6f - animation-leash of window_animation#26080 parentId=26059 z=1} 1 children}
04-14 23:13:45.513 D/SurfaceComposerClient(  991): setCornerRadius ## 45524a9 com.clientreachai.phperformance/com.clientreachai.phperformance.MainActivity#26067 cornerRadius=0.000000
04-14 23:13:45.517 D/InputDispatcher(  991): Focus entered window (0): 1f64ce4 com.clientreachai.phperformance/com.clientreachai.phperformance.MainActivity
04-14 23:13:45.518 I/InsetsSourceConsumer(22702): applyRequestedVisibilityToControl: visible=true, type=statusBars, host=com.clientreachai.phperformance/com.clientreachai.phperformance.MainActivity
04-14 23:13:45.519 I/InsetsSourceConsumer(22702): applyRequestedVisibilityToControl: visible=true, type=navigationBars, host=com.clientreachai.phperformance/com.clientreachai.phperformance.MainActivity
04-14 23:13:45.520 I/ImeTracker(  991): com.clientreachai.phperformance:2c094bd8: onRequestHide at ORIGIN_SERVER reason HIDE_UNSPECIFIED_WINDOW fromUser false
04-14 23:13:45.521 I/ImeTracker(22702): com.clientreachai.phperformance:2c094bd8: onCancelled at PHASE_CLIENT_ALREADY_HIDDEN
04-14 23:13:45.524 I/HBD     ( 4812): b [AiWriter] setContact : com.clientreachai.phperformance
04-14 23:13:45.525 D/InsetsSourceProvider(  991): updateControlForTarget: control=InsetsSourceControl: {3 mType=ime mSurfacePosition=Point(0, 80) mInsetsHint=Insets{left=0, top=0, right=0, bottom=1008}}, target=Window{1f64ce4 u0 com.clientreachai.phperformance/com.clientreachai.phperformance.MainActivity}, from=com.android.server.wm.ImeInsetsSourceProvider.updateControlForTarget:17 com.android.server.wm.InsetsStateController.onControlTargetChanged:83 com.android.server.wm.DisplayContent.updateImeControlTarget:21 com.android.server.wm.DisplayContent.updateImeInputAndControlTarget:156 com.android.server.wm.WindowManagerService$LocalService.updateInputMethodTargetWindow:64 
04-14 23:13:45.526 D/SurfaceComposerClient(  991): setCornerRadius ## 45524a9 com.clientreachai.phperformance/com.clientreachai.phperformance.MainActivity#26067 cornerRadius=0.000000
04-14 23:13:45.526 D/SurfaceFlinger(  866):        DEVICE |           97504347553792 | 00002102 | RGBA_8888    |    0.0    0.0 1080.0 2340.0 |    0    0 1080 2340 | com.clientreachai.phperformance/com.[...]erformance.MainActivity$_22702#26068 (188)
04-14 23:13:45.526 D/SurfaceFlinger(  866):        DEVICE |           97504347553798 | 00002100 | RGBA_8888    |    0.0    0.0 1080.0   41.0 |    0 2299 1080 2340 | com.clientreachai.phperformance/com.[...]erformance.MainActivity$_22702#26077 (3)
04-14 23:13:45.541 I/SurfaceFlinger(  866): [LayerHierarchy{RequestedLayerState{ImeContainer#15 parentId=26059 relativeParentId=26076 z=1} 1 children}] RelativeParent to LayerHierarchy{RequestedLayerState{1f64ce4 com.clientreachai.phperformance/com.clientreachai.phperformance.MainActivity#26076 parentId=26080 z=1} 2 children}
04-14 23:13:45.691 I/WindowManager(  991): Reparenting to original parent: Surface(name=ActivityRecord{184998660 u0 com.clientreachai.phperformance/.MainActivity t193})/@0xe62c2c1, destroy=true, surface=Surface(name=1f64ce4 com.clientreachai.phperformance/com.clientreachai.phperformance.MainActivity)/@0xa9ecf6f
04-14 23:13:45.692 D/SurfaceComposerClient(  991): setCornerRadius ## 45524a9 com.clientreachai.phperformance/com.clientreachai.phperformance.MainActivity#26067 cornerRadius=0.000000
04-14 23:13:45.701 D/ProfileInstaller(22702): Skipping profile installation for com.clientreachai.phperformance
04-14 23:13:45.709 D/SurfaceComposerClient(  991): setCornerRadius ## 45524a9 com.clientreachai.phperformance/com.clientreachai.phperformance.MainActivity#26067 cornerRadius=0.000000
04-14 23:13:45.724 I/SurfaceFlinger(  866): [LayerHierarchy{RequestedLayerState{Surface(name=1f64ce4 com.clientreachai.phperformance/com.clientreachai.phperformance.MainActivity)/@0xa9ecf6f - animation-leash of window_animation#26080 z=1} 1 children}] reparent to OffscreenRoot
04-14 23:13:45.724 I/SurfaceFlinger(  866): [LayerHierarchy{RequestedLayerState{Surface(name=1f64ce4 com.clientreachai.phperformance/com.clientreachai.phperformance.MainActivity)/@0xa9ecf6f - animation-leash of window_animation#26080 z=1} 1 children}] RelativeParent to null
04-14 23:13:45.724 I/SurfaceFlinger(  866): [LayerHierarchy{RequestedLayerState{1f64ce4 com.clientreachai.phperformance/com.clientreachai.phperformance.MainActivity#26076 parentId=26059 z=1} 2 children}] reparent to LayerHierarchy{RequestedLayerState{ActivityRecord{184998660 u0 com.clientreachai.phperformance/.MainActivity t193}#26059 parentId=26058} 4 children}
04-14 23:13:45.728 I/SurfaceFlinger(  866): id=26080 Removed Surface(name=1f64ce4 com.clientreachai.phperformance/com.clientreachai.phperformance.MainActivity)/@0xa9ecf6f - animation-leash of window_animation#26080 (185)
04-14 23:13:45.733 D/SurfaceComposerClient(  991): setCornerRadius ## 45524a9 com.clientreachai.phperformance/com.clientreachai.phperformance.MainActivity#26067 cornerRadius=0.000000
04-14 23:13:45.741 I/SurfaceFlinger(  866): destroyed Surface(name=1f64ce4 com.clientreachai.phperformance/com.clientreachai.phperformance.MainActivity)/@0xa9ecf6f - animation-leash of window_animation#26080
04-14 23:13:45.744 I/Layer   (  866): id=26080 Destroyed Surface(name=1f64ce4 com.clientreachai.phperformance/com.clientreachai.phperformance.MainActivity)/@0xa9ecf6f - animation-leash of window_animation#26080
04-14 23:13:46.026 D/SGM:GameManager(  991): identifyForegroundApp. com.clientreachai.phperformance, mCurrentUserId: 0, callerUserId: 0
04-14 23:13:47.340 I/SurfaceFlinger(  866): [com.clientreachai.phperformance/com.clientreachai.phperformance.MainActivity$_22702#26077] setFrameRateCategory: HighHint
