04-14 23:14:15.225 E/WindowManager(  991): win=Window{a2c4ad5 u0 com.clientreachai.phperformance/com.clientreachai.phperformance.MainActivity EXITING} destroySurfaces: appStopped=false cleanupOnResume=false win.mWindowRemovalAllowed=true win.mRemoveOnExit=true win.mViewVisibility=0 caller=com.android.server.wm.WindowState.onExitAnimationDone:224 com.android.server.wm.WindowState.onAnimationFinished:161 com.android.server.wm.WindowContainer$$ExternalSyntheticLambda8.onAnimationFinished:3 com.android.server.wm.SurfaceAnimator$$ExternalSyntheticLambda0.onAnimationFinished:69 com.android.server.wm.LocalAnimationAdapter$$ExternalSyntheticLambda0.run:10 android.os.Handler.handleCallback:995 android.os.Handler.dispatchMessage:103 
04-14 23:14:15.241 E/SurfaceFlinger(  866): alpha changed 0.013 -> 0.000 - Surface(name=a2c4ad5 com.clientreachai.phperformance/com.clientreachai.phperformance.MainActivity)/@0x799ea9a - animation-leash of window_animation#26124
04-14 23:14:15.241 I/SurfaceFlinger(  866): [LayerHierarchy{RequestedLayerState{com.clientreachai.phperformance/com.clientreachai.phperformance.MainActivity$_22702#26122} no children}] reparent to OffscreenRoot
04-14 23:14:15.241 I/SurfaceFlinger(  866): [LayerHierarchy{RequestedLayerState{com.clientreachai.phperformance/com.clientreachai.phperformance.MainActivity$_22702#26122} no children}] RelativeParent to null
04-14 23:14:15.249 D/SurfaceFlinger(  866):        CLIENT |           97504347553792 | 00002102 | RGBA_8888    |    0.0    0.0 1080.0 2243.0 |   84  154  977 2007 | com.clientreachai.phperformance/com.[...]erformance.MainActivity$_22702#26068 (664)
04-14 23:14:15.258 I/SurfaceFlinger(  866): RequestedLayer [com.clientreachai.phperformance/com.[...]erformance.MainActivity$_22702#26122] hidden!! flag  from(0) --> to(1)
04-14 23:14:15.258 I/SurfaceFlinger(  866): [LayerHierarchy{RequestedLayerState{Surface(name=a2c4ad5 com.clientreachai.phperformance/com.clientreachai.phperformance.MainActivity)/@0x799ea9a - animation-leash of window_animation#26124 z=1} 1 children}] reparent to OffscreenRoot
04-14 23:14:15.258 I/SurfaceFlinger(  866): [LayerHierarchy{RequestedLayerState{Surface(name=a2c4ad5 com.clientreachai.phperformance/com.clientreachai.phperformance.MainActivity)/@0x799ea9a - animation-leash of window_animation#26124 z=1} 1 children}] RelativeParent to null
04-14 23:14:15.258 I/SurfaceFlinger(  866): [LayerHierarchy{RequestedLayerState{a2c4ad5 com.clientreachai.phperformance/com.clientreachai.phperformance.MainActivity#26119 z=1} no children}] reparent to OffscreenRoot
04-14 23:14:15.258 I/SurfaceFlinger(  866): [LayerHierarchy{RequestedLayerState{a2c4ad5 com.clientreachai.phperformance/com.clientreachai.phperformance.MainActivity#26119 z=1} no children}] RelativeParent to null
04-14 23:14:15.260 I/SurfaceFlinger(  866): id=26122 Removed com.clientreachai.phperformance/com.clientreachai.phperformance.MainActivity$_22702#26122 (193)
04-14 23:14:15.275 I/SurfaceFlinger(  866): destroyed com.clientreachai.phperformance/com.clientreachai.phperformance.MainActivity$_22702#26122
04-14 23:14:15.276 I/Layer   (  866): id=26122 Destroyed com.clientreachai.phperformance/com.clientreachai.phperformance.MainActivity$_22702#26122
04-14 23:14:15.452 W/ActivityTaskManager(  991): Activity top resumed state loss timeout for ActivityRecord{184998660 u0 com.clientreachai.phperformance/.MainActivity t193 f} isExiting}
04-14 23:14:15.879 V/WindowManager(  991):    ChangeInfo{1b70477 container=Task{9f45322 #193 type=standard A=10330:com.clientreachai.phperformance} flags=0x10}
04-14 23:14:15.879 V/WindowManager(  991):    ChangeInfo{1ea814d container=ActivityRecord{184998660 u0 com.clientreachai.phperformance/.MainActivity t193 f} isExiting} flags=0x0}
04-14 23:14:15.879 I/SurfaceFlinger(  866): id=26124 Removed Surface(name=a2c4ad5 com.clientreachai.phperformance/com.clientreachai.phperformance.MainActivity)/@0x799ea9a - animation-leash of window_animation#26124 (191)
04-14 23:14:15.879 I/SurfaceFlinger(  866): id=26119 Removed a2c4ad5 com.clientreachai.phperformance/com.clientreachai.phperformance.MainActivity#26119 (191)
04-14 23:14:15.879 I/SurfaceFlinger(  866): id=26123 Removed Surface(name=a2c4ad5 com.clientreachai.phperformance/com.clientreachai.phperformance.MainActivity)/@0x799ea9a - animation-leash of window_animation#26123 (191)
04-14 23:14:15.880 V/WindowManager(  991): Setting visibility of Window{45524a9 u0 com.clientreachai.phperformance/com.clientreachai.phperformance.MainActivity EXITING}: false, caller=com.android.server.wm.WindowContainer.sendAppVisibilityToClients:19 com.android.server.wm.WindowToken.setClientVisible:48 com.android.server.wm.ActivityRecord.commitVisibility:186 com.android.server.wm.TransitionController.finishTransition:846 com.android.server.wm.WindowOrganizerController.finishTransitionInner:31 
04-14 23:14:15.880 W/WindowManager(  991): Exception thrown during dispatchAppVisibility Window{45524a9 u0 com.clientreachai.phperformance/com.clientreachai.phperformance.MainActivity EXITING}
04-14 23:14:15.882 V/WindowManager(  991): Remove Window{45524a9 u0 com.clientreachai.phperformance/com.clientreachai.phperformance.MainActivity EXITING}: mSurfaceControl=Surface(name=com.clientreachai.phperformance/com.clientreachai.phperformance.MainActivity$_22702)/@0xbd22b87 mAnimatingExit=true mRemoveOnExit=true mHasSurface=true surfaceShowing=true animating=false app-animation=false callers=com.android.server.wm.WindowToken.removeAllWindowsIfPossible:45 com.android.server.wm.WindowToken.removeIfPossible:16 com.android.server.wm.WindowToken.handleCompleteDeferredRemoval:5 com.android.server.wm.WindowContainer.handleCompleteDeferredRemoval:21 com.android.server.wm.TaskFragment.handleCompleteDeferredRemoval:17 com.android.server.wm.WindowContainer.handleCompleteDeferredRemoval:21 
04-14 23:14:15.884 V/WindowManager(  991): Remove Window{45524a9 u0 com.clientreachai.phperformance/com.clientreachai.phperformance.MainActivity EXITING}: mSurfaceControl=Surface(name=com.clientreachai.phperformance/com.clientreachai.phperformance.MainActivity$_22702)/@0xbd22b87 mAnimatingExit=true mRemoveOnExit=true mHasSurface=true surfaceShowing=true animating=false app-animation=false callers=com.android.server.wm.WindowToken.removeAllWindowsIfPossible:45 com.android.server.wm.WindowToken.removeIfPossible:16 com.android.server.wm.ActivityRecord.onRemovedFromDisplay:407 com.android.server.wm.ActivityRecord.removeImmediately:46 com.android.server.wm.WindowToken.removeIfPossible:19 com.android.server.wm.WindowToken.handleCompleteDeferredRemoval:5 
04-14 23:14:15.885 I/SurfaceFlinger(  866): id=26065 Removed 82a9396 ActivityRecordInputSink com.clientreachai.phperformance/.MainActivity#26065 (191)
04-14 23:14:15.888 D/ChangeTransitionController(  991):    ChangeInfo{1b70477 container=Task{9f45322 #193 type=standard A=10330:com.clientreachai.phperformance} flags=0x10}
04-14 23:14:15.888 D/ChangeTransitionController(  991):    ChangeInfo{1ea814d container=ActivityRecord{184998660 u0 com.clientreachai.phperformance/.MainActivity t-1 f}} flags=0x0}
04-14 23:14:15.891 I/SurfaceFlinger(  866): destroyed Surface(name=a2c4ad5 com.clientreachai.phperformance/com.clientreachai.phperformance.MainActivity)/@0x799ea9a - animation-leash of window_animation#26124
04-14 23:14:15.891 I/SurfaceFlinger(  866): destroyed Surface(name=a2c4ad5 com.clientreachai.phperformance/com.clientreachai.phperformance.MainActivity)/@0x799ea9a - animation-leash of window_animation#26123
04-14 23:14:15.891 I/SurfaceFlinger(  866): destroyed a2c4ad5 com.clientreachai.phperformance/com.clientreachai.phperformance.MainActivity#26119
04-14 23:14:15.893 I/Layer   (  866): id=26124 Destroyed Surface(name=a2c4ad5 com.clientreachai.phperformance/com.clientreachai.phperformance.MainActivity)/@0x799ea9a - animation-leash of window_animation#26124
04-14 23:14:15.893 I/Layer   (  866): id=26123 Destroyed Surface(name=a2c4ad5 com.clientreachai.phperformance/com.clientreachai.phperformance.MainActivity)/@0x799ea9a - animation-leash of window_animation#26123
04-14 23:14:15.893 I/Layer   (  866): id=26119 Destroyed a2c4ad5 com.clientreachai.phperformance/com.clientreachai.phperformance.MainActivity#26119
04-14 23:14:15.908 I/SurfaceFlinger(  866): [LayerHierarchy{RequestedLayerState{45524a9 com.clientreachai.phperformance/com.clientreachai.phperformance.MainActivity#26067} 1 children}] reparent to OffscreenRoot
04-14 23:14:15.908 I/SurfaceFlinger(  866): [LayerHierarchy{RequestedLayerState{45524a9 com.clientreachai.phperformance/com.clientreachai.phperformance.MainActivity#26067} 1 children}] RelativeParent to null
04-14 23:14:15.908 I/SurfaceFlinger(  866): [LayerHierarchy{RequestedLayerState{com.clientreachai.phperformance/com.clientreachai.phperformance.MainActivity$_22702#26068} no children}] reparent to OffscreenRoot
04-14 23:14:15.908 I/SurfaceFlinger(  866): [LayerHierarchy{RequestedLayerState{com.clientreachai.phperformance/com.clientreachai.phperformance.MainActivity$_22702#26068} no children}] RelativeParent to null
04-14 23:14:15.908 I/SurfaceFlinger(  866): [LayerHierarchy{RequestedLayerState{ActivityRecord{184998660 u0 com.clientreachai.phperformance/.MainActivity t193}#26059} 1 children}] reparent to OffscreenRoot
04-14 23:14:15.908 I/SurfaceFlinger(  866): [LayerHierarchy{RequestedLayerState{ActivityRecord{184998660 u0 com.clientreachai.phperformance/.MainActivity t193}#26059} 1 children}] RelativeParent to null
04-14 23:14:15.910 I/SurfaceFlinger(  866): id=26059 Removed ActivityRecord{184998660 u0 com.clientreachai.phperformance/.MainActivity t193}#26059 (186)
04-14 23:14:15.910 I/SurfaceFlinger(  866): id=26067 Removed 45524a9 com.clientreachai.phperformance/com.clientreachai.phperformance.MainActivity#26067 (186)
04-14 23:14:15.910 I/SurfaceFlinger(  866): id=26068 Removed com.clientreachai.phperformance/com.clientreachai.phperformance.MainActivity$_22702#26068 (186)
04-14 23:14:15.925 I/SurfaceFlinger(  866): destroyed 82a9396 ActivityRecordInputSink com.clientreachai.phperformance/.MainActivity#26065
04-14 23:14:15.925 I/SurfaceFlinger(  866): destroyed 45524a9 com.clientreachai.phperformance/com.clientreachai.phperformance.MainActivity#26067
04-14 23:14:15.925 I/SurfaceFlinger(  866): destroyed com.clientreachai.phperformance/com.clientreachai.phperformance.MainActivity$_22702#26068
04-14 23:14:15.925 I/SurfaceFlinger(  866): destroyed ActivityRecord{184998660 u0 com.clientreachai.phperformance/.MainActivity t193}#26059
04-14 23:14:15.926 I/Layer   (  866): id=26065 Destroyed 82a9396 ActivityRecordInputSink com.clientreachai.phperformance/.MainActivity#26065
04-14 23:14:15.926 I/Layer   (  866): id=26067 Destroyed 45524a9 com.clientreachai.phperformance/com.clientreachai.phperformance.MainActivity#26067
04-14 23:14:15.926 I/Layer   (  866): id=26068 Destroyed com.clientreachai.phperformance/com.clientreachai.phperformance.MainActivity$_22702#26068
04-14 23:14:15.927 I/Layer   (  866): id=26059 Destroyed ActivityRecord{184998660 u0 com.clientreachai.phperformance/.MainActivity t193}#26059
04-14 23:14:16.703 D/NetdEventListenerService(  991): DNS Requested by 113, 10330(com.clientreachai.phperformance), 7(NODATA), isBlocked=true, 3010ms
04-14 23:14:38.441 D/PluginAODManager( 2097): onNotificationInfoUpdated() 0|com.clientreachai.phperformance|0|0|com.clientreachai.phperformance|g:Aggregate_NormalNotificationSection|10330|0|com.clientreachai.phperformance|g:Aggregate_NormalNotificationSection
04-14 23:14:38.547 D/PluginAODManager( 2097): onNotificationInfoUpdated() 0|com.clientreachai.phperformance|0|0|com.clientreachai.phperformance|g:Aggregate_NormalNotificationSection|10330|0|com.clientreachai.phperformance|g:Aggregate_NormalNotificationSection
04-14 23:14:43.343 I/Pageboost(  991): start alp : com.clientreachai.phperformance
04-14 23:14:43.349 I/Pageboost(  991): alp for : com.clientreachai.phperformance , 0
04-14 23:14:43.355 D/ShellStartingWindow( 2097): preload Icon com.clientreachai.phperformance
04-14 23:14:43.369 I/ActivityManager(  991): Start proc 23153:com.clientreachai.phperformance/u0a330 for activelaunch {com.clientreachai.phperformance/com.clientreachai.phperformance.MainActivity}
04-14 23:14:43.406 D/nativeloader(23153): Configuring clns-9 for other apk /system/framework/sec_camerax_impl.jar. target_sdk_version=36, uses_libraries=ALL, library_path=/data/app/~~UQSD_hVLlUxC92XKSH7MeQ==/com.clientreachai.phperformance-WyQf3xE20MbwPOOSeUPtrQ==/lib/arm64:/data/app/~~UQSD_hVLlUxC92XKSH7MeQ==/com.clientreachai.phperformance-WyQf3xE20MbwPOOSeUPtrQ==/base.apk!/lib/arm64-v8a, permitted_path=/data:/mnt/expand:/data/user/0/com.clientreachai.phperformance
04-14 23:14:43.422 D/nativeloader(23153): Configuring clns-10 for other apk /data/app/~~UQSD_hVLlUxC92XKSH7MeQ==/com.clientreachai.phperformance-WyQf3xE20MbwPOOSeUPtrQ==/base.apk. target_sdk_version=36, uses_libraries=, library_path=/data/app/~~UQSD_hVLlUxC92XKSH7MeQ==/com.clientreachai.phperformance-WyQf3xE20MbwPOOSeUPtrQ==/lib/arm64:/data/app/~~UQSD_hVLlUxC92XKSH7MeQ==/com.clientreachai.phperformance-WyQf3xE20MbwPOOSeUPtrQ==/base.apk!/lib/arm64-v8a, permitted_path=/data:/mnt/expand:/data/user/0/com.clientreachai.phperformance
04-14 23:14:43.428 V/GraphicsEnvironment(23153): com.clientreachai.phperformance is not listed in per-application setting
04-14 23:14:43.428 V/GraphicsEnvironment(23153): com.clientreachai.phperformance is not listed in ANGLE allowlist or settings, returning default
04-14 23:14:43.444 I/Pageboost(  991): onAppLaunch : com.clientreachai.phperformance
04-14 23:14:43.444 W/SoLoader(23153): Recording new base apk path: /data/app/~~UQSD_hVLlUxC92XKSH7MeQ==/com.clientreachai.phperformance-WyQf3xE20MbwPOOSeUPtrQ==/base.apk
04-14 23:14:43.445 I/SoLoader(23153): Preparing SO source: DirectApkSoSource[root = [/data/app/~~UQSD_hVLlUxC92XKSH7MeQ==/com.clientreachai.phperformance-WyQf3xE20MbwPOOSeUPtrQ==/base.apk!/lib/arm64-v8a]]
04-14 23:14:43.446 V/WindowManager(  991): Collecting in transition 1879: ActivityRecord{60034586 u0 com.clientreachai.phperformance/.MainActivity, caller=com.android.server.wm.TransitionController.collect:7 com.android.server.wm.ActivityStarter.startActivityUnchecked:98 com.android.server.wm.ActivityStarter.executeRequest:3559 com.android.server.wm.ActivityStarter.execute:1752 com.android.server.wm.ActivityTaskManagerService.startActivityAsUser:95 
04-14 23:14:43.446 D/ActivityTaskManager(  991): DesktopModeLaunchParamsModifier: task=null activity=ActivityRecord{60034586 u0 com.clientreachai.phperformance/.MainActivity t-1} task null, skipping
04-14 23:14:43.446 D/ActivityTaskManager(  991): TaskLaunchParamsModifier:task=null activity=ActivityRecord{60034586 u0 com.clientreachai.phperformance/.MainActivity t-1} display-from-option=0 display-id=0 task-display-area-windowing-mode=1 suggested-display-area=DefaultTaskDisplayArea_d0@179267001
04-14 23:14:43.446 D/ActivityTaskManager(  991): DesktopModeLaunchParamsModifier: task=null activity=ActivityRecord{60034586 u0 com.clientreachai.phperformance/.MainActivity t-1} task null, skipping
04-14 23:14:43.446 D/ActivityTaskManager(  991): TaskLaunchParamsModifier:task=null activity=ActivityRecord{60034586 u0 com.clientreachai.phperformance/.MainActivity t-1} display-from-option=0 display-id=0 task-display-area-windowing-mode=1 suggested-display-area=DefaultTaskDisplayArea_d0@179267001 inherit-from-source=fullscreen non-freeform-task-display-area display-area=DefaultTaskDisplayArea_d0@179267001 activity-requested-portrait freeform-size-mismatch=Rect(81, 604 - 999, 1774)
04-14 23:14:43.449 I/SoLoader(23153): Preparing SO source: ApplicationSoSource[DirectorySoSource[root = /data/app/~~UQSD_hVLlUxC92XKSH7MeQ==/com.clientreachai.phperformance-WyQf3xE20MbwPOOSeUPtrQ==/lib/arm64 flags = 0]]
04-14 23:14:43.450 D/ActivityTaskManager(  991): DesktopModeLaunchParamsModifier: task=Task{c858328 #194 type=standard A=10330:com.clientreachai.phperformance} activity=ActivityRecord{60034586 u0 com.clientreachai.phperformance/.MainActivity t-1} non-desktop, skipping
04-14 23:14:43.450 D/ActivityTaskManager(  991): TaskLaunchParamsModifier:task=Task{c858328 #194 type=standard A=10330:com.clientreachai.phperformance} activity=ActivityRecord{60034586 u0 com.clientreachai.phperformance/.MainActivity t-1} display-from-option=0 display-id=0 task-display-area-windowing-mode=1 suggested-display-area=DefaultTaskDisplayArea_d0@179267001 inherit-from-source=fullscreen non-freeform-task-display-area display-area=DefaultTaskDisplayArea_d0@179267001 activity-requested-portrait freeform-size-mismatch=Rect(81, 604 - 999, 1774)
04-14 23:14:43.451 V/WindowManager(  991): Collecting in transition 1879: Task{c858328 #194 type=standard A=10330:com.clientreachai.phperformance}, caller=com.android.server.wm.Transition.collectExistenceChange:40 com.android.server.wm.ActivityStarter.startActivityInner:293 com.android.server.wm.ActivityStarter.startActivityUnchecked:111 com.android.server.wm.ActivityStarter.executeRequest:3559 com.android.server.wm.ActivityStarter.execute:1752 
04-14 23:14:43.451 I/SurfaceFlinger(  866): id=26164 createSurf, flag=84004, ActivityRecord{60034586 u0 com.clientreachai.phperformance/.MainActivity t194}#26164
04-14 23:14:43.453 V/WindowManager(  991): Add starting ActivityRecord{60034586 u0 com.clientreachai.phperformance/.MainActivity t194}: startingData=SplashScreenStartingData{8434327 removeAfterTransaction= 0}
04-14 23:14:43.454 V/WindowManager(  991): Added starting ActivityRecord{60034586 u0 com.clientreachai.phperformance/.MainActivity t194}: startingWindow=null startingView=com.android.server.wm.StartingSurfaceController$StartingSurface@a43a9d4
04-14 23:14:43.456 V/WindowManager(  991): Collecting in transition 1879: ActivityRecord{60034586 u0 com.clientreachai.phperformance/.MainActivity t194}, caller=com.android.server.wm.Transition.collectExistenceChange:40 com.android.server.wm.ActivityStarter.handleStartResult:761 com.android.server.wm.ActivityStarter.startActivityUnchecked:124 com.android.server.wm.ActivityStarter.executeRequest:3559 com.android.server.wm.ActivityStarter.execute:1752 
04-14 23:14:43.456 V/WindowManager(  991):    ChangeInfo{616eac3 container=ActivityRecord{60034586 u0 com.clientreachai.phperformance/.MainActivity t194} flags=0x0}
04-14 23:14:43.456 V/WindowManager(  991):    ChangeInfo{1e1ae79 container=Task{c858328 #194 type=standard A=10330:com.clientreachai.phperformance} flags=0x0}
04-14 23:14:43.458 I/ActivityTaskManager(  991): START u0 {act=android.intent.action.MAIN cat=[android.intent.category.LAUNCHER] flg=0x10200000 xflg=0x4 cmp=com.clientreachai.phperformance/.MainActivity bnds=[290,822][539,1107]} with LAUNCH_SINGLE_TASK from uid 10147 (sr=245472510) (BAL_ALLOW_VISIBLE_WINDOW) result code=0
04-14 23:14:43.459 I/HoneySpace.SuggestedAppsRepositoryImpl( 2690): sendSuggestedAppsLaunchTarget: ComponentInfo{com.clientreachai.phperformance/com.clientreachai.phperformance.MainActivity}
04-14 23:14:43.460 D/nativeloader(23153): Load /data/app/~~UQSD_hVLlUxC92XKSH7MeQ==/com.clientreachai.phperformance-WyQf3xE20MbwPOOSeUPtrQ==/base.apk!/lib/arm64-v8a/libc++_shared.so using class loader ns clns-10 (caller=/data/app/~~UQSD_hVLlUxC92XKSH7MeQ==/com.clientreachai.phperformance-WyQf3xE20MbwPOOSeUPtrQ==/base.apk!classes4.dex): ok
04-14 23:14:43.461 I/HoneySpace.SALoggingUtils( 2690): SA Logging screenID: 201 eventId: 1001 detail: {PackageName=com.clientreachai.phperformance, det=3} value: -1
04-14 23:14:43.462 V/WindowManager(  991): Collecting in transition 1879: ActivityRecord{60034586 u0 com.clientreachai.phperformance/.MainActivity t194}, caller=com.android.server.wm.TransitionController.collect:7 com.android.server.wm.ActivityRecord.setVisibility:132 com.android.server.wm.ActivityRecord.makeVisibleIfNeeded:36 com.android.server.wm.EnsureActivitiesVisibleHelper.process:538 com.android.server.wm.TaskFragment.updateActivityVisibilities:12 
04-14 23:14:43.464 D/WindowManager(  991): rotationForOrientation, orientationSource=ActivityRecord{60034586 u0 com.clientreachai.phperformance/.MainActivity t194}
04-14 23:14:43.464 V/WindowManager(  991): Collecting in transition 1879: ActivityRecord{60034586 u0 com.clientreachai.phperformance/.MainActivity t194}, caller=com.android.server.wm.TransitionController.collect:7 com.android.server.wm.ActivityRecord.setVisibility:132 com.android.server.wm.ActivityTaskSupervisor.realStartActivityLocked:203 com.android.server.wm.ActivityTaskSupervisor.startSpecificActivity:27 com.android.server.wm.TaskFragment.resumeTopActivity:2089 
04-14 23:14:43.464 D/SGM:FgCheckThread(  991): notifyAppCreated(), packageName: com.clientreachai.phperformance, userId: 0, sendRet: true
04-14 23:14:43.465 D/SGM:FgCheckThread(  991):   sendRunningComponentFocus(), pkgName: com.clientreachai.phperformance, userId: 0
04-14 23:14:43.465 V/WindowManagerShell( 2097): Transition requested (#1879): android.os.BinderProxy@ce6b32 TransitionRequestInfo { type = OPEN, triggerTask = TaskInfo{userId=0 taskId=194 effectiveUid=10330 displayId=0 isRunning=true baseIntent=Intent { act=android.intent.action.MAIN cat=[android.intent.category.LAUNCHER] flg=0x10200000 cmp=com.clientreachai.phperformance/.MainActivity } baseActivity=ComponentInfo{com.clientreachai.phperformance/com.clientreachai.phperformance.MainActivity} topActivity=ComponentInfo{com.clientreachai.phperformance/com.clientreachai.phperformance.MainActivity} origActivity=null realActivity=ComponentInfo{com.clientreachai.phperformance/com.clientreachai.phperformance.MainActivity} numActivities=1 lastActiveTime=26356952 supportsMultiWindow=true resizeMode=1 isResizeable=true minWidth=-1 minHeight=-1 maxWidth=-1 maxHeight=-1 defaultMinSize=220 desktopDefaultMinSize=304 token=WCT{android.window.IWindowContainerToken$Stub$Proxy@7391083} topActivityType=1 pictureInPictureParams=null shouldDockBigOverlays=false launchIntoPipHostTaskId=-1 lastParentTaskIdBeforePip=-1 displayCutoutSafeInsets=Rect(0, 80 - 0, 0) topActivityInfo=ActivityInfo{ea62200 com.clientreachai.phperformance.MainActivity} launchCookies=[android.os.BinderProxy@718aa39] positionInParent=Point(0, 0) parentTaskId=-1 isFocused=false isVisible=false isVisibleRequested=false isTopActivityNoDisplay=false isSleeping=false locusId=null displayAreaFeatureId=1 isTopActivityTransparent=false isActivityStackTransparent=false lastNonFullscreenBounds=Rect(81, 604 - 999, 1774) capturedLink=null capturedLinkTimestamp=0 requestedVisibleTypes=-9 topActivityRequestOpenInBrowserEducationTimestamp=0 appCompatTaskInfo=AppCompatTaskInfo { topActivityInSizeCompat=false eligibleForLetterboxEducation= false isLetterboxEducationEnabled= false isLetterboxDoubleTapEnabled= false eligibleForUserAspectRatioButton= false topActivityBoundsLetterboxed= false isFromLetterboxDoubleTap= false topActivityLetterboxVerticalPosition= -1 topActivityLetterboxHorizontalPosition= -1 topActivityLetterboxWidth=-1 topActivityLetterboxHeight=-1 topActivityAppBounds=Rect(0, 0 - 1080, 2340) isUserFullscreenOverrideEnabled=false isSystemFullscreenOverrideEnabled=false hasMinAspectRatioOverride=false topActivityLetterboxBounds=null cameraCompatTaskInfo=CameraCompatTaskInfo { freeformCameraCompatMode=inactive} topActivityBounds=null topActivityInDisplayCompat=false singleTapFromLetterbox=false} topActivityMainWindowFrame=null originallySupportedMultiWindow=true hasWallpaper=false rootAffinity=10330:com.clientreachai.phperformance isTopTaskInStage=false CoverLauncherWidgetTask=false LaunchedFromAppsCoverLauncherTask=false LaunchedFromMultistarCoverLauncherTask=false isAllowedSeamlessRotation=false isTopTransparentActivity=false isAliasManaged=false hasConfigChanged=false snappingGuideBounds=null isAiKeyRemoveAppTask=false lastDesktopWindowingBounds=null lastExternalDesktopWindowingBounds=null safeCutoutInsets=null}, pipChange = null, remoteTransition = RemoteTransition { remoteTransition = android.window.IRemoteTransition$Stub$Proxy@a74087e, appThread = android.app.IApplicationThread$Stub$Proxy@d7231df, debugName = QuickstepLaunchflags =NONE }, displayChange = null, flags = 0, debugId = 1879 }
04-14 23:14:43.465 D/InputDispatcher(  991): Focused application(0): ActivityRecord{60034586 u0 com.clientreachai.phperformance/.MainActivity t194}
04-14 23:14:43.465 D/nativeloader(23153): Load /data/app/~~UQSD_hVLlUxC92XKSH7MeQ==/com.clientreachai.phperformance-WyQf3xE20MbwPOOSeUPtrQ==/base.apk!/lib/arm64-v8a/libjsi.so using class loader ns clns-10 (caller=/data/app/~~UQSD_hVLlUxC92XKSH7MeQ==/com.clientreachai.phperformance-WyQf3xE20MbwPOOSeUPtrQ==/base.apk!classes4.dex): ok
04-14 23:14:43.466 D/ActivityTaskManager(  991): scheduleTopResumedActivityChanged, onTop=true, r=ActivityRecord{60034586 u0 com.clientreachai.phperformance/.MainActivity t194}, caller=com.android.server.wm.ActivityTaskSupervisor.scheduleTopResumedActivityStateIfNeeded:18 com.android.server.wm.ActivityTaskSupervisor.updateTopResumedActivityIfNeeded:54 com.android.server.wm.TaskFragment.setResumedActivity:30 com.android.server.wm.ActivityRecord.setState:100 com.android.server.wm.ActivityTaskSupervisor.realStartActivityLocked:477 com.android.server.wm.ActivityTaskSupervisor.startSpecificActivity:27 
04-14 23:14:43.466 D/WindowManagerServiceExt(  991): updateTaskbarTargetIfNeeded: cn=ComponentInfo{com.clientreachai.phperformance/com.clientreachai.phperformance.MainActivity} occludesParent=true isInSplitScreenMode=false
04-14 23:14:43.469 D/SGM:FgCheckThread(  991): onLooperPrepared(), msg: MSG_APP_CREATE, pkgName: com.clientreachai.phperformance, userId: 0
04-14 23:14:43.469 D/SGM:FgCheckThread(  991): onLooperPrepared(), msg: MSG_TASK_FOCUSED, pkgName: com.clientreachai.phperformance, userId: 0
04-14 23:14:43.469 D/SGM:FgCheckThread(  991):   handleTaskFocused(), pkgName: com.clientreachai.phperformance, userID:0
04-14 23:14:43.470 D/SGM:FgCheckThread(  991):   handleResume(). pkgName: com.clientreachai.phperformance, userId: 0, category: non-game
04-14 23:14:43.470 D/SGM:FgCheckThread(  991): notifyFocusInOut(). of pkg: com.clientreachai.phperformance, type: 4, isSecGameFamily: false, userId: 0
04-14 23:14:43.471 D/nativeloader(23153): Load /data/app/~~UQSD_hVLlUxC92XKSH7MeQ==/com.clientreachai.phperformance-WyQf3xE20MbwPOOSeUPtrQ==/base.apk!/lib/arm64-v8a/libfbjni.so using class loader ns clns-10 (caller=/data/app/~~UQSD_hVLlUxC92XKSH7MeQ==/com.clientreachai.phperformance-WyQf3xE20MbwPOOSeUPtrQ==/base.apk!classes4.dex): ok
04-14 23:14:43.472 D/WindowManager(  991): prepareSync <SYNC_STATE_WAITING_FOR_DRAW>, mPrepareSyncSeqId=0, win=Window{c5b935 u0 Splash Screen com.clientreachai.phperformance}
04-14 23:14:43.472 I/SurfaceFlinger(  866): id=26165 createSurf, flag=84004, c5b935 Splash Screen com.clientreachai.phperformance#26165
04-14 23:14:43.474 I/HoneySpace.TopTaskUseCase( 2690): topTasks 194 ComponentInfo{com.clientreachai.phperformance/com.clientreachai.phperformance.MainActivity}[displayId=0]
04-14 23:14:43.474 V/WindowManager(  991): addWindow: ActivityRecord{60034586 u0 com.clientreachai.phperformance/.MainActivity t194} startingWindow=Window{c5b935 u0 Splash Screen com.clientreachai.phperformance}
04-14 23:14:43.474 D/nativeloader(23153): Load /data/app/~~UQSD_hVLlUxC92XKSH7MeQ==/com.clientreachai.phperformance-WyQf3xE20MbwPOOSeUPtrQ==/base.apk!/lib/arm64-v8a/libreactnative.so using class loader ns clns-10 (caller=/data/app/~~UQSD_hVLlUxC92XKSH7MeQ==/com.clientreachai.phperformance-WyQf3xE20MbwPOOSeUPtrQ==/base.apk!classes4.dex): ok
04-14 23:14:43.475 I/InsetsController( 2097): onStateChanged: host=Splash Screen com.clientreachai.phperformance, from=android.view.ViewRootImpl.onInsetsStateChanged:3026, state=InsetsState: {mDisplayFrame=Rect(0, 0 - 1080, 2340), mDisplayCutout=DisplayCutout{insets=Rect(0, 80 - 0, 0) waterfall=Insets{left=0, top=0, right=0, bottom=0} boundingRect={Bounds=[Rect(0, 0 - 0, 0), Rect(511, 0 - 569, 80), Rect(0, 0 - 0, 0), Rect(0, 0 - 0, 0)]} cutoutPathParserInfo={CutoutPathParserInfo{displayWidth=1080 displayHeight=2340 physicalDisplayWidth=1080 physicalDisplayHeight=2340 density={2.8125} cutoutSpec={M 0,0 M 0,7.822222222222222‬‬ a 10.31111111111111‬,10.31111111111111‬ 0 1,0 0,20.62222222222222‬ a 10.31111111111111‬,10.31111111111111‬ 0 1,0 0,-20.62222222222222‬ Z @dp} rotation={0} scale={1.0} physicalPixelDisplaySizeRatio={1.0}}} sideOverrides={}}, mRoundedCorners=RoundedCorners{[RoundedCorner{position=TopLeft, radius=113, center=Point(113, 113)}, RoundedCorner{position=TopRight, radius=113, center=Point(967, 113)}, RoundedCorner{position=BottomRight, radius=113, center=Point(967, 2227)}, RoundedCorner{position=BottomLeft, radius=113, center=Point(113, 2227)}]}  mRoundedCornerFrame=Rect(0, 0 - 1080, 2340), mPrivacyIndicatorBounds=PrivacyIndicatorBounds {static bounds=Rect(956, 0 - 1080, 80) rotation=0}, mDisplayShape=DisplayShape{ spec=-311912193 displayWidth=1080 displayHeight=2340 physicalPixelDisplaySizeRatio=1.0 rotation=0 offsetX=0 offsetY=0 scale=1.0}, mSources= { InsetsSource: {849b0001 mType=navigationBars mFrame=[0,2298][1080,2340] mVisible=true mFlags=SUPPRESS_SCRIM mSideHint=BOTTOM mBoundingRects=null}, InsetsSource: {849b0004 mType=systemGestures mFrame=[0,0][84,2340] mVisible=true mFlags= mSideHint=LEFT mBoundingRects=null}, InsetsSource: {849b0005 mType=mandatorySystemGestures mFrame=[0,2250][1080,2340] mVisible=true mFlags= mSideHint=BOTTOM mBoundingRects=null}, InsetsSource: {849b0006 mType=tappableElement mFrame=[0,0][0,0] mVisible=true mFlags= mSideHint=NONE mBoundingRects=null}, InsetsSource: {849b0024 mType=systemGestures mFrame=[996,0][1080,2340] mVisible=true mFlags= mSideHint=RIGHT mBoundingRects=null}, InsetsSource: {d27a0000 mType=statusBars mFrame=[0,0][1080,80] mVisible=true mFlags= mSideHint=TOP mBoundingRects=null}, InsetsSource: {d27a0005 mType=mandatorySystemGestures mFrame=[0,0][1080,114] mVisible=true mFlags= mSideHint=TOP mBoundingRects=null}, InsetsSource: {d27a0006 mType=tappableElement mFrame=[0,0][1080,80] mVisible=true mFlags= mSideHint=TOP mBoundingRects=null}, InsetsSource: {3 mType=ime mFrame=[0,0][0,0] mVisible=false mFlags= mSideHint=NONE mBoundingRects=null}, InsetsSource: {27 mType=displayCutout mFrame=[0,0][1080,80] mVisible=true mFlags= mSideHint=TOP mBoundingRects=null} }
04-14 23:14:43.475 D/SurfaceComposerClient(  991): setCornerRadius ## c5b935 Splash Screen com.clientreachai.phperformance#26165 cornerRadius=0.000000
04-14 23:14:43.477 D/SurfaceComposerClient(  991): setCornerRadius ## c5b935 Splash Screen com.clientreachai.phperformance#26165 cornerRadius=0.000000
04-14 23:14:43.477 D/BLASTSyncEngine(  991): SyncGroup 1879:  Unfinished container: Task{c858328 #194 type=standard A=10330:com.clientreachai.phperformance} mSyncState=2
04-14 23:14:43.478 I/WindowManager(  991): Relayout Window{c5b935 u0 Splash Screen com.clientreachai.phperformance}: viewVisibility=0 req=1080x2340 ty=3 d0
04-14 23:14:43.478 I/SurfaceFlinger(  866): id=26166 createSurf, flag=44004, Splash Screen com.clientreachai.phperformance$_2097#26166
04-14 23:14:43.480 D/WindowManager(  991): makeSurface duration=1 name=Splash Screen com.clientreachai.phperformance$_2097
04-14 23:14:43.480 D/SurfaceComposerClient(  991): setCornerRadius ## c5b935 Splash Screen com.clientreachai.phperformance#26165 cornerRadius=0.000000
04-14 23:14:43.481 I/SurfaceFlinger(  866): [ActivityRecord{60034586 u0 com.clientreachai.phperformance/.MainActivity t194}#26164] attach to parent LayerHierarchy{RequestedLayerState{Task=194#26163 parentId=10} 1 children}
04-14 23:14:43.481 I/SurfaceFlinger(  866): [c5b935 Splash Screen com.clientreachai.phperformance#26165] attach to parent LayerHierarchy{RequestedLayerState{ActivityRecord{60034586 u0 com.clientreachai.phperformance/.MainActivity t194}#26164 parentId=26163} 1 children}
04-14 23:14:43.481 I/SurfaceFlinger(  866): [Splash Screen com.clientreachai.phperformance$_2097#26166] attach to parent LayerHierarchy{RequestedLayerState{c5b935 Splash Screen com.clientreachai.phperformance#26165 parentId=26164} 1 children}
04-14 23:14:43.482 D/SurfaceComposerClient(  991): setCornerRadius ## c5b935 Splash Screen com.clientreachai.phperformance#26165 cornerRadius=0.000000
04-14 23:14:43.482 D/BLASTSyncEngine(  991): SyncGroup 1879:  Unfinished container: Task{c858328 #194 type=standard A=10330:com.clientreachai.phperformance} mSyncState=2
04-14 23:14:43.485 D/CoreBackPreview(  991): Window{c5b935 u0 Splash Screen com.clientreachai.phperformance}: Setting back callback OnBackInvokedCallbackInfo{mCallback=android.window.IOnBackInvokedCallback$Stub$Proxy@b0d9ed, mPriority=0, mIsAnimationCallback=false, mOverrideBehavior=0}
04-14 23:14:43.489 D/nativeloader(23153): Load /data/app/~~UQSD_hVLlUxC92XKSH7MeQ==/com.clientreachai.phperformance-WyQf3xE20MbwPOOSeUPtrQ==/base.apk!/lib/arm64-v8a/libreact_codegen_rnscreens.so using class loader ns clns-10 (caller=/data/app/~~UQSD_hVLlUxC92XKSH7MeQ==/com.clientreachai.phperformance-WyQf3xE20MbwPOOSeUPtrQ==/base.apk!classes4.dex): ok
04-14 23:14:43.491 I/HoneySpace.EdgePanel.EdgePanelContainerViewModel( 2690): cocktailHostRepository.edgePanelOperation NoteResumeComponent(componentName=ComponentInfo{com.clientreachai.phperformance/com.clientreachai.phperformance.MainActivity})
04-14 23:14:43.491 I/HoneySpace.EdgePanel.ActivityUtils( 2690): HomePackage : com.sec.android.app.launcher, resumePackageName : com.clientreachai.phperformance, className : com.clientreachai.phperformance.MainActivity
04-14 23:14:43.493 I/SurfaceFlinger(  866): [Splash Screen com.clientreachai.phperformance$_2097#26166] setTransactionState with the first frame. bufferData(ID: 9006546480358, frameNumber: 1)
04-14 23:14:43.495 D/nativeloader(23153): Load /data/app/~~UQSD_hVLlUxC92XKSH7MeQ==/com.clientreachai.phperformance-WyQf3xE20MbwPOOSeUPtrQ==/base.apk!/lib/arm64-v8a/libreact_codegen_rnsvg.so using class loader ns clns-10 (caller=/data/app/~~UQSD_hVLlUxC92XKSH7MeQ==/com.clientreachai.phperformance-WyQf3xE20MbwPOOSeUPtrQ==/base.apk!classes4.dex): ok
04-14 23:14:43.495 D/WindowManager(  991): finishDrawingWindow: Window{c5b935 u0 Splash Screen com.clientreachai.phperformance} mDrawState=DRAW_PENDING seqId=0
04-14 23:14:43.495 V/WindowManager(  991): Finishing drawing window Window{c5b935 u0 Splash Screen com.clientreachai.phperformance}: mDrawState=DRAW_PENDING
04-14 23:14:43.495 V/WindowManager(  991): Draw state now committed in Window{c5b935 u0 Splash Screen com.clientreachai.phperformance}
04-14 23:14:43.495 D/SurfaceComposerClient(  991): setCornerRadius ## c5b935 Splash Screen com.clientreachai.phperformance#26165 cornerRadius=0.000000
04-14 23:14:43.496 D/SurfaceComposerClient(  991): setCornerRadius ## c5b935 Splash Screen com.clientreachai.phperformance#26165 cornerRadius=0.000000
04-14 23:14:43.497 V/WindowManager(  991): performShowLocked: mDrawState=HAS_DRAWN in Window{c5b935 u0 Splash Screen com.clientreachai.phperformance}
04-14 23:14:43.497 D/ChangeTransitionController(  991):    ChangeInfo{616eac3 container=ActivityRecord{60034586 u0 com.clientreachai.phperformance/.MainActivity t194} flags=0x0}
04-14 23:14:43.497 D/ChangeTransitionController(  991):    ChangeInfo{1e1ae79 container=Task{c858328 #194 type=standard A=10330:com.clientreachai.phperformance} flags=0x0}
04-14 23:14:43.497 V/WindowManager(  991): Start calculating TransitionInfo based on participants: {ActivityRecord{60034586 u0 com.clientreachai.phperformance/.MainActivity t194}, Task{c858328 #194 type=standard A=10330:com.clientreachai.phperformance}, ActivityRecord{245472510 u0 com.sec.android.app.launcher/.activities.LauncherActivity t8}, WallpaperWindowToken{ea6f929 showWhenLocked=true}_<lock>, WallpaperWindowToken{f78bb86 showWhenLocked=false}_<system>}
04-14 23:14:43.497 V/WindowManager(  991):   Final targets: [ChangeInfo{1e1ae79 container=Task{c858328 #194 type=standard A=10330:com.clientreachai.phperformance} flags=0x10}, ChangeInfo{8701d2b container=Task{532e262 #1 type=home} flags=0x10}, ChangeInfo{1b35b46 container=WallpaperWindowToken{f78bb86 showWhenLocked=false}_<system> flags=0x0}]
04-14 23:14:43.501 D/nativeloader(23153): Load /data/app/~~UQSD_hVLlUxC92XKSH7MeQ==/com.clientreachai.phperformance-WyQf3xE20MbwPOOSeUPtrQ==/base.apk!/lib/arm64-v8a/libreact_codegen_RNKC.so using class loader ns clns-10 (caller=/data/app/~~UQSD_hVLlUxC92XKSH7MeQ==/com.clientreachai.phperformance-WyQf3xE20MbwPOOSeUPtrQ==/base.apk!classes4.dex): ok
04-14 23:14:43.502 I/SurfaceControlRegistry(  991): show, t=StartTransaction_SyncId<1879> sc=ActivityRecord{60034586 u0 com.clientreachai.phperformance/.MainActivity t194}, caller=android.view.SurfaceControl$Transaction.show:3557 com.android.server.wm.Transition.onTransactionReady:2048 com.android.server.wm.BLASTSyncEngine$SyncGroup.finishNow:240 com.android.server.wm.BLASTSyncEngine.onSurfacePlacement:263 com.android.server.wm.RootWindowContainer.performSurfacePlacementNoTrace:1083 com.android.server.wm.WindowSurfacePlacer.performSurfacePlacement:166 
04-14 23:14:43.503 V/WindowManager(  991):         {WCT{RemoteToken{42b69ff Task{c858328 #194 type=standard A=10330:com.clientreachai.phperformance}}} m=OPEN f=NONE leash=Surface(name=Task=194)/@0xfbfada0 sb=Rect(0, 0 - 1080, 2340) eb=Rect(0, 0 - 1080, 2340) epz=Point(1080, 2340) d=0 taskParent=-1 inset=Rect(0, 80 - 0, 42) dim=true},
04-14 23:14:43.504 V/WindowManager(  991): Sent Transition (#1879) createdAt=04-14 23:14:43.446 via request=TransitionRequestInfo { type = OPEN, triggerTask = TaskInfo{userId=0 taskId=194 effectiveUid=10330 displayId=0 isRunning=true baseIntent=Intent { act=android.intent.action.MAIN cat=[android.intent.category.LAUNCHER] flg=0x10200000 cmp=com.clientreachai.phperformance/.MainActivity } baseActivity=ComponentInfo{com.clientreachai.phperformance/com.clientreachai.phperformance.MainActivity} topActivity=ComponentInfo{com.clientreachai.phperformance/com.clientreachai.phperformance.MainActivity} origActivity=null realActivity=ComponentInfo{com.clientreachai.phperformance/com.clientreachai.phperformance.MainActivity} numActivities=1 lastActiveTime=26356952 supportsMultiWindow=true resizeMode=1 isResizeable=true minWidth=-1 minHeight=-1 maxWidth=-1 maxHeight=-1 defaultMinSize=220 desktopDefaultMinSize=304 token=WCT{RemoteToken{42b69ff Task{c858328 #194 type=standard A=10330:com.clientreachai.phperformance}}} topActivityType=1 pictureInPictureParams=null shouldDockBigOverlays=false launchIntoPipHostTaskId=-1 lastParentTaskIdBeforePip=-1 displayCutoutSafeInsets=Rect(0, 80 - 0, 0) topActivityInfo=ActivityInfo{b0203cc com.clientreachai.phperformance.MainActivity} launchCookies=[android.os.BinderProxy@8cbf615] positionInParent=Point(0, 0) parentTaskId=-1 isFocused=false isVisible=false isVisibleRequested=false isTopActivityNoDisplay=false isSleeping=false locusId=null displayAreaFeatureId=1 isTopActivityTransparent=false isActivityStackTransparent=false lastNonFullscreenBounds=Rect(81, 604 - 999, 1774) capturedLink=null capturedLinkTimestamp=0 requestedVisibleTypes=-9 topActivityRequestOpenInBrowserEducationTimestamp=0 appCompatTaskInfo=AppCompatTaskInfo { topActivityInSizeCompat=false eligibleForLetterboxEducation= false isLetterboxEducationEnabled= false isLetterboxDoubleTapEnabled= false eligibleForUserAspectRatioButton= false topActivityBoundsLetterboxed= false isFromLetterboxDoubleTap= false topActivityLetterboxVerticalPosition= -1 topActivityLetterboxHorizontalPosition= -1 topActivityLetterboxWidth=-1 topActivityLetterboxHeight=-1 topActivityAppBounds=Rect(0, 0 - 1080, 2340) isUserFullscreenOverrideEnabled=false isSystemFullscreenOverrideEnabled=false hasMinAspectRatioOverride=false topActivityLetterboxBounds=null cameraCompatTaskInfo=CameraCompatTaskInfo { freeformCameraCompatMode=inactive} topActivityBounds=null topActivityInDisplayCompat=false singleTapFromLetterbox=false} topActivityMainWindowFrame=null originallySupportedMultiWindow=true hasWallpaper=false rootAffinity=10330:com.clientreachai.phperformance isTopTaskInStage=false CoverLauncherWidgetTask=false LaunchedFromAppsCoverLauncherTask=false LaunchedFromMultistarCoverLauncherTask=false isAllowedSeamlessRotation=false isTopTransparentActivity=false isAliasManaged=false hasConfigChanged=false snappingGuideBounds=null isAiKeyRemoveAppTask=false lastDesktopWindowingBounds=null lastExternalDesktopWindowingBounds=null safeCutoutInsets=null}, pipChange = null, remoteTransition = RemoteTransition { remoteTransition = android.window.IRemoteTransition$Stub$Proxy@d105d2a, appThread = android.app.IApplicationThread$Stub$Proxy@4d6a71b, debugName = QuickstepLaunchflags =NONE }, displayChange = null, flags = 0, debugId = 1879 }
04-14 23:14:43.505 I/SurfaceFlinger(  866): id=26168 createSurf, flag=84000, bdeaf3c ActivityRecordInputSink com.clientreachai.phperformance/.MainActivity#26168
04-14 23:14:43.506 D/nativeloader(23153): Load /data/app/~~UQSD_hVLlUxC92XKSH7MeQ==/com.clientreachai.phperformance-WyQf3xE20MbwPOOSeUPtrQ==/base.apk!/lib/arm64-v8a/libreact_codegen_safeareacontext.so using class loader ns clns-10 (caller=/data/app/~~UQSD_hVLlUxC92XKSH7MeQ==/com.clientreachai.phperformance-WyQf3xE20MbwPOOSeUPtrQ==/base.apk!classes4.dex): ok
04-14 23:14:43.506 V/WindowManager(  991):         {WCT{RemoteToken{42b69ff Task{c858328 #194 type=standard A=10330:com.clientreachai.phperformance}}} m=OPEN f=NONE leash=Surface(name=Task=194)/@0xfbfada0 sb=Rect(0, 0 - 1080, 2340) eb=Rect(0, 0 - 1080, 2340) epz=Point(1080, 2340) d=0 taskParent=-1 inset=Rect(0, 80 - 0, 42) dim=true},
04-14 23:14:43.508 D/SGM:FgCheckThread(  991): noteResumeComponent(), received pkgName: com.clientreachai.phperformance, userId: 0
04-14 23:14:43.508 I/SDHMS:k ( 3901): handleResumeComponent : put = com.clientreachai.phperformance, userid = 0 instanceid =114618854
04-14 23:14:43.509 D/nativeloader(23153): Load /data/app/~~UQSD_hVLlUxC92XKSH7MeQ==/com.clientreachai.phperformance-WyQf3xE20MbwPOOSeUPtrQ==/base.apk!/lib/arm64-v8a/libappmodules.so using class loader ns clns-10 (caller=/data/app/~~UQSD_hVLlUxC92XKSH7MeQ==/com.clientreachai.phperformance-WyQf3xE20MbwPOOSeUPtrQ==/base.apk!classes4.dex): ok
04-14 23:14:43.511 D/SGM:FgCheckThread(  991): onLooperPrepared(), msg: MSG_APP_RESUME, pkgName: com.clientreachai.phperformance, userid: 0
04-14 23:14:43.511 D/SGM:FgCheckThread(  991):   handleResume(). pkgName: com.clientreachai.phperformance, userId: 0, category: non-game
04-14 23:14:43.511 D/SGM:FgCheckThread(  991): notifyFocusInOut(). of pkg: com.clientreachai.phperformance, type: 4, isSecGameFamily: false, userId: 0
04-14 23:14:43.514 I/SurfaceFlinger(  866): RequestedLayer [c5b935 Splash Screen com.clientreachai.phperformance#26165] hidden!! flag  from(1) --> to(0)
04-14 23:14:43.514 I/SurfaceFlinger(  866): RequestedLayer [Splash Screen com.clientreachai.phperformance$_2097#26166] hidden!! flag  from(1) --> to(0)
04-14 23:14:43.515 I/SurfaceFlinger(  866): [bdeaf3c ActivityRecordInputSink com.clientreachai.phperformance/.MainActivity#26168] attach to parent LayerHierarchy{RequestedLayerState{ActivityRecord{60034586 u0 com.clientreachai.phperformance/.MainActivity t194}#26164 parentId=26163} 2 children}
04-14 23:14:43.520 D/GraphicsStatsService(  991): requestRenderEngineFor(com.clientreachai.phperformance)
04-14 23:14:43.520 D/ActivityThread(23153): com.clientreachai.phperformance will use render engine as VK
04-14 23:14:43.521 D/InsetsSourceProvider(  991): updateControlForTarget: control=InsetsSourceControl: {d27a0000 mType=statusBars initiallyVisible mSurfacePosition=Point(0, 0) mInsetsHint=Insets{left=0, top=80, right=0, bottom=0}}, target=Window{c5b935 u0 Splash Screen com.clientreachai.phperformance}, from=com.android.server.wm.InsetsStateController.onControlTargetChanged:83 com.android.server.wm.InsetsPolicy.updateBarControlTarget:212 com.android.server.wm.DisplayPolicy.updateSystemBarAttributes:262 com.android.server.wm.DisplayPolicy.finishPostLayoutPolicyLw:17 com.android.server.wm.RootWindowContainer.applySurfaceChangesTransaction$1:195 
04-14 23:14:43.523 D/InsetsSourceProvider(  991): updateControlForTarget: control=InsetsSourceControl: {849b0001 mType=navigationBars initiallyVisible mSurfacePosition=Point(0, 2205) mInsetsHint=Insets{left=0, top=0, right=0, bottom=42}}, target=Window{c5b935 u0 Splash Screen com.clientreachai.phperformance}, from=com.android.server.wm.InsetsStateController.onControlTargetChanged:83 com.android.server.wm.InsetsPolicy.updateBarControlTarget:225 com.android.server.wm.DisplayPolicy.updateSystemBarAttributes:262 com.android.server.wm.DisplayPolicy.finishPostLayoutPolicyLw:17 com.android.server.wm.RootWindowContainer.applySurfaceChangesTransaction$1:195 
04-14 23:14:43.523 D/WindowManager(  991): updateSystemBarAttributes: displayId=0, focusedCanBeNavColorWin=false, win=Window{c5b935 u0 Splash Screen com.clientreachai.phperformance}, navColorWin=Window{c5b935 u0 Splash Screen com.clientreachai.phperformance}, caller=com.android.server.wm.DisplayPolicy.finishPostLayoutPolicyLw:17 com.android.server.wm.RootWindowContainer.applySurfaceChangesTransaction$1:195 com.android.server.wm.RootWindowContainer.performSurfacePlacementNoTrace:59 
04-14 23:14:43.524 D/SurfaceComposerClient(  991): setCornerRadius ## c5b935 Splash Screen com.clientreachai.phperformance#26165 cornerRadius=0.000000
04-14 23:14:43.526 D/SGM:GameManager(  991): identifyForegroundApp. com.clientreachai.phperformance, mCurrentUserId: 0, callerUserId: 0
04-14 23:14:43.526 I/RequestManager_FLP( 3461): onOpChanged, op=0 / packageName=com.clientreachai.phperformance
04-14 23:14:43.528 D/SGM:GameManager(  991): identifyForegroundApp. com.clientreachai.phperformance, mCurrentUserId: 0, callerUserId: 0
04-14 23:14:43.532 D/SGM:GameManager(  991): identifyForegroundApp. com.clientreachai.phperformance, mCurrentUserId: 0, callerUserId: 0
04-14 23:14:43.536 D/SGM:GameManager(  991): identifyGamePackage. com.clientreachai.phperformance, mCurrentUserId: 0, callingMethodInfo: com.samsung.android.game.IGameManagerService$Stub.onTransact(IGameManagerService.java:247)
04-14 23:14:43.553 I/WindowManager(  991): notifyInsetsControlChanged, removed=false, win=Window{c5b935 u0 Splash Screen com.clientreachai.phperformance}, caller=com.android.server.wm.InsetsStateController$$ExternalSyntheticLambda1.run:137 com.android.server.wm.WindowAnimator$$ExternalSyntheticLambda2.onTransactionCommitted:26 android.view.SurfaceControl$Transaction$$ExternalSyntheticLambda4.run:0 android.os.Handler.handleCallback:995 android.os.Handler.dispatchMessage:103 android.os.Looper.loopOnce:273 
04-14 23:14:43.554 I/InsetsSourceConsumer( 2097): applyRequestedVisibilityToControl: visible=true, type=statusBars, host=Splash Screen com.clientreachai.phperformance
04-14 23:14:43.554 I/InsetsSourceConsumer( 2097): applyRequestedVisibilityToControl: visible=true, type=navigationBars, host=Splash Screen com.clientreachai.phperformance
04-14 23:14:43.585 D/nativeloader(23153): Load /data/app/~~UQSD_hVLlUxC92XKSH7MeQ==/com.clientreachai.phperformance-WyQf3xE20MbwPOOSeUPtrQ==/base.apk!/lib/arm64-v8a/libhermesvm.so using class loader ns clns-10 (caller=/data/app/~~UQSD_hVLlUxC92XKSH7MeQ==/com.clientreachai.phperformance-WyQf3xE20MbwPOOSeUPtrQ==/base.apk!classes4.dex): ok
04-14 23:14:43.586 I/SurfaceFlinger(  866): id=26174 createSurf, flag=84004, 15e093d com.clientreachai.phperformance/com.clientreachai.phperformance.MainActivity#26174
04-14 23:14:43.586 D/nativeloader(23153): Load /data/app/~~UQSD_hVLlUxC92XKSH7MeQ==/com.clientreachai.phperformance-WyQf3xE20MbwPOOSeUPtrQ==/base.apk!/lib/arm64-v8a/libhermestooling.so using class loader ns clns-10 (caller=/data/app/~~UQSD_hVLlUxC92XKSH7MeQ==/com.clientreachai.phperformance-WyQf3xE20MbwPOOSeUPtrQ==/base.apk!classes4.dex): ok
