04-14 23:11:26.645 D/SurfaceFlinger(  866):        DEVICE |           70566312673286 | 00002102 | RGBA_8888    |    0.0    0.0 1080.0 2340.0 |    0    0 1080 2340 | com.clientreachai.phperformance/com.[...]erformance.MainActivity$_16430#25895 (394)
04-14 23:11:26.645 D/SurfaceComposerClient(  991): setCornerRadius ## 95de89a com.clientreachai.phperformance/com.clientreachai.phperformance.MainActivity#25558 cornerRadius=0.000000
04-14 23:11:26.645 D/SurfaceFlinger(  866): [input] setFocusedWindow: 95de89a com.clientreachai.phperformance/com.clientreachai.phperformance.MainActivity
04-14 23:11:26.646 D/SGM:FgCheckThread(  991): noteResumeComponent(), received pkgName: com.clientreachai.phperformance, userId: 0
04-14 23:11:26.648 D/SGM:FgCheckThread(  991): onLooperPrepared(), msg: MSG_APP_RESUME, pkgName: com.clientreachai.phperformance, userid: 0
04-14 23:11:26.648 D/InputDispatcher(  991): Once focus requested (0): 95de89a com.clientreachai.phperformance/com.clientreachai.phperformance.MainActivity
04-14 23:11:26.648 D/InputDispatcher(  991): Focus entered window (0): 95de89a com.clientreachai.phperformance/com.clientreachai.phperformance.MainActivity
04-14 23:11:26.648 D/SGM:FgCheckThread(  991):   handleResume(). pkgName: com.clientreachai.phperformance, userId: 0, category: non-game
04-14 23:11:26.648 D/SGM:FgCheckThread(  991): notifyFocusInOut(). of pkg: com.clientreachai.phperformance, type: 4, isSecGameFamily: false, userId: 0
04-14 23:11:26.649 I/SDHMS:k ( 3901): handleResumeComponent : put = com.clientreachai.phperformance, userid = 0 instanceid =129713466
04-14 23:11:26.649 D/NavigationBar( 2097): onSystemBarAttributesChanged() -  displayId:0, appearance:24, packageName: com.clientreachai.phperformance (APPEARANCE_LIGHT_STATUS_BARS APPEARANCE_LIGHT_NAVIGATION_BARS ), navbarColorManagedByIme:false
04-14 23:11:26.663 D/WindowManager(  991): Changing focus from Window{95de89a u0 com.clientreachai.phperformance/com.clientreachai.phperformance.MainActivity} to null displayId=0 Callers=com.android.server.wm.ActivityTaskManagerService.setLastResumedActivityUncheckLocked:264 com.android.server.wm.ActivityTaskSupervisor.updateTopResumedActivityIfNeeded:51 com.android.server.wm.TaskFragment.setResumedActivity:30 com.android.server.wm.ActivityRecord.setState:100 
04-14 23:11:26.676 D/SurfaceComposerClient(  991): setCornerRadius ## 95de89a com.clientreachai.phperformance/com.clientreachai.phperformance.MainActivity#25558 cornerRadius=0.000000
04-14 23:11:26.677 I/InsetsSourceConsumer(16430): applyRequestedVisibilityToControl: visible=true, type=statusBars, host=com.clientreachai.phperformance/com.clientreachai.phperformance.MainActivity
04-14 23:11:26.677 I/InsetsSourceConsumer(16430): applyRequestedVisibilityToControl: visible=true, type=navigationBars, host=com.clientreachai.phperformance/com.clientreachai.phperformance.MainActivity
04-14 23:11:26.682 D/SurfaceComposerClient(  991): setCornerRadius ## 95de89a com.clientreachai.phperformance/com.clientreachai.phperformance.MainActivity#25558 cornerRadius=0.000000
04-14 23:11:26.683 D/SurfaceComposerClient(  991): setCornerRadius ## 95de89a com.clientreachai.phperformance/com.clientreachai.phperformance.MainActivity#25558 cornerRadius=0.000000
04-14 23:11:26.684 E/ClipboardService(  991): Denying clipboard access to com.clientreachai.phperformance, application is not in focus nor is it a system service for user 0
04-14 23:11:26.689 I/ImeTracker(  991): com.clientreachai.phperformance:4479fed6: onRequestHide at ORIGIN_SERVER reason HIDE_SAME_WINDOW_FOCUSED_WITHOUT_EDITOR fromUser false
04-14 23:11:26.690 I/ImeTracker(16430): com.clientreachai.phperformance:4479fed6: onCancelled at PHASE_CLIENT_ALREADY_HIDDEN
04-14 23:11:26.694 I/HBD     ( 4812): b [AiWriter] setContact : com.clientreachai.phperformance
04-14 23:11:26.694 I/HBD     ( 4812): a [AiWriter] setContact : com.clientreachai.phperformance
04-14 23:11:26.697 D/SurfaceComposerClient(  991): setCornerRadius ## 95de89a com.clientreachai.phperformance/com.clientreachai.phperformance.MainActivity#25558 cornerRadius=0.000000
04-14 23:11:26.698 D/SGM:FgCheckThread(  991): notePauseComponent(), received pkgName: com.clientreachai.phperformance, userId: 0
04-14 23:11:26.698 D/SurfaceComposerClient(  991): setCornerRadius ## 95de89a com.clientreachai.phperformance/com.clientreachai.phperformance.MainActivity#25558 cornerRadius=0.000000
04-14 23:11:26.704 D/SGM:FgCheckThread(  991): getForegroundApp(), foregroundPkgName=com.clientreachai.phperformance
04-14 23:11:26.708 D/InputDispatcher(  991): Focus left window (0): 95de89a com.clientreachai.phperformance/com.clientreachai.phperformance.MainActivity
04-14 23:11:26.718 D/SurfaceComposerClient(  991): setCornerRadius ## 95de89a com.clientreachai.phperformance/com.clientreachai.phperformance.MainActivity#25558 cornerRadius=0.000000
04-14 23:11:26.731 D/SurfaceComposerClient(  991): setCornerRadius ## 95de89a com.clientreachai.phperformance/com.clientreachai.phperformance.MainActivity#25558 cornerRadius=0.000000
04-14 23:11:26.732 D/SurfaceComposerClient(  991): setCornerRadius ## 95de89a com.clientreachai.phperformance/com.clientreachai.phperformance.MainActivity#25558 cornerRadius=0.000000
04-14 23:11:26.737 D/WindowManager(  991): updateSystemBarAttributes: displayId=0, focusedCanBeNavColorWin=false, win=Window{cf59f16 u0 com.google.android.permissioncontroller/com.android.permissioncontroller.permission.ui.GrantPermissionsActivity}, navColorWin=Window{95de89a u0 com.clientreachai.phperformance/com.clientreachai.phperformance.MainActivity}, caller=com.android.server.wm.WindowManagerService.updateFocusedWindowLocked:372 com.android.server.wm.WindowManagerService.relayoutWindow:1366 com.android.server.wm.Session.relayout:27 
04-14 23:11:26.746 D/SurfaceComposerClient(  991): setCornerRadius ## 95de89a com.clientreachai.phperformance/com.clientreachai.phperformance.MainActivity#25558 cornerRadius=0.000000
04-14 23:11:26.748 D/SurfaceComposerClient(  991): setCornerRadius ## 95de89a com.clientreachai.phperformance/com.clientreachai.phperformance.MainActivity#25558 cornerRadius=0.000000
04-14 23:11:26.749 D/ChangeTransitionController(  991):    ChangeInfo{b37fbdb container=Task{4d03465 #188 type=standard A=10330:com.clientreachai.phperformance} flags=0x0}
04-14 23:11:26.763 V/WindowManager(  991): Sent Transition (#1860) createdAt=04-14 23:11:26.631 via request=TransitionRequestInfo { type = OPEN, triggerTask = TaskInfo{userId=0 taskId=188 effectiveUid=10330 displayId=0 isRunning=true baseIntent=Intent { act=android.intent.action.MAIN cat=[android.intent.category.LAUNCHER] flg=0x10000000 pkg=com.clientreachai.phperformance cmp=com.clientreachai.phperformance/.MainActivity } baseActivity=ComponentInfo{com.clientreachai.phperformance/com.clientreachai.phperformance.MainActivity} topActivity=ComponentInfo{com.google.android.permissioncontroller/com.android.permissioncontroller.permission.ui.GrantPermissionsActivity} origActivity=null realActivity=ComponentInfo{com.clientreachai.phperformance/com.clientreachai.phperformance.MainActivity} numActivities=2 lastActiveTime=26160138 supportsMultiWindow=true resizeMode=1 isResizeable=true minWidth=-1 minHeight=-1 maxWidth=-1 maxHeight=-1 defaultMinSize=220 desktopDefaultMinSize=304 token=WCT{RemoteToken{c08758d Task{4d03465 #188 type=standard A=10330:com.clientreachai.phperformance}}} topActivityType=1 pictureInPictureParams=null shouldDockBigOverlays=false launchIntoPipHostTaskId=-1 lastParentTaskIdBeforePip=-1 displayCutoutSafeInsets=Rect(0, 0 - 0, 0) topActivityInfo=ActivityInfo{a31f9c6 com.android.permissioncontroller.permission.ui.GrantPermissionsActivity} launchCookies=[android.os.BinderProxy@1c3e792] positionInParent=Point(0, 0) parentTaskId=-1 isFocused=true isVisible=true isVisibleRequested=true isTopActivityNoDisplay=false isSleeping=false locusId=null displayAreaFeatureId=1 isTopActivityTransparent=true isActivityStackTransparent=false lastNonFullscreenBounds=Rect(81, 604 - 999, 1774) capturedLink=null capturedLinkTimestamp=0 requestedVisibleTypes=-9 topActivityRequestOpenInBrowserEducationTimestamp=0 appCompatTaskInfo=AppCompatTaskInfo { topActivityInSizeCompat=false eligibleForLetterboxEducation= false isLetterboxEducationEnabled= false isLetterboxDoubleTapEnabled= false eligibleForUserAspectRatioButton= false topActivityBoundsLetterboxed= false isFromLetterboxDoubleTap= false topActivityLetterboxVerticalPosition= -1 topActivityLetterboxHorizontalPosition= -1 topActivityLetterboxWidth=-1 topActivityLetterboxHeight=-1 topActivityAppBounds=Rect(0, 0 - 1080, 2340) isUserFullscreenOverrideEnabled=false isSystemFullscreenOverrideEnabled=false hasMinAspectRatioOverride=false topActivityLetterboxBounds=null cameraCompatTaskInfo=CameraCompatTaskInfo { freeformCameraCompatMode=inactive} topActivityBounds=null topActivityInDisplayCompat=false singleTapFromLetterbox=false} topActivityMainWindowFrame=null originallySupportedMultiWindow=true hasWallpaper=false rootAffinity=10330:com.clientreachai.phperformance isTopTaskInStage=false CoverLauncherWidgetTask=false LaunchedFromAppsCoverLauncherTask=false LaunchedFromMultistarCoverLauncherTask=false isAllowedSeamlessRotation=false isTopTransparentActivity=false isAliasManaged=false hasConfigChanged=false snappingGuideBounds=null isAiKeyRemoveAppTask=false lastDesktopWindowingBounds=null lastExternalDesktopWindowingBounds=null safeCutoutInsets=null}, pipChange = null, remoteTransition = null, displayChange = null, flags = 0, debugId = 1860 }
04-14 23:11:26.769 I/HBD     ( 4812): a [SKE_SPECIFIC] specific model[com.clientreachai.phperformance] loaded, 48258577 ns
04-14 23:11:26.774 D/SurfaceFlinger(  866):        DEVICE |           70566312673285 | 00002102 | RGBA_8888    |    0.0    0.0 1080.0 2340.0 |    0    0 1080 2340 | com.clientreachai.phperformance/com.[...]erformance.MainActivity$_16430#25895 (395)
04-14 23:11:26.775 D/SurfaceComposerClient(  991): setCornerRadius ## 95de89a com.clientreachai.phperformance/com.clientreachai.phperformance.MainActivity#25558 cornerRadius=0.000000
04-14 23:11:26.775 D/SurfaceComposerClient(  991): setCornerRadius ## 95de89a com.clientreachai.phperformance/com.clientreachai.phperformance.MainActivity#25558 cornerRadius=0.000000
04-14 23:11:26.785 V/WindowManager(  991):    ChangeInfo{b37fbdb container=Task{4d03465 #188 type=standard A=10330:com.clientreachai.phperformance} flags=0x0}
04-14 23:11:26.787 D/ChangeTransitionController(  991):    ChangeInfo{b37fbdb container=Task{4d03465 #188 type=standard A=10330:com.clientreachai.phperformance} flags=0x0}
04-14 23:11:26.792 D/SurfaceComposerClient(  991): setCornerRadius ## 95de89a com.clientreachai.phperformance/com.clientreachai.phperformance.MainActivity#25558 cornerRadius=0.000000
04-14 23:11:26.796 D/InputDispatcher(  991): Focused application(0): ActivityRecord{95553884 u0 com.clientreachai.phperformance/.MainActivity t188}
04-14 23:11:26.797 D/WindowManager(  991): Changing focus from Window{cf59f16 u0 com.google.android.permissioncontroller/com.android.permissioncontroller.permission.ui.GrantPermissionsActivity} to Window{95de89a u0 com.clientreachai.phperformance/com.clientreachai.phperformance.MainActivity} displayId=0 Callers=com.android.server.wm.ActivityTaskManagerService.setLastResumedActivityUncheckLocked:264 com.android.server.wm.ActivityTaskSupervisor.updateTopResumedActivityIfNeeded:51 com.android.server.wm.TaskFragment.setResumedActivity:30 com.android.server.wm.ActivityRecord.setState:100 
04-14 23:11:26.798 D/InsetsSourceProvider(  991): updateControlForTarget: control=InsetsSourceControl: {d27a0000 mType=statusBars initiallyVisible mSurfacePosition=Point(0, 0) mInsetsHint=Insets{left=0, top=80, right=0, bottom=0}}, target=Window{95de89a u0 com.clientreachai.phperformance/com.clientreachai.phperformance.MainActivity}, from=com.android.server.wm.InsetsStateController.onControlTargetChanged:83 com.android.server.wm.InsetsPolicy.updateBarControlTarget:212 com.android.server.wm.DisplayPolicy.updateSystemBarAttributes:262 com.android.server.wm.WindowManagerService.updateFocusedWindowLocked:372 com.android.server.wm.ActivityTaskManagerService.setLastResumedActivityUncheckLocked:264 
04-14 23:11:26.800 D/InsetsSourceProvider(  991): updateControlForTarget: control=InsetsSourceControl: {849b0001 mType=navigationBars initiallyVisible mSurfacePosition=Point(0, 2205) mInsetsHint=Insets{left=0, top=0, right=0, bottom=42}}, target=Window{95de89a u0 com.clientreachai.phperformance/com.clientreachai.phperformance.MainActivity}, from=com.android.server.wm.InsetsStateController.onControlTargetChanged:83 com.android.server.wm.InsetsPolicy.updateBarControlTarget:225 com.android.server.wm.DisplayPolicy.updateSystemBarAttributes:262 com.android.server.wm.WindowManagerService.updateFocusedWindowLocked:372 com.android.server.wm.ActivityTaskManagerService.setLastResumedActivityUncheckLocked:264 
04-14 23:11:26.800 D/WindowManager(  991): updateSystemBarAttributes: displayId=0, focusedCanBeNavColorWin=false, win=Window{95de89a u0 com.clientreachai.phperformance/com.clientreachai.phperformance.MainActivity}, navColorWin=Window{cf59f16 u0 com.google.android.permissioncontroller/com.android.permissioncontroller.permission.ui.GrantPermissionsActivity}, caller=com.android.server.wm.WindowManagerService.updateFocusedWindowLocked:372 com.android.server.wm.ActivityTaskManagerService.setLastResumedActivityUncheckLocked:264 com.android.server.wm.ActivityTaskSupervisor.updateTopResumedActivityIfNeeded:51 
04-14 23:11:26.801 V/SystemKeyManager(  991): updateFocusedWindow() is called, com.clientreachai.phperformance/com.clientreachai.phperformance.MainActivity
04-14 23:11:26.801 D/ActivityTaskManager(  991): scheduleTopResumedActivityChanged, onTop=true, r=ActivityRecord{95553884 u0 com.clientreachai.phperformance/.MainActivity t188}, caller=com.android.server.wm.ActivityTaskSupervisor.scheduleTopResumedActivityStateIfNeeded:18 com.android.server.wm.ActivityTaskSupervisor.updateTopResumedActivityIfNeeded:54 com.android.server.wm.TaskFragment.setResumedActivity:30 com.android.server.wm.ActivityRecord.setState:100 com.android.server.wm.TaskFragment.resumeTopActivity:1705 com.android.server.wm.Task.resumeTopActivityInnerLocked:138 
04-14 23:11:26.803 D/SurfaceComposerClient(  991): setCornerRadius ## 95de89a com.clientreachai.phperformance/com.clientreachai.phperformance.MainActivity#25558 cornerRadius=0.000000
04-14 23:11:26.803 D/SurfaceComposerClient(  991): setCornerRadius ## 95de89a com.clientreachai.phperformance/com.clientreachai.phperformance.MainActivity#25558 cornerRadius=0.000000
04-14 23:11:26.803 D/ChangeTransitionController(  991):    ChangeInfo{af7d64c container=Task{4d03465 #188 type=standard A=10330:com.clientreachai.phperformance} flags=0x0}
04-14 23:11:26.815 V/WindowManager(  991):    ChangeInfo{af7d64c container=Task{4d03465 #188 type=standard A=10330:com.clientreachai.phperformance} flags=0x0}
04-14 23:11:26.816 D/ChangeTransitionController(  991):    ChangeInfo{af7d64c container=Task{4d03465 #188 type=standard A=10330:com.clientreachai.phperformance} flags=0x0}
04-14 23:11:26.819 D/NavigationBar( 2097): onSystemBarAttributesChanged() -  displayId:0, appearance:8, packageName: com.clientreachai.phperformance (APPEARANCE_LIGHT_STATUS_BARS ), navbarColorManagedByIme:false
04-14 23:11:26.819 I/SurfaceFlinger(  866): [LayerHierarchy{RequestedLayerState{ImeContainer#15 parentId=25553 relativeParentId=25558 z=1} 1 children}] RelativeParent to LayerHierarchy{RequestedLayerState{95de89a com.clientreachai.phperformance/com.clientreachai.phperformance.MainActivity#25558 parentId=25553} 2 children}
04-14 23:11:26.819 D/SGM:FgCheckThread(  991): noteResumeComponent(), received pkgName: com.clientreachai.phperformance, userId: 0
04-14 23:11:26.821 D/WindowManager(  991): updateSystemBarAttributes: displayId=0, focusedCanBeNavColorWin=false, win=Window{95de89a u0 com.clientreachai.phperformance/com.clientreachai.phperformance.MainActivity}, navColorWin=Window{95de89a u0 com.clientreachai.phperformance/com.clientreachai.phperformance.MainActivity}, caller=com.android.server.wm.DisplayPolicy.finishPostLayoutPolicyLw:17 com.android.server.wm.RootWindowContainer.applySurfaceChangesTransaction$1:195 com.android.server.wm.RootWindowContainer.performSurfacePlacementNoTrace:59 
04-14 23:11:26.822 I/HoneySpace.EdgePanel.EdgePanelContainerViewModel( 2690): cocktailHostRepository.edgePanelOperation NoteResumeComponent(componentName=ComponentInfo{com.clientreachai.phperformance/com.clientreachai.phperformance.MainActivity})
04-14 23:11:26.822 I/HoneySpace.EdgePanel.ActivityUtils( 2690): HomePackage : com.sec.android.app.launcher, resumePackageName : com.clientreachai.phperformance, className : com.clientreachai.phperformance.MainActivity
04-14 23:11:26.823 D/SurfaceFlinger(  866):        DEVICE |           70566312673285 | 00002102 | RGBA_8888    |    0.0    0.0 1080.0 2340.0 |    0    0 1080 2340 | com.clientreachai.phperformance/com.[...]erformance.MainActivity$_16430#25895 (395)
04-14 23:11:26.823 D/SGM:FgCheckThread(  991): onLooperPrepared(), msg: MSG_APP_RESUME, pkgName: com.clientreachai.phperformance, userid: 0
04-14 23:11:26.823 D/SGM:FgCheckThread(  991):   handleResume(). pkgName: com.clientreachai.phperformance, userId: 0, category: non-game
04-14 23:11:26.823 D/SGM:FgCheckThread(  991): notifyFocusInOut(). of pkg: com.clientreachai.phperformance, type: 4, isSecGameFamily: false, userId: 0
04-14 23:11:26.823 D/SurfaceFlinger(  866): [input] setFocusedWindow: 95de89a com.clientreachai.phperformance/com.clientreachai.phperformance.MainActivity
04-14 23:11:26.823 I/SDHMS:k ( 3901): handleResumeComponent : put = com.clientreachai.phperformance, userid = 0 instanceid =129713466
04-14 23:11:26.823 D/InputDispatcher(  991): Once focus requested (0): 95de89a com.clientreachai.phperformance/com.clientreachai.phperformance.MainActivity
04-14 23:11:26.824 D/SurfaceComposerClient(  991): setCornerRadius ## 95de89a com.clientreachai.phperformance/com.clientreachai.phperformance.MainActivity#25558 cornerRadius=0.000000
04-14 23:11:26.824 D/InputDispatcher(  991): Focus entered window (0): 95de89a com.clientreachai.phperformance/com.clientreachai.phperformance.MainActivity
04-14 23:11:26.826 D/NavigationBar( 2097): onSystemBarAttributesChanged() -  displayId:0, appearance:24, packageName: com.clientreachai.phperformance (APPEARANCE_LIGHT_STATUS_BARS APPEARANCE_LIGHT_NAVIGATION_BARS ), navbarColorManagedByIme:false
04-14 23:11:26.831 D/SurfaceComposerClient(  991): setCornerRadius ## 95de89a com.clientreachai.phperformance/com.clientreachai.phperformance.MainActivity#25558 cornerRadius=0.000000
04-14 23:11:26.832 D/SurfaceComposerClient(  991): setCornerRadius ## 95de89a com.clientreachai.phperformance/com.clientreachai.phperformance.MainActivity#25558 cornerRadius=0.000000
04-14 23:11:26.843 D/SurfaceComposerClient(  991): setCornerRadius ## 95de89a com.clientreachai.phperformance/com.clientreachai.phperformance.MainActivity#25558 cornerRadius=0.000000
04-14 23:11:26.843 D/SurfaceComposerClient(  991): setCornerRadius ## 95de89a com.clientreachai.phperformance/com.clientreachai.phperformance.MainActivity#25558 cornerRadius=0.000000
04-14 23:11:26.847 D/SGM:GameManager(  991): identifyForegroundApp. com.clientreachai.phperformance, mCurrentUserId: 0, callerUserId: 0
04-14 23:11:26.847 D/SGM:GameManager(  991): identifyForegroundApp. com.clientreachai.phperformance, mCurrentUserId: 0, callerUserId: 0
04-14 23:11:26.848 D/SGM:FgCheckThread(  991): getForegroundApp(), foregroundPkgName=com.clientreachai.phperformance
04-14 23:11:26.848 D/SGM:FgCheckThread(  991): noteStopComponent(), received pkgName: com.google.android.permissioncontroller, focusedPkgName: com.clientreachai.phperformance, userId: 0
04-14 23:11:26.856 D/SurfaceComposerClient(  991): setCornerRadius ## 95de89a com.clientreachai.phperformance/com.clientreachai.phperformance.MainActivity#25558 cornerRadius=0.000000
04-14 23:11:26.857 I/InsetsSourceConsumer(16430): applyRequestedVisibilityToControl: visible=true, type=statusBars, host=com.clientreachai.phperformance/com.clientreachai.phperformance.MainActivity
04-14 23:11:26.858 I/InsetsSourceConsumer(16430): applyRequestedVisibilityToControl: visible=true, type=navigationBars, host=com.clientreachai.phperformance/com.clientreachai.phperformance.MainActivity
04-14 23:11:26.864 I/ImeTracker(  991): com.clientreachai.phperformance:268f46e1: onRequestHide at ORIGIN_SERVER reason HIDE_SAME_WINDOW_FOCUSED_WITHOUT_EDITOR fromUser false
04-14 23:11:26.879 I/ImeTracker(16430): com.clientreachai.phperformance:268f46e1: onCancelled at PHASE_CLIENT_ALREADY_HIDDEN
04-14 23:11:26.976 D/MdnieScenarioControlService(  991):  packageName : com.clientreachai.phperformance    className : com.clientreachai.phperformance.MainActivity
04-14 23:11:27.375 D/SGM:GameManager(  991): identifyForegroundApp. com.clientreachai.phperformance, mCurrentUserId: 0, callerUserId: 0
04-14 23:11:27.593 E/AndroidRuntime(16430): FATAL EXCEPTION: mqt_v_native
04-14 23:11:27.593 E/AndroidRuntime(16430): Process: com.clientreachai.phperformance, PID: 16430
04-14 23:11:27.601 W/ActivityManager(  991): crash : com.clientreachai.phperformance,10330
04-14 23:11:27.603 W/ActivityTaskManager(  991):   Force finishing activity com.clientreachai.phperformance/.MainActivity
04-14 23:11:27.605 V/WindowManager(  991): Collecting in transition 1862: Task{4d03465 #188 type=standard A=10330:com.clientreachai.phperformance}, caller=com.android.server.wm.Transition.collectExistenceChange:40 com.android.server.wm.Transition.collectClose:7 com.android.server.wm.ActivityRecord.finishIfPossible:50 com.android.server.wm.ActivityRecord.finishIfPossible:1 com.android.server.wm.RootWindowContainer$$ExternalSyntheticLambda34.accept:179 
04-14 23:11:27.606 D/WindowManager(  991): prepareSync <SYNC_STATE_WAITING_FOR_DRAW>, mPrepareSyncSeqId=0, win=Window{95de89a u0 com.clientreachai.phperformance/com.clientreachai.phperformance.MainActivity}
04-14 23:11:27.607 D/ActivityTaskManager(  991): scheduleTopResumedActivityChanged, onTop=false, r=ActivityRecord{95553884 u0 com.clientreachai.phperformance/.MainActivity t188 f}}, caller=com.android.server.wm.ActivityTaskSupervisor.scheduleTopResumedActivityStateLossIfNeeded:19 com.android.server.wm.ActivityTaskSupervisor.updateTopResumedActivityIfNeeded:20 com.android.server.wm.TaskDisplayArea.positionChildAt:252 com.android.server.wm.WindowContainer.positionChildAt:84 com.android.server.wm.Task.positionChildAt:19 com.android.server.wm.Task.moveToFront:40 
04-14 23:11:27.607 V/WindowManagerShell( 2097): Transition requested (#1862): android.os.BinderProxy@195f00 TransitionRequestInfo { type = CLOSE, triggerTask = TaskInfo{userId=0 taskId=188 effectiveUid=10330 displayId=0 isRunning=true baseIntent=Intent { act=android.intent.action.MAIN cat=[android.intent.category.LAUNCHER] flg=0x10000000 pkg=com.clientreachai.phperformance cmp=com.clientreachai.phperformance/.MainActivity } baseActivity=ComponentInfo{com.clientreachai.phperformance/com.clientreachai.phperformance.MainActivity} topActivity=ComponentInfo{com.clientreachai.phperformance/com.clientreachai.phperformance.MainActivity} origActivity=null realActivity=ComponentInfo{com.clientreachai.phperformance/com.clientreachai.phperformance.MainActivity} numActivities=1 lastActiveTime=26160294 supportsMultiWindow=true resizeMode=1 isResizeable=true minWidth=-1 minHeight=-1 maxWidth=-1 maxHeight=-1 defaultMinSize=220 desktopDefaultMinSize=304 token=WCT{android.window.IWindowContainerToken$Stub$Proxy@fbfa339} topActivityType=1 pictureInPictureParams=null shouldDockBigOverlays=false launchIntoPipHostTaskId=-1 lastParentTaskIdBeforePip=-1 displayCutoutSafeInsets=Rect(0, 0 - 0, 0) topActivityInfo=ActivityInfo{f6a0d7e com.clientreachai.phperformance.MainActivity} launchCookies=[android.os.BinderProxy@dd81507] positionInParent=Point(0, 0) parentTaskId=-1 isFocused=true isVisible=true isVisibleRequested=true isTopActivityNoDisplay=false isSleeping=false locusId=null displayAreaFeatureId=1 isTopActivityTransparent=false isActivityStackTransparent=false lastNonFullscreenBounds=Rect(81, 604 - 999, 1774) capturedLink=null capturedLinkTimestamp=0 requestedVisibleTypes=-9 topActivityRequestOpenInBrowserEducationTimestamp=0 appCompatTaskInfo=AppCompatTaskInfo { topActivityInSizeCompat=false eligibleForLetterboxEducation= false isLetterboxEducationEnabled= false isLetterboxDoubleTapEnabled= false eligibleForUserAspectRatioButton= false topActivityBoundsLetterboxed= false isFromLetterboxDoubleTap= false topActivityLetterboxVerticalPosition= -1 topActivityLetterboxHorizontalPosition= -1 topActivityLetterboxWidth=-1 topActivityLetterboxHeight=-1 topActivityAppBounds=Rect(0, 0 - 1080, 2340) isUserFullscreenOverrideEnabled=false isSystemFullscreenOverrideEnabled=false hasMinAspectRatioOverride=false topActivityLetterboxBounds=null cameraCompatTaskInfo=CameraCompatTaskInfo { freeformCameraCompatMode=inactive} topActivityBounds=null topActivityInDisplayCompat=false singleTapFromLetterbox=false} topActivityMainWindowFrame=null originallySupportedMultiWindow=true hasWallpaper=false rootAffinity=10330:com.clientreachai.phperformance isTopTaskInStage=false CoverLauncherWidgetTask=false LaunchedFromAppsCoverLauncherTask=false LaunchedFromMultistarCoverLauncherTask=false isAllowedSeamlessRotation=false isTopTransparentActivity=false isAliasManaged=false hasConfigChanged=false snappingGuideBounds=null isAiKeyRemoveAppTask=false lastDesktopWindowingBounds=null lastExternalDesktopWindowingBounds=null safeCutoutInsets=null}, pipChange = null, remoteTransition = null, displayChange = null, flags = 16, debugId = 1862 }
04-14 23:11:27.607 V/WindowManager(  991): Collecting in transition 1862: ActivityRecord{95553884 u0 com.clientreachai.phperformance/.MainActivity t188 f}}, caller=com.android.server.wm.TransitionController.collect:7 com.android.server.wm.ActivityRecord.setVisibility:132 com.android.server.wm.ActivityRecord.finishIfPossible:87 com.android.server.wm.ActivityRecord.finishIfPossible:1 com.android.server.wm.RootWindowContainer$$ExternalSyntheticLambda34.accept:179 
04-14 23:11:27.618 D/WindowManager(  991): Changing focus from Window{95de89a u0 com.clientreachai.phperformance/com.clientreachai.phperformance.MainActivity} to null displayId=0 Callers=com.android.server.wm.ActivityTaskManagerService.setLastResumedActivityUncheckLocked:264 com.android.server.wm.ActivityTaskSupervisor.updateTopResumedActivityIfNeeded:51 com.android.server.wm.TaskFragment.setResumedActivity:30 com.android.server.wm.ActivityRecord.setState:100 
04-14 23:11:27.621 D/SGM:FgCheckThread(  991): notePauseComponent(), received pkgName: com.clientreachai.phperformance, userId: 0
04-14 23:11:27.650 D/WindowManager(  991): updateSystemBarAttributes: displayId=0, focusedCanBeNavColorWin=false, win=Window{15ab101 u0 com.sec.android.app.launcher/com.sec.android.app.launcher.activities.LauncherActivity}, navColorWin=Window{95de89a u0 com.clientreachai.phperformance/com.clientreachai.phperformance.MainActivity}, caller=com.android.server.wm.WindowManagerService.updateFocusedWindowLocked:372 com.android.server.wm.WindowManagerService.relayoutWindow:1366 com.android.server.wm.Session.relayout:27 
04-14 23:11:27.660 D/InputDispatcher(  991): Focus left window (0): 95de89a com.clientreachai.phperformance/com.clientreachai.phperformance.MainActivity
04-14 23:11:27.679 D/ChangeTransitionController(  991):    ChangeInfo{79c5e29 container=Task{4d03465 #188 type=standard A=10330:com.clientreachai.phperformance} flags=0x0}
04-14 23:11:27.679 D/ChangeTransitionController(  991):    ChangeInfo{b955f4f container=ActivityRecord{95553884 u0 com.clientreachai.phperformance/.MainActivity t188 f}} flags=0x0}
04-14 23:11:27.680 V/WindowManager(  991): Start calculating TransitionInfo based on participants: {Task{15246ac #8 type=home I=com.sec.android.app.launcher/.activities.LauncherActivity}, Task{4d03465 #188 type=standard A=10330:com.clientreachai.phperformance}, Task{532e262 #1 type=home}, ActivityRecord{95553884 u0 com.clientreachai.phperformance/.MainActivity t188 f}}, ActivityRecord{245472510 u0 com.sec.android.app.launcher/.activities.LauncherActivity t8}, WallpaperWindowToken{f78bb86 showWhenLocked=false}_<system>}
04-14 23:11:27.680 V/WindowManager(  991):   Final targets: [ChangeInfo{efac5ae container=Task{532e262 #1 type=home} flags=0x30}, ChangeInfo{79c5e29 container=Task{4d03465 #188 type=standard A=10330:com.clientreachai.phperformance} flags=0x10}, ChangeInfo{3318eba container=WallpaperWindowToken{f78bb86 showWhenLocked=false}_<system> flags=0x0}]
04-14 23:11:27.683 V/WindowManager(  991):         {WCT{RemoteToken{c08758d Task{4d03465 #188 type=standard A=10330:com.clientreachai.phperformance}}} m=CLOSE f=NONE leash=Surface(name=Task=188)/@0xf444eb7 sb=Rect(0, 0 - 1080, 2340) eb=Rect(0, 0 - 1080, 2340) epz=Point(1080, 2340) d=0 taskParent=-1 inset=Rect(0, 80 - 0, 42) dim=true},
04-14 23:11:27.686 I/SurfaceFlinger(  866): Capture layer list: 	 com.clientreachai.phperformance/com.clientreachai.phperformance.MainActivity$_16430#25895(seamlessTransition:0)
04-14 23:11:27.694 V/WindowManager(  991): Sent Transition (#1862) createdAt=04-14 23:11:27.603 via request=TransitionRequestInfo { type = CLOSE, triggerTask = TaskInfo{userId=0 taskId=188 effectiveUid=10330 displayId=0 isRunning=true baseIntent=Intent { act=android.intent.action.MAIN cat=[android.intent.category.LAUNCHER] flg=0x10000000 pkg=com.clientreachai.phperformance cmp=com.clientreachai.phperformance/.MainActivity } baseActivity=ComponentInfo{com.clientreachai.phperformance/com.clientreachai.phperformance.MainActivity} topActivity=ComponentInfo{com.clientreachai.phperformance/com.clientreachai.phperformance.MainActivity} origActivity=null realActivity=ComponentInfo{com.clientreachai.phperformance/com.clientreachai.phperformance.MainActivity} numActivities=1 lastActiveTime=26160294 supportsMultiWindow=true resizeMode=1 isResizeable=true minWidth=-1 minHeight=-1 maxWidth=-1 maxHeight=-1 defaultMinSize=220 desktopDefaultMinSize=304 token=WCT{RemoteToken{c08758d Task{4d03465 #188 type=standard A=10330:com.clientreachai.phperformance}}} topActivityType=1 pictureInPictureParams=null shouldDockBigOverlays=false launchIntoPipHostTaskId=-1 lastParentTaskIdBeforePip=-1 displayCutoutSafeInsets=Rect(0, 0 - 0, 0) topActivityInfo=ActivityInfo{8d7091d com.clientreachai.phperformance.MainActivity} launchCookies=[android.os.BinderProxy@1c3e792] positionInParent=Point(0, 0) parentTaskId=-1 isFocused=true isVisible=true isVisibleRequested=true isTopActivityNoDisplay=false isSleeping=false locusId=null displayAreaFeatureId=1 isTopActivityTransparent=false isActivityStackTransparent=false lastNonFullscreenBounds=Rect(81, 604 - 999, 1774) capturedLink=null capturedLinkTimestamp=0 requestedVisibleTypes=-9 topActivityRequestOpenInBrowserEducationTimestamp=0 appCompatTaskInfo=AppCompatTaskInfo { topActivityInSizeCompat=false eligibleForLetterboxEducation= false isLetterboxEducationEnabled= false isLetterboxDoubleTapEnabled= false eligibleForUserAspectRatioButton= false topActivityBoundsLetterboxed= false isFromLetterboxDoubleTap= false topActivityLetterboxVerticalPosition= -1 topActivityLetterboxHorizontalPosition= -1 topActivityLetterboxWidth=-1 topActivityLetterboxHeight=-1 topActivityAppBounds=Rect(0, 0 - 1080, 2340) isUserFullscreenOverrideEnabled=false isSystemFullscreenOverrideEnabled=false hasMinAspectRatioOverride=false topActivityLetterboxBounds=null cameraCompatTaskInfo=CameraCompatTaskInfo { freeformCameraCompatMode=inactive} topActivityBounds=null topActivityInDisplayCompat=false singleTapFromLetterbox=false} topActivityMainWindowFrame=null originallySupportedMultiWindow=true hasWallpaper=false rootAffinity=10330:com.clientreachai.phperformance isTopTaskInStage=false CoverLauncherWidgetTask=false LaunchedFromAppsCoverLauncherTask=false LaunchedFromMultistarCoverLauncherTask=false isAllowedSeamlessRotation=false isTopTransparentActivity=false isAliasManaged=false hasConfigChanged=false snappingGuideBounds=null isAiKeyRemoveAppTask=false lastDesktopWindowingBounds=null lastExternalDesktopWindowingBounds=null safeCutoutInsets=null}, pipChange = null, remoteTransition = null, displayChange = null, flags = 16, debugId = 1862 }
04-14 23:11:27.694 V/WindowManager(  991):         {WCT{RemoteToken{c08758d Task{4d03465 #188 type=standard A=10330:com.clientreachai.phperformance}}} m=CLOSE f=NONE leash=Surface(name=Task=188)/@0xf444eb7 sb=Rect(0, 0 - 1080, 2340) eb=Rect(0, 0 - 1080, 2340) epz=Point(1080, 2340) d=0 taskParent=-1 inset=Rect(0, 80 - 0, 42) dim=true},
04-14 23:11:27.710 I/HoneySpace.AppCloseAnimationDelegate( 2690): findTargetValue [cookie-96, pkgName-com.clientreachai.phperformance]
04-14 23:11:27.710 I/HoneySpace.AppListFastRecyclerViewAdapter( 2690): findCloseTarget : 96, ComponentInfo{com.clientreachai.phperformance/com.clientreachai.phperformance.MainActivity}
04-14 23:11:27.711 I/HoneySpace.AppCloseAnimationDelegate( 2690): findTargetView found:Value(view=com.honeyspace.ui.common.iconview.IconViewImpl{3a1d358 VFED..CL. ........ 249,570-498,855 #7f0a02ed app:id/icon} - PH Performance, visibility:0, alpha:1.0, badge:2, icon:163x163, iconAlpha:255, iconState:NONE, iconSize:177, forceHideBadge:false, isTransparent:false, x=1, y=2, component=ComponentInfo{com.clientreachai.phperformance/com.clientreachai.phperformance.MainActivity}, isTargetShortcut=false), com.honeyspace.ui.common.iconview.IconViewImpl{3a1d358 VFED..CL. ........ 249,570-498,855 #7f0a02ed app:id/icon} - PH Performance, visibility:0, alpha:1.0, badge:2, icon:163x163, iconAlpha:255, iconState:NONE, iconSize:177, forceHideBadge:false, isTransparent:false, x=1, y=2
04-14 23:11:27.742 D/SurfaceFlinger(  866):        CLIENT |           70566312673284 | 00002102 | RGBA_8888    |    0.0    0.0 1080.0 2340.0 |    0    0 1080 2340 | com.clientreachai.phperformance/com.[...]erformance.MainActivity$_16430#25895 (440)
04-14 23:11:27.775 I/SDHMS:PowerAnomaly:Gatherer:AppError( 3901): update AppError : uid=10330, pkg=com.clientreachai.phperformance, errorType=crash
04-14 23:11:27.780 I/WindowManager(  991): WIN DEATH: Window{95de89a u0 com.clientreachai.phperformance/com.clientreachai.phperformance.MainActivity}
04-14 23:11:27.780 V/WindowManager(  991): Remove Window{95de89a u0 com.clientreachai.phperformance/com.clientreachai.phperformance.MainActivity}: mSurfaceControl=Surface(name=com.clientreachai.phperformance/com.clientreachai.phperformance.MainActivity$_16430)/@0x768610 mAnimatingExit=false mRemoveOnExit=false mHasSurface=true surfaceShowing=true animating=false app-animation=false callers=com.android.server.wm.Session.binderDied:85 android.os.IBinder$DeathRecipient.binderDied:346 android.os.BinderProxy.sendDeathNotice:848 <bottom of call stack> <bottom of call stack> <bottom of call stack> 
04-14 23:11:27.781 I/ActivityManager(  991): Process com.clientreachai.phperformance (pid 16430) has died: prcp CRE (348,2416)
04-14 23:11:27.781 D/ConnectivityService(  991): releasing NetworkRequest [ REQUEST id=3013, [ Capabilities: INTERNET&NOT_RESTRICTED&TRUSTED&NOT_VCN_MANAGED&NOT_BANDWIDTH_CONSTRAINED Uid: 10330 RequestorUid: 10330 RequestorPkg: com.clientreachai.phperformance UnderlyingNetworks: Null] ] (release request)
04-14 23:11:27.795 I/SDHMS:PowerAnomaly:Analyzer:AppError( 3901): analyze app error : uid=10330, pkg=com.clientreachai.phperformance, appErrorCount=6
04-14 23:11:27.798 V/WindowManager(  991): Cleaning splash screen token=ActivityRecord{95553884 u0 com.clientreachai.phperformance/.MainActivity t188 f}}
04-14 23:11:27.799 D/SGM:FgCheckThread(  991): pkgName: com.clientreachai.phperformance is not in foreground
04-14 23:11:27.799 D/SGM:FgCheckThread(  991): noteStopComponent(), received pkgName: com.clientreachai.phperformance, focusedPkgName: com.sec.android.app.launcher, userId: 0
04-14 23:11:27.811 I/RequestManager_FLP( 3461): onOpChanged, op=0 / packageName=com.clientreachai.phperformance
04-14 23:11:28.445 V/WindowManager(  991):    ChangeInfo{79c5e29 container=Task{4d03465 #188 type=standard A=10330:com.clientreachai.phperformance} flags=0x10}
04-14 23:11:28.445 V/WindowManager(  991):    ChangeInfo{b955f4f container=ActivityRecord{95553884 u0 com.clientreachai.phperformance/.MainActivity t188 f} isExiting} flags=0x0}
04-14 23:11:28.447 V/WindowManager(  991): Setting visibility of Window{95de89a u0 com.clientreachai.phperformance/com.clientreachai.phperformance.MainActivity EXITING}: false, caller=com.android.server.wm.WindowContainer.sendAppVisibilityToClients:19 com.android.server.wm.WindowToken.setClientVisible:48 com.android.server.wm.ActivityRecord.commitVisibility:186 com.android.server.wm.TransitionController.finishTransition:846 com.android.server.wm.WindowOrganizerController.finishTransitionInner:31 
04-14 23:11:28.449 W/WindowManager(  991): Exception thrown during dispatchAppVisibility Window{95de89a u0 com.clientreachai.phperformance/com.clientreachai.phperformance.MainActivity EXITING}
04-14 23:11:28.452 V/WindowManager(  991): Remove Window{95de89a u0 com.clientreachai.phperformance/com.clientreachai.phperformance.MainActivity EXITING}: mSurfaceControl=Surface(name=com.clientreachai.phperformance/com.clientreachai.phperformance.MainActivity$_16430)/@0x768610 mAnimatingExit=true mRemoveOnExit=true mHasSurface=true surfaceShowing=true animating=false app-animation=false callers=com.android.server.wm.WindowToken.removeAllWindowsIfPossible:45 com.android.server.wm.WindowToken.removeIfPossible:16 com.android.server.wm.WindowToken.handleCompleteDeferredRemoval:5 com.android.server.wm.WindowContainer.handleCompleteDeferredRemoval:21 com.android.server.wm.TaskFragment.handleCompleteDeferredRemoval:17 com.android.server.wm.WindowContainer.handleCompleteDeferredRemoval:21 
04-14 23:11:28.460 V/WindowManager(  991): Remove Window{95de89a u0 com.clientreachai.phperformance/com.clientreachai.phperformance.MainActivity EXITING}: mSurfaceControl=Surface(name=com.clientreachai.phperformance/com.clientreachai.phperformance.MainActivity$_16430)/@0x768610 mAnimatingExit=true mRemoveOnExit=true mHasSurface=true surfaceShowing=true animating=false app-animation=false callers=com.android.server.wm.WindowToken.removeAllWindowsIfPossible:45 com.android.server.wm.WindowToken.removeIfPossible:16 com.android.server.wm.ActivityRecord.onRemovedFromDisplay:407 com.android.server.wm.ActivityRecord.removeImmediately:46 com.android.server.wm.WindowToken.removeIfPossible:19 com.android.server.wm.WindowToken.handleCompleteDeferredRemoval:5 
04-14 23:11:28.463 I/SurfaceFlinger(  866): id=25557 Removed 5c8cbcf ActivityRecordInputSink com.clientreachai.phperformance/.MainActivity#25557 (190)
04-14 23:11:28.469 D/ChangeTransitionController(  991):    ChangeInfo{79c5e29 container=Task{4d03465 #188 type=standard A=10330:com.clientreachai.phperformance} flags=0x10}
04-14 23:11:28.469 D/ChangeTransitionController(  991):    ChangeInfo{b955f4f container=ActivityRecord{95553884 u0 com.clientreachai.phperformance/.MainActivity t-1 f}} flags=0x0}
04-14 23:11:28.487 I/SurfaceFlinger(  866): [LayerHierarchy{RequestedLayerState{ActivityRecord{95553884 u0 com.clientreachai.phperformance/.MainActivity t188}#25553} 2 children}] reparent to OffscreenRoot
04-14 23:11:28.487 I/SurfaceFlinger(  866): [LayerHierarchy{RequestedLayerState{ActivityRecord{95553884 u0 com.clientreachai.phperformance/.MainActivity t188}#25553} 2 children}] RelativeParent to null
04-14 23:11:28.487 I/SurfaceFlinger(  866): [LayerHierarchy{RequestedLayerState{com.clientreachai.phperformance/com.clientreachai.phperformance.MainActivity$_16430#25895} no children}] reparent to OffscreenRoot
04-14 23:11:28.487 I/SurfaceFlinger(  866): [LayerHierarchy{RequestedLayerState{com.clientreachai.phperformance/com.clientreachai.phperformance.MainActivity$_16430#25895} no children}] RelativeParent to null
04-14 23:11:28.487 I/SurfaceFlinger(  866): [LayerHierarchy{RequestedLayerState{95de89a com.clientreachai.phperformance/com.clientreachai.phperformance.MainActivity#25558} no children}] reparent to OffscreenRoot
04-14 23:11:28.487 I/SurfaceFlinger(  866): [LayerHierarchy{RequestedLayerState{95de89a com.clientreachai.phperformance/com.clientreachai.phperformance.MainActivity#25558} no children}] RelativeParent to null
04-14 23:11:28.491 I/SurfaceFlinger(  866): id=25553 Removed ActivityRecord{95553884 u0 com.clientreachai.phperformance/.MainActivity t188}#25553 (188)
04-14 23:11:28.491 I/SurfaceFlinger(  866): id=25558 Removed 95de89a com.clientreachai.phperformance/com.clientreachai.phperformance.MainActivity#25558 (188)
04-14 23:11:28.491 I/SurfaceFlinger(  866): id=25895 Removed com.clientreachai.phperformance/com.clientreachai.phperformance.MainActivity$_16430#25895 (188)
04-14 23:11:28.503 I/SurfaceFlinger(  866): destroyed ActivityRecord{95553884 u0 com.clientreachai.phperformance/.MainActivity t188}#25553
04-14 23:11:28.503 I/SurfaceFlinger(  866): destroyed com.clientreachai.phperformance/com.clientreachai.phperformance.MainActivity$_16430#25895
04-14 23:11:28.503 I/SurfaceFlinger(  866): destroyed 95de89a com.clientreachai.phperformance/com.clientreachai.phperformance.MainActivity#25558
04-14 23:11:28.503 I/SurfaceFlinger(  866): destroyed 5c8cbcf ActivityRecordInputSink com.clientreachai.phperformance/.MainActivity#25557
04-14 23:11:28.507 I/Layer   (  866): id=25553 Destroyed ActivityRecord{95553884 u0 com.clientreachai.phperformance/.MainActivity t188}#25553
04-14 23:11:28.508 I/Layer   (  866): id=25895 Destroyed com.clientreachai.phperformance/com.clientreachai.phperformance.MainActivity$_16430#25895
04-14 23:11:28.509 I/Layer   (  866): id=25558 Destroyed 95de89a com.clientreachai.phperformance/com.clientreachai.phperformance.MainActivity#25558
04-14 23:11:28.509 I/Layer   (  866): id=25557 Destroyed 5c8cbcf ActivityRecordInputSink com.clientreachai.phperformance/.MainActivity#25557
04-14 23:11:35.906 D/PkgPredictorService-IpmAufPreloadController(  991): getPredictByCount: sorted launchMap: [org.telegram.messenger=60, com.android.vending=60, com.android.chrome=49, com.android.settings=29, host.exp.exponent=27, com.google.android.gm=27, com.whatsapp=26, com.sec.android.app.camera=17, com.zhiliaoapp.musically=16, com.instagram.android=12, com.sec.android.app.samsungapps=11, com.google.android.googlequicksearchbox=7, com.twitter.android=7, com.linkedin.android=6, com.clientreachai.phperformance=6, com.google.android.apps.authenticator2=6, com.spotify.music=3, com.google.android.youtube=3, com.samsung.android.dialer=2, com.google.android.apps.messaging=1, com.snapchat.android=1, com.google.android.apps.bard=1, com.internet.speed.meter.lite=1, com.sec.android.gallery3d=1, com.samsung.android.app.tips=1, com.sec.android.app.popupcalculator=1]
04-14 23:11:35.908 D/PkgPredictorService-IpmAufPreloadController(  991): getPredictByCount: sorted launchMap: [org.telegram.messenger=60, com.android.vending=60, com.android.chrome=49, com.android.settings=29, host.exp.exponent=27, com.google.android.gm=27, com.whatsapp=26, com.sec.android.app.camera=17, com.zhiliaoapp.musically=16, com.instagram.android=12, com.sec.android.app.samsungapps=11, com.google.android.googlequicksearchbox=7, com.twitter.android=7, com.linkedin.android=6, com.clientreachai.phperformance=6, com.google.android.apps.authenticator2=6, com.spotify.music=3, com.google.android.youtube=3, com.samsung.android.dialer=2, com.google.android.apps.messaging=1, com.snapchat.android=1, com.google.android.apps.bard=1, com.internet.speed.meter.lite=1, com.sec.android.gallery3d=1, com.samsung.android.app.tips=1, com.sec.android.app.popupcalculator=1]
04-14 23:12:03.522 D/PluginAODManager( 2097): onNotificationInfoUpdated() 0|com.clientreachai.phperformance|0|0|com.clientreachai.phperformance|g:Aggregate_NormalNotificationSection|10330|0|com.clientreachai.phperformance|g:Aggregate_NormalNotificationSection
04-14 23:12:03.692 D/PluginAODManager( 2097): onNotificationInfoUpdated() 0|com.clientreachai.phperformance|0|0|com.clientreachai.phperformance|g:Aggregate_NormalNotificationSection|10330|0|com.clientreachai.phperformance|g:Aggregate_NormalNotificationSection
04-14 23:12:03.736 D/PluginAODManager( 2097): onNotificationInfoUpdated() 0|com.clientreachai.phperformance|0|0|com.clientreachai.phperformance|g:Aggregate_NormalNotificationSection|10330|0|com.clientreachai.phperformance|g:Aggregate_NormalNotificationSection
04-14 23:12:07.777 D/PluginAODManager( 2097): onNotificationInfoUpdated() 0|com.clientreachai.phperformance|0|0|com.clientreachai.phperformance|g:Aggregate_NormalNotificationSection|10330|0|com.clientreachai.phperformance|g:Aggregate_NormalNotificationSection
04-14 23:12:07.788 D/PluginAODManager( 2097): onNotificationInfoUpdated() 0|com.clientreachai.phperformance|0|0|com.clientreachai.phperformance|g:Aggregate_NormalNotificationSection|10330|0|com.clientreachai.phperformance|g:Aggregate_NormalNotificationSection
04-14 23:12:38.420 D/PluginAODManager( 2097): onNotificationInfoUpdated() 0|com.clientreachai.phperformance|0|0|com.clientreachai.phperformance|g:Aggregate_NormalNotificationSection|10330|0|com.clientreachai.phperformance|g:Aggregate_NormalNotificationSection
04-14 23:12:38.504 D/PluginAODManager( 2097): onNotificationInfoUpdated() 0|com.clientreachai.phperformance|0|0|com.clientreachai.phperformance|g:Aggregate_NormalNotificationSection|10330|0|com.clientreachai.phperformance|g:Aggregate_NormalNotificationSection
04-14 23:12:38.705 D/PluginAODManager( 2097): onNotificationInfoUpdated() 0|com.clientreachai.phperformance|0|0|com.clientreachai.phperformance|g:Aggregate_NormalNotificationSection|10330|0|com.clientreachai.phperformance|g:Aggregate_NormalNotificationSection
04-14 23:12:38.739 D/PluginAODManager( 2097): onNotificationInfoUpdated() 0|com.clientreachai.phperformance|0|0|com.clientreachai.phperformance|g:Aggregate_NormalNotificationSection|10330|0|com.clientreachai.phperformance|g:Aggregate_NormalNotificationSection
04-14 23:12:43.578 D/PluginAODManager( 2097): onNotificationInfoUpdated() 0|com.clientreachai.phperformance|0|0|com.clientreachai.phperformance|g:Aggregate_NormalNotificationSection|10330|0|com.clientreachai.phperformance|g:Aggregate_NormalNotificationSection
04-14 23:12:43.781 D/PluginAODManager( 2097): onNotificationInfoUpdated() 0|com.clientreachai.phperformance|0|0|com.clientreachai.phperformance|g:Aggregate_NormalNotificationSection|10330|0|com.clientreachai.phperformance|g:Aggregate_NormalNotificationSection
04-14 23:12:43.836 D/PluginAODManager( 2097): onNotificationInfoUpdated() 0|com.clientreachai.phperformance|0|0|com.clientreachai.phperformance|g:Aggregate_NormalNotificationSection|10330|0|com.clientreachai.phperformance|g:Aggregate_NormalNotificationSection
04-14 23:12:55.977 D/PluginAODManager( 2097): onNotificationInfoUpdated() 0|com.clientreachai.phperformance|0|0|com.clientreachai.phperformance|g:Aggregate_NormalNotificationSection|10330|0|com.clientreachai.phperformance|g:Aggregate_NormalNotificationSection
04-14 23:12:56.192 D/PluginAODManager( 2097): onNotificationInfoUpdated() 0|com.clientreachai.phperformance|0|0|com.clientreachai.phperformance|g:Aggregate_NormalNotificationSection|10330|0|com.clientreachai.phperformance|g:Aggregate_NormalNotificationSection
04-14 23:12:56.277 D/PluginAODManager( 2097): onNotificationInfoUpdated() 0|com.clientreachai.phperformance|0|0|com.clientreachai.phperformance|g:Aggregate_NormalNotificationSection|10330|0|com.clientreachai.phperformance|g:Aggregate_NormalNotificationSection
04-14 23:13:06.027 D/PluginAODManager( 2097): onNotificationInfoUpdated() 0|com.clientreachai.phperformance|0|0|com.clientreachai.phperformance|g:Aggregate_NormalNotificationSection|10330|0|com.clientreachai.phperformance|g:Aggregate_NormalNotificationSection
04-14 23:13:06.244 D/PluginAODManager( 2097): onNotificationInfoUpdated() 0|com.clientreachai.phperformance|0|0|com.clientreachai.phperformance|g:Aggregate_NormalNotificationSection|10330|0|com.clientreachai.phperformance|g:Aggregate_NormalNotificationSection
04-14 23:13:06.333 D/PluginAODManager( 2097): onNotificationInfoUpdated() 0|com.clientreachai.phperformance|0|0|com.clientreachai.phperformance|g:Aggregate_NormalNotificationSection|10330|0|com.clientreachai.phperformance|g:Aggregate_NormalNotificationSection
04-14 23:13:15.785 I/HoneySpace.RecentDataListRepositoryImpl[225510182]( 2690): rawData: [RecentData(items=[DefaultTaskData([#taskId 185 : com.clientreachai.phperformance])], displayId=-1, deskId=-1, type=1, name=), RecentData(items=[DefaultTaskData([#taskId 186 : com.twitter.android])], displayId=0, deskId=-1, type=1, name=), RecentData(items=[DefaultTaskData([#taskId 174 : com.android.chrome])], displayId=0, deskId=-1, type=1, name=), RecentData(items=[DefaultTaskData([#taskId 175 : org.telegram.messenger])], displayId=0, deskId=-1, type=1, name=), RecentData(items=[DefaultTaskData([#taskId 177 : com.sec.android.gallery3d])], displayId=0, deskId=-1, type=1, name=), RecentData(items=[DefaultTaskData([#taskId 176 : com.android.settings])], displayId=-1, deskId=-1, type=1, name=)]
