04-14 23:10:31.642 D/PluginAODManager( 2097): onNotificationInfoUpdated() 0|com.clientreachai.phperformance|0|0|com.clientreachai.phperformance|g:Aggregate_NormalNotificationSection|10330|0|com.clientreachai.phperformance|g:Aggregate_NormalNotificationSection
04-14 23:10:31.741 D/PluginAODManager( 2097): onNotificationInfoUpdated() 0|com.clientreachai.phperformance|0|0|com.clientreachai.phperformance|g:Aggregate_NormalNotificationSection|10330|0|com.clientreachai.phperformance|g:Aggregate_NormalNotificationSection
04-14 23:10:31.790 D/PluginAODManager( 2097): onNotificationInfoUpdated() 0|com.clientreachai.phperformance|0|0|com.clientreachai.phperformance|g:Aggregate_NormalNotificationSection|10330|0|com.clientreachai.phperformance|g:Aggregate_NormalNotificationSection
04-14 23:10:31.822 D/PluginAODManager( 2097): onNotificationInfoUpdated() 0|com.clientreachai.phperformance|0|0|com.clientreachai.phperformance|g:Aggregate_NormalNotificationSection|10330|0|com.clientreachai.phperformance|g:Aggregate_NormalNotificationSection
04-14 23:10:31.876 D/PluginAODManager( 2097): onNotificationInfoUpdated() 0|com.clientreachai.phperformance|0|0|com.clientreachai.phperformance|g:Aggregate_NormalNotificationSection|10330|0|com.clientreachai.phperformance|g:Aggregate_NormalNotificationSection
04-14 23:10:32.104 D/PluginAODManager( 2097): onNotificationInfoUpdated() 0|com.clientreachai.phperformance|0|0|com.clientreachai.phperformance|g:Aggregate_NormalNotificationSection|10330|0|com.clientreachai.phperformance|g:Aggregate_NormalNotificationSection
04-14 23:10:32.336 D/PluginAODManager( 2097): onNotificationInfoUpdated() 0|com.clientreachai.phperformance|0|0|com.clientreachai.phperformance|g:Aggregate_NormalNotificationSection|10330|0|com.clientreachai.phperformance|g:Aggregate_NormalNotificationSection
04-14 23:10:32.357 D/PluginAODManager( 2097): onNotificationInfoUpdated() 0|com.clientreachai.phperformance|0|0|com.clientreachai.phperformance|g:Aggregate_NormalNotificationSection|10330|0|com.clientreachai.phperformance|g:Aggregate_NormalNotificationSection
04-14 23:10:35.185 D/PluginAODManager( 2097): onNotificationInfoUpdated() 0|com.clientreachai.phperformance|0|0|com.clientreachai.phperformance|g:Aggregate_NormalNotificationSection|10330|0|com.clientreachai.phperformance|g:Aggregate_NormalNotificationSection
04-14 23:10:35.376 D/PluginAODManager( 2097): onNotificationInfoUpdated() 0|com.clientreachai.phperformance|0|0|com.clientreachai.phperformance|g:Aggregate_NormalNotificationSection|10330|0|com.clientreachai.phperformance|g:Aggregate_NormalNotificationSection
04-14 23:10:35.423 D/PluginAODManager( 2097): onNotificationInfoUpdated() 0|com.clientreachai.phperformance|0|0|com.clientreachai.phperformance|g:Aggregate_NormalNotificationSection|10330|0|com.clientreachai.phperformance|g:Aggregate_NormalNotificationSection
04-14 23:10:36.684 D/PluginAODManager( 2097): onNotificationInfoUpdated() 0|com.clientreachai.phperformance|0|0|com.clientreachai.phperformance|g:Aggregate_NormalNotificationSection|10330|0|com.clientreachai.phperformance|g:Aggregate_NormalNotificationSection
04-14 23:10:36.723 D/PluginAODManager( 2097): onNotificationInfoUpdated() 0|com.clientreachai.phperformance|0|0|com.clientreachai.phperformance|g:Aggregate_NormalNotificationSection|10330|0|com.clientreachai.phperformance|g:Aggregate_NormalNotificationSection
04-14 23:10:36.807 D/PluginAODManager( 2097): onNotificationInfoUpdated() 0|com.clientreachai.phperformance|0|0|com.clientreachai.phperformance|g:Aggregate_NormalNotificationSection|10330|0|com.clientreachai.phperformance|g:Aggregate_NormalNotificationSection
04-14 23:10:36.898 D/PluginAODManager( 2097): onNotificationInfoUpdated() 0|com.clientreachai.phperformance|0|0|com.clientreachai.phperformance|g:Aggregate_NormalNotificationSection|10330|0|com.clientreachai.phperformance|g:Aggregate_NormalNotificationSection
04-14 23:10:36.934 D/PluginAODManager( 2097): onNotificationInfoUpdated() 0|com.clientreachai.phperformance|0|0|com.clientreachai.phperformance|g:Aggregate_NormalNotificationSection|10330|0|com.clientreachai.phperformance|g:Aggregate_NormalNotificationSection
04-14 23:10:37.139 D/PluginAODManager( 2097): onNotificationInfoUpdated() 0|com.clientreachai.phperformance|0|0|com.clientreachai.phperformance|g:Aggregate_NormalNotificationSection|10330|0|com.clientreachai.phperformance|g:Aggregate_NormalNotificationSection
04-14 23:10:37.321 D/PluginAODManager( 2097): onNotificationInfoUpdated() 0|com.clientreachai.phperformance|0|0|com.clientreachai.phperformance|g:Aggregate_NormalNotificationSection|10330|0|com.clientreachai.phperformance|g:Aggregate_NormalNotificationSection
04-14 23:10:37.344 D/PluginAODManager( 2097): onNotificationInfoUpdated() 0|com.clientreachai.phperformance|0|0|com.clientreachai.phperformance|g:Aggregate_NormalNotificationSection|10330|0|com.clientreachai.phperformance|g:Aggregate_NormalNotificationSection
04-14 23:10:55.359 D/PluginAODManager( 2097): onNotificationInfoUpdated() 0|com.clientreachai.phperformance|0|0|com.clientreachai.phperformance|g:Aggregate_NormalNotificationSection|10330|0|com.clientreachai.phperformance|g:Aggregate_NormalNotificationSection
04-14 23:10:55.544 D/PluginAODManager( 2097): onNotificationInfoUpdated() 0|com.clientreachai.phperformance|0|0|com.clientreachai.phperformance|g:Aggregate_NormalNotificationSection|10330|0|com.clientreachai.phperformance|g:Aggregate_NormalNotificationSection
04-14 23:10:55.592 D/PluginAODManager( 2097): onNotificationInfoUpdated() 0|com.clientreachai.phperformance|0|0|com.clientreachai.phperformance|g:Aggregate_NormalNotificationSection|10330|0|com.clientreachai.phperformance|g:Aggregate_NormalNotificationSection
04-14 23:11:09.075 D/PluginAODManager( 2097): onNotificationInfoUpdated() 0|com.clientreachai.phperformance|0|0|com.clientreachai.phperformance|g:Aggregate_NormalNotificationSection|10330|0|com.clientreachai.phperformance|g:Aggregate_NormalNotificationSection
04-14 23:11:09.411 I/HoneySpace.RecentDataListRepositoryImpl[225510182]( 2690): rawData: [RecentData(items=[DefaultTaskData([#taskId 185 : com.clientreachai.phperformance])], displayId=-1, deskId=-1, type=1, name=), RecentData(items=[DefaultTaskData([#taskId 186 : com.twitter.android])], displayId=0, deskId=-1, type=1, name=), RecentData(items=[DefaultTaskData([#taskId 174 : com.android.chrome])], displayId=0, deskId=-1, type=1, name=), RecentData(items=[DefaultTaskData([#taskId 175 : org.telegram.messenger])], displayId=0, deskId=-1, type=1, name=), RecentData(items=[DefaultTaskData([#taskId 177 : com.sec.android.gallery3d])], displayId=0, deskId=-1, type=1, name=), RecentData(items=[DefaultTaskData([#taskId 176 : com.android.settings])], displayId=-1, deskId=-1, type=1, name=)]
04-14 23:11:09.411 I/HoneySpace.RecentDataListRepositoryImpl[225510182]( 2690): visibleData: [RecentData(items=[DefaultTaskData([#taskId 185 : com.clientreachai.phperformance])], displayId=-1, deskId=-1, type=1, name=), RecentData(items=[DefaultTaskData([#taskId 186 : com.twitter.android])], displayId=0, deskId=-1, type=1, name=), RecentData(items=[DefaultTaskData([#taskId 174 : com.android.chrome])], displayId=0, deskId=-1, type=1, name=), RecentData(items=[DefaultTaskData([#taskId 175 : org.telegram.messenger])], displayId=0, deskId=-1, type=1, name=), RecentData(items=[DefaultTaskData([#taskId 177 : com.sec.android.gallery3d])], displayId=0, deskId=-1, type=1, name=), RecentData(items=[DefaultTaskData([#taskId 176 : com.android.settings])], displayId=-1, deskId=-1, type=1, name=)]
04-14 23:11:09.413 I/HoneySpace.TaskListViewModel[39463858]( 2690): recentDataState: RecentDataState(recentData=[RecentData(items=[DefaultTaskData([#taskId 185 : com.clientreachai.phperformance])], displayId=-1, deskId=-1, type=1, name=), RecentData(items=[DefaultTaskData([#taskId 186 : com.twitter.android])], displayId=0, deskId=-1, type=1, name=), RecentData(items=[DefaultTaskData([#taskId 174 : com.android.chrome])], displayId=0, deskId=-1, type=1, name=), RecentData(items=[DefaultTaskData([#taskId 175 : org.telegram.messenger])], displayId=0, deskId=-1, type=1, name=), RecentData(items=[DefaultTaskData([#taskId 177 : com.sec.android.gallery3d])], displayId=0, deskId=-1, type=1, name=), RecentData(items=[DefaultTaskData([#taskId 176 : com.android.settings])], displayId=-1, deskId=-1, type=1, name=)], changeState=KeyguardLockChanged)
04-14 23:11:09.413 I/HoneySpace.TaskListPot[f97100d]( 2690): recentDataState: RecentDataState(recentData=[RecentData(items=[DefaultTaskData([#taskId 185 : com.clientreachai.phperformance])], displayId=-1, deskId=-1, type=1, name=), RecentData(items=[DefaultTaskData([#taskId 186 : com.twitter.android])], displayId=0, deskId=-1, type=1, name=), RecentData(items=[DefaultTaskData([#taskId 174 : com.android.chrome])], displayId=0, deskId=-1, type=1, name=), RecentData(items=[DefaultTaskData([#taskId 175 : org.telegram.messenger])], displayId=0, deskId=-1, type=1, name=), RecentData(items=[DefaultTaskData([#taskId 177 : com.sec.android.gallery3d])], displayId=0, deskId=-1, type=1, name=), RecentData(items=[DefaultTaskData([#taskId 176 : com.android.settings])], displayId=-1, deskId=-1, type=1, name=)], changeState=KeyguardLockChanged)
04-14 23:11:09.413 I/HoneySpace.RecentAdapter[e31eaa4]( 2690): notifyDataSetChanged, prev: KeyguardLockChanged, [RecentData(items=[DefaultTaskData([#taskId 185 : com.clientreachai.phperformance])], displayId=-1, deskId=-1, type=1, name=), RecentData(items=[DefaultTaskData([#taskId 186 : com.twitter.android])], displayId=0, deskId=-1, type=1, name=), RecentData(items=[DefaultTaskData([#taskId 174 : com.android.chrome])], displayId=0, deskId=-1, type=1, name=), RecentData(items=[DefaultTaskData([#taskId 175 : org.telegram.messenger])], displayId=0, deskId=-1, type=1, name=), RecentData(items=[DefaultTaskData([#taskId 177 : com.sec.android.gallery3d])], displayId=0, deskId=-1, type=1, name=), RecentData(items=[DefaultTaskData([#taskId 176 : com.android.settings])], displayId=-1, deskId=-1, type=1, name=)]
04-14 23:11:09.413 I/HoneySpace.RecentAdapter[e31eaa4]( 2690): notifyDataSetChanged, new: KeyguardLockChanged, [RecentData(items=[DefaultTaskData([#taskId 185 : com.clientreachai.phperformance])], displayId=-1, deskId=-1, type=1, name=), RecentData(items=[DefaultTaskData([#taskId 186 : com.twitter.android])], displayId=0, deskId=-1, type=1, name=), RecentData(items=[DefaultTaskData([#taskId 174 : com.android.chrome])], displayId=0, deskId=-1, type=1, name=), RecentData(items=[DefaultTaskData([#taskId 175 : org.telegram.messenger])], displayId=0, deskId=-1, type=1, name=), RecentData(items=[DefaultTaskData([#taskId 177 : com.sec.android.gallery3d])], displayId=0, deskId=-1, type=1, name=), RecentData(items=[DefaultTaskData([#taskId 176 : com.android.settings])], displayId=-1, deskId=-1, type=1, name=)]
04-14 23:11:12.888 I/Pageboost(  991): start alp : com.clientreachai.phperformance
04-14 23:11:12.890 I/Pageboost(  991): alp skip : com.clientreachai.phperformance , 2
04-14 23:11:12.916 D/ShellStartingWindow( 2097): preload Icon com.clientreachai.phperformance
04-14 23:11:12.945 I/Pageboost(  991): onAppLaunch : com.clientreachai.phperformance
04-14 23:11:12.947 D/FreecessController(  991): UFZ : com.clientreachai.phperformance(10330) [16430] reason: activity
04-14 23:11:12.947 D/BaseRestrictionMgr(  991): Package: com.clientreachai.phperformance, userid: 0, hostingType: activity is allowed by freecess, caller is: com.sec.android.app.launcher
04-14 23:11:12.951 V/WindowManager(  991): Collecting in transition 1855: ActivityRecord{205699055 u0 com.clientreachai.phperformance/.MainActivity, caller=com.android.server.wm.TransitionController.collect:7 com.android.server.wm.ActivityStarter.startActivityUnchecked:98 com.android.server.wm.ActivityStarter.executeRequest:3559 com.android.server.wm.ActivityStarter.execute:1752 com.android.server.wm.ActivityTaskManagerService.startActivityAsUser:95 
04-14 23:11:12.951 D/ActivityTaskManager(  991): DesktopModeLaunchParamsModifier: task=null activity=ActivityRecord{205699055 u0 com.clientreachai.phperformance/.MainActivity t-1} task null, skipping
04-14 23:11:12.951 D/ActivityTaskManager(  991): TaskLaunchParamsModifier:task=null activity=ActivityRecord{205699055 u0 com.clientreachai.phperformance/.MainActivity t-1} display-from-option=0 display-id=0 task-display-area-windowing-mode=1 suggested-display-area=DefaultTaskDisplayArea_d0@179267001
04-14 23:11:12.951 D/ActivityTaskManager(  991): DesktopModeLaunchParamsModifier: task=Task{4d03465 #188 type=standard A=10330:com.clientreachai.phperformance} activity=ActivityRecord{205699055 u0 com.clientreachai.phperformance/.MainActivity t-1} non-desktop, skipping
04-14 23:11:12.951 D/ActivityTaskManager(  991): TaskLaunchParamsModifier:task=Task{4d03465 #188 type=standard A=10330:com.clientreachai.phperformance} activity=ActivityRecord{205699055 u0 com.clientreachai.phperformance/.MainActivity t-1} display-from-option=0 display-id=0 task-display-area-windowing-mode=1 suggested-display-area=DefaultTaskDisplayArea_d0@179267001 inherit-from-source=fullscreen non-freeform-task-display-area display-area=DefaultTaskDisplayArea_d0@179267001 activity-requested-portrait freeform-size-mismatch=Rect(81, 604 - 999, 1774)
04-14 23:11:12.951 D/ActivityTaskManager(  991): DesktopModeLaunchParamsModifier: task=Task{4d03465 #188 type=standard A=10330:com.clientreachai.phperformance} activity=ActivityRecord{205699055 u0 com.clientreachai.phperformance/.MainActivity t-1} non-desktop, skipping
04-14 23:11:12.952 D/ActivityTaskManager(  991): TaskLaunchParamsModifier:task=Task{4d03465 #188 type=standard A=10330:com.clientreachai.phperformance} activity=ActivityRecord{205699055 u0 com.clientreachai.phperformance/.MainActivity t-1} display-from-option=0 display-id=0 task-display-area-windowing-mode=1 suggested-display-area=DefaultTaskDisplayArea_d0@179267001 inherit-from-source=fullscreen non-freeform-task-display-area display-area=DefaultTaskDisplayArea_d0@179267001 activity-requested-portrait freeform-size-mismatch=Rect(81, 604 - 999, 1774)
04-14 23:11:12.952 I/Pageboost(  991): moveTaskToFront : 10330:com.clientreachai.phperformance
04-14 23:11:12.953 V/WindowManager(  991): Add starting ActivityRecord{95553884 u0 com.clientreachai.phperformance/.MainActivity t188}: startingData=SnapshotStartingData{11d4d85 removeAfterTransaction= 0}
04-14 23:11:12.954 V/WindowManager(  991): Added starting ActivityRecord{95553884 u0 com.clientreachai.phperformance/.MainActivity t188}: startingWindow=null startingView=com.android.server.wm.StartingSurfaceController$StartingSurface@f6b7da
04-14 23:11:12.955 V/WindowManager(  991): Collecting in transition 1855: ActivityRecord{205699055 u0 com.clientreachai.phperformance/.MainActivity t-1}, caller=com.android.server.wm.Transition.collectExistenceChange:40 com.android.server.wm.ActivityStarter.handleStartResult:761 com.android.server.wm.ActivityStarter.startActivityUnchecked:124 com.android.server.wm.ActivityStarter.executeRequest:3559 com.android.server.wm.ActivityStarter.execute:1752 
04-14 23:11:12.955 V/WindowManager(  991):    ChangeInfo{9ea3d01 container=ActivityRecord{205699055 u0 com.clientreachai.phperformance/.MainActivity t-1} flags=0x0}
04-14 23:11:12.957 I/ActivityTaskManager(  991): START u0 {act=android.intent.action.MAIN cat=[android.intent.category.LAUNCHER] flg=0x10200000 xflg=0x4 cmp=com.clientreachai.phperformance/.MainActivity bnds=[290,822][539,1107]} with LAUNCH_SINGLE_TASK from uid 10147 (sr=245472510) (BAL_ALLOW_VISIBLE_WINDOW) result code=2
04-14 23:11:12.957 V/WindowManagerShell( 2097): Transition requested (#1855): android.os.BinderProxy@4721988 TransitionRequestInfo { type = OPEN, triggerTask = TaskInfo{userId=0 taskId=188 effectiveUid=10330 displayId=0 isRunning=true baseIntent=Intent { act=android.intent.action.MAIN cat=[android.intent.category.LAUNCHER] flg=0x10000000 pkg=com.clientreachai.phperformance cmp=com.clientreachai.phperformance/.MainActivity } baseActivity=ComponentInfo{com.clientreachai.phperformance/com.clientreachai.phperformance.MainActivity} topActivity=ComponentInfo{com.clientreachai.phperformance/com.clientreachai.phperformance.MainActivity} origActivity=null realActivity=ComponentInfo{com.clientreachai.phperformance/com.clientreachai.phperformance.MainActivity} numActivities=1 lastActiveTime=25664006 supportsMultiWindow=true resizeMode=1 isResizeable=true minWidth=-1 minHeight=-1 maxWidth=-1 maxHeight=-1 defaultMinSize=220 desktopDefaultMinSize=304 token=WCT{android.window.IWindowContainerToken$Stub$Proxy@f8c7f21} topActivityType=1 pictureInPictureParams=null shouldDockBigOverlays=false launchIntoPipHostTaskId=-1 lastParentTaskIdBeforePip=-1 displayCutoutSafeInsets=Rect(0, 80 - 0, 0) topActivityInfo=ActivityInfo{2145f46 com.clientreachai.phperformance.MainActivity} launchCookies=[android.os.BinderProxy@dd81507] positionInParent=Point(0, 0) parentTaskId=-1 isFocused=false isVisible=false isVisibleRequested=false isTopActivityNoDisplay=false isSleeping=false locusId=null displayAreaFeatureId=1 isTopActivityTransparent=false isActivityStackTransparent=false lastNonFullscreenBounds=Rect(81, 604 - 999, 1774) capturedLink=null capturedLinkTimestamp=0 requestedVisibleTypes=-9 topActivityRequestOpenInBrowserEducationTimestamp=0 appCompatTaskInfo=AppCompatTaskInfo { topActivityInSizeCompat=false eligibleForLetterboxEducation= false isLetterboxEducationEnabled= false isLetterboxDoubleTapEnabled= false eligibleForUserAspectRatioButton= false topActivityBoundsLetterboxed= false isFromLetterboxDoubleTap= false topActivityLetterboxVerticalPosition= -1 topActivityLetterboxHorizontalPosition= -1 topActivityLetterboxWidth=-1 topActivityLetterboxHeight=-1 topActivityAppBounds=Rect(0, 0 - 1080, 2340) isUserFullscreenOverrideEnabled=false isSystemFullscreenOverrideEnabled=false hasMinAspectRatioOverride=false topActivityLetterboxBounds=null cameraCompatTaskInfo=CameraCompatTaskInfo { freeformCameraCompatMode=inactive} topActivityBounds=null topActivityInDisplayCompat=false singleTapFromLetterbox=false} topActivityMainWindowFrame=null originallySupportedMultiWindow=true hasWallpaper=false rootAffinity=10330:com.clientreachai.phperformance isTopTaskInStage=false CoverLauncherWidgetTask=false LaunchedFromAppsCoverLauncherTask=false LaunchedFromMultistarCoverLauncherTask=false isAllowedSeamlessRotation=false isTopTransparentActivity=false isAliasManaged=false hasConfigChanged=false snappingGuideBounds=null isAiKeyRemoveAppTask=false lastDesktopWindowingBounds=null lastExternalDesktopWindowingBounds=null safeCutoutInsets=null}, pipChange = null, remoteTransition = RemoteTransition { remoteTransition = android.window.IRemoteTransition$Stub$Proxy@5d34634, appThread = android.app.IApplicationThread$Stub$Proxy@a90ec5d, debugName = QuickstepLaunchflags =NONE }, displayChange = null, flags = 0, debugId = 1855 }
04-14 23:11:12.958 I/HoneySpace.SALoggingUtils( 2690): SA Logging screenID: 201 eventId: 1001 detail: {PackageName=com.clientreachai.phperformance, det=3} value: -1
04-14 23:11:12.959 I/HoneySpace.SuggestedAppsRepositoryImpl( 2690): sendSuggestedAppsLaunchTarget: ComponentInfo{com.clientreachai.phperformance/com.clientreachai.phperformance.MainActivity}
04-14 23:11:12.964 V/WindowManager(  991): Collecting in transition 1855: ActivityRecord{95553884 u0 com.clientreachai.phperformance/.MainActivity t188}, caller=com.android.server.wm.TransitionController.collect:7 com.android.server.wm.ActivityRecord.setVisibility:132 com.android.server.wm.TaskFragment.resumeTopActivity:1662 com.android.server.wm.Task.resumeTopActivityInnerLocked:138 com.android.server.wm.Task.resumeTopActivityUncheckedLocked:23 
04-14 23:11:12.964 D/WindowManager(  991): prepareSync <SYNC_STATE_WAITING_FOR_DRAW>, mPrepareSyncSeqId=0, win=Window{95de89a u0 com.clientreachai.phperformance/com.clientreachai.phperformance.MainActivity}
04-14 23:11:12.964 I/PerProcessNandswap$NandswapMsgHandler(  991): madvise_prefetch for com.clientreachai.phperformance
04-14 23:11:12.964 V/WindowManager(  991): Setting visibility of Window{95de89a u0 com.clientreachai.phperformance/com.clientreachai.phperformance.MainActivity}: true, caller=com.android.server.wm.WindowContainer.sendAppVisibilityToClients:19 com.android.server.wm.WindowToken.setClientVisible:48 com.android.server.wm.ActivityRecord.setVisibility:486 com.android.server.wm.TaskFragment.resumeTopActivity:1662 com.android.server.wm.Task.resumeTopActivityInnerLocked:138 
04-14 23:11:12.966 D/SGM:FgCheckThread(  991):   sendRunningComponentFocus(), pkgName: com.clientreachai.phperformance, userId: 0
04-14 23:11:12.966 D/WindowManagerShell( 2097): onActivityRestartAttempt: topActivity=ComponentInfo{com.clientreachai.phperformance/com.clientreachai.phperformance.MainActivity}, wasVisible=false
04-14 23:11:12.966 D/InputDispatcher(  991): Focused application(0): ActivityRecord{95553884 u0 com.clientreachai.phperformance/.MainActivity t188}
04-14 23:11:12.969 D/ActivityTaskManager(  991): scheduleTopResumedActivityChanged, onTop=true, r=ActivityRecord{95553884 u0 com.clientreachai.phperformance/.MainActivity t188}, caller=com.android.server.wm.ActivityTaskSupervisor.scheduleTopResumedActivityStateIfNeeded:18 com.android.server.wm.ActivityTaskSupervisor.updateTopResumedActivityIfNeeded:54 com.android.server.wm.TaskFragment.setResumedActivity:30 com.android.server.wm.ActivityRecord.setState:100 com.android.server.wm.TaskFragment.resumeTopActivity:1705 com.android.server.wm.Task.resumeTopActivityInnerLocked:138 
04-14 23:11:12.969 D/SGM:FgCheckThread(  991): onLooperPrepared(), msg: MSG_TASK_FOCUSED, pkgName: com.clientreachai.phperformance, userId: 0
04-14 23:11:12.969 D/SGM:FgCheckThread(  991):   handleTaskFocused(), pkgName: com.clientreachai.phperformance, userID:0 mResumedPkgMap does not containsKey.
04-14 23:11:12.970 D/WindowManager(  991): rotationForOrientation, orientationSource=ActivityRecord{95553884 u0 com.clientreachai.phperformance/.MainActivity t188}
04-14 23:11:12.971 D/WindowManagerServiceExt(  991): updateTaskbarTargetIfNeeded: cn=ComponentInfo{com.clientreachai.phperformance/com.clientreachai.phperformance.MainActivity} occludesParent=true isInSplitScreenMode=false
04-14 23:11:12.972 D/SurfaceComposerClient(  991): setCornerRadius ## 95de89a com.clientreachai.phperformance/com.clientreachai.phperformance.MainActivity#25558 cornerRadius=0.000000
04-14 23:11:12.974 D/BLASTSyncEngine(  991): SyncGroup 1855:  Unfinished container: ActivityRecord{95553884 u0 com.clientreachai.phperformance/.MainActivity t188} mSyncState=2
04-14 23:11:12.976 I/HoneySpace.TopTaskUseCase( 2690): topTasks 188 ComponentInfo{com.clientreachai.phperformance/com.clientreachai.phperformance.MainActivity}[displayId=0]
04-14 23:11:12.979 I/HoneySpace.EdgePanel.EdgePanelContainerViewModel( 2690): cocktailHostRepository.edgePanelOperation NoteResumeComponent(componentName=ComponentInfo{com.clientreachai.phperformance/com.clientreachai.phperformance.MainActivity})
04-14 23:11:12.979 I/HoneySpace.EdgePanel.ActivityUtils( 2690): HomePackage : com.sec.android.app.launcher, resumePackageName : com.clientreachai.phperformance, className : com.clientreachai.phperformance.MainActivity
04-14 23:11:12.980 V/WindowManager(  991): addWindow: ActivityRecord{95553884 u0 com.clientreachai.phperformance/.MainActivity t188} startingWindow=Window{bccd57e u0 SnapshotStartingWindow for taskId=188}
04-14 23:11:12.984 D/SurfaceComposerClient(  991): setCornerRadius ## 95de89a com.clientreachai.phperformance/com.clientreachai.phperformance.MainActivity#25558 cornerRadius=0.000000
04-14 23:11:12.985 D/BLASTSyncEngine(  991): SyncGroup 1855:  Unfinished container: ActivityRecord{95553884 u0 com.clientreachai.phperformance/.MainActivity t188} mSyncState=2
04-14 23:11:12.987 D/SGM:FgCheckThread(  991): noteResumeComponent(), received pkgName: com.clientreachai.phperformance, userId: 0
04-14 23:11:12.987 D/SGM:FgCheckThread(  991): onLooperPrepared(), msg: MSG_APP_RESUME, pkgName: com.clientreachai.phperformance, userid: 0
04-14 23:11:12.988 D/SGM:FgCheckThread(  991):   handleResume(). pkgName: com.clientreachai.phperformance, userId: 0, category: non-game
04-14 23:11:12.988 D/SGM:FgCheckThread(  991): notifyFocusInOut(). of pkg: com.clientreachai.phperformance, type: 4, isSecGameFamily: false, userId: 0
04-14 23:11:12.990 I/SDHMS:k ( 3901): handleResumeComponent : put = com.clientreachai.phperformance, userid = 0 instanceid =129713466
04-14 23:11:12.994 I/RequestManager_FLP( 3461): onOpChanged, op=0 / packageName=com.clientreachai.phperformance
04-14 23:11:12.997 D/SurfaceComposerClient(  991): setCornerRadius ## 95de89a com.clientreachai.phperformance/com.clientreachai.phperformance.MainActivity#25558 cornerRadius=0.000000
04-14 23:11:12.997 D/ChangeTransitionController(  991):    ChangeInfo{2e3f265 container=Task{4d03465 #188 type=standard A=10330:com.clientreachai.phperformance} flags=0x0}
04-14 23:11:12.997 D/ChangeTransitionController(  991):    ChangeInfo{11543eb container=ActivityRecord{95553884 u0 com.clientreachai.phperformance/.MainActivity t188} flags=0x0}
04-14 23:11:12.997 D/ChangeTransitionController(  991):    ChangeInfo{9ea3d01 container=ActivityRecord{205699055 u0 com.clientreachai.phperformance/.MainActivity t-1} flags=0x0}
04-14 23:11:12.998 V/WindowManager(  991): Start calculating TransitionInfo based on participants: {Task{4d03465 #188 type=standard A=10330:com.clientreachai.phperformance}, ActivityRecord{95553884 u0 com.clientreachai.phperformance/.MainActivity t188}, ActivityRecord{205699055 u0 com.clientreachai.phperformance/.MainActivity t-1}, ActivityRecord{245472510 u0 com.sec.android.app.launcher/.activities.LauncherActivity t8}, WallpaperWindowToken{ea6f929 showWhenLocked=true}_<lock>, WallpaperWindowToken{f78bb86 showWhenLocked=false}_<system>}
04-14 23:11:12.998 V/WindowManager(  991):   Final targets: [ChangeInfo{2e3f265 container=Task{4d03465 #188 type=standard A=10330:com.clientreachai.phperformance} flags=0x30}, ChangeInfo{e072b3a container=Task{532e262 #1 type=home} flags=0x10}, ChangeInfo{70233c7 container=WallpaperWindowToken{f78bb86 showWhenLocked=false}_<system> flags=0x0}]
04-14 23:11:13.000 I/SurfaceControlRegistry(  991): show, t=StartTransaction_SyncId<1855> sc=ActivityRecord{95553884 u0 com.clientreachai.phperformance/.MainActivity t188}, caller=android.view.SurfaceControl$Transaction.show:3557 com.android.server.wm.Transition.onTransactionReady:2048 com.android.server.wm.BLASTSyncEngine$SyncGroup.finishNow:240 com.android.server.wm.BLASTSyncEngine.onSurfacePlacement:263 com.android.server.wm.RootWindowContainer.performSurfacePlacementNoTrace:1083 com.android.server.wm.WindowSurfacePlacer.performSurfacePlacement:166 
04-14 23:11:13.001 V/WindowManager(  991):         {WCT{RemoteToken{c08758d Task{4d03465 #188 type=standard A=10330:com.clientreachai.phperformance}}} m=TO_FRONT f=MOVE_TO_TOP leash=Surface(name=Task=188)/@0xf444eb7 sb=Rect(0, 0 - 1080, 2340) eb=Rect(0, 0 - 1080, 2340) epz=Point(1080, 2340) d=0 taskParent=-1 inset=Rect(0, 80 - 0, 42) dim=true},
04-14 23:11:13.003 I/SurfaceFlinger(  866): [bccd57e SnapshotStartingWindow for taskId=188#25887] attach to parent LayerHierarchy{RequestedLayerState{ActivityRecord{95553884 u0 com.clientreachai.phperformance/.MainActivity t188}#25553 parentId=25552} 3 children}
04-14 23:11:13.003 V/WindowManager(  991): Sent Transition (#1855) createdAt=04-14 23:11:12.950 via request=TransitionRequestInfo { type = OPEN, triggerTask = TaskInfo{userId=0 taskId=188 effectiveUid=10330 displayId=0 isRunning=true baseIntent=Intent { act=android.intent.action.MAIN cat=[android.intent.category.LAUNCHER] flg=0x10000000 pkg=com.clientreachai.phperformance cmp=com.clientreachai.phperformance/.MainActivity } baseActivity=ComponentInfo{com.clientreachai.phperformance/com.clientreachai.phperformance.MainActivity} topActivity=ComponentInfo{com.clientreachai.phperformance/com.clientreachai.phperformance.MainActivity} origActivity=null realActivity=ComponentInfo{com.clientreachai.phperformance/com.clientreachai.phperformance.MainActivity} numActivities=1 lastActiveTime=25664006 supportsMultiWindow=true resizeMode=1 isResizeable=true minWidth=-1 minHeight=-1 maxWidth=-1 maxHeight=-1 defaultMinSize=220 desktopDefaultMinSize=304 token=WCT{RemoteToken{c08758d Task{4d03465 #188 type=standard A=10330:com.clientreachai.phperformance}}} topActivityType=1 pictureInPictureParams=null shouldDockBigOverlays=false launchIntoPipHostTaskId=-1 lastParentTaskIdBeforePip=-1 displayCutoutSafeInsets=Rect(0, 80 - 0, 0) topActivityInfo=ActivityInfo{8d7091d com.clientreachai.phperformance.MainActivity} launchCookies=[android.os.BinderProxy@1c3e792] positionInParent=Point(0, 0) parentTaskId=-1 isFocused=false isVisible=false isVisibleRequested=false isTopActivityNoDisplay=false isSleeping=false locusId=null displayAreaFeatureId=1 isTopActivityTransparent=false isActivityStackTransparent=false lastNonFullscreenBounds=Rect(81, 604 - 999, 1774) capturedLink=null capturedLinkTimestamp=0 requestedVisibleTypes=-9 topActivityRequestOpenInBrowserEducationTimestamp=0 appCompatTaskInfo=AppCompatTaskInfo { topActivityInSizeCompat=false eligibleForLetterboxEducation= false isLetterboxEducationEnabled= false isLetterboxDoubleTapEnabled= false eligibleForUserAspectRatioButton= false topActivityBoundsLetterboxed= false isFromLetterboxDoubleTap= false topActivityLetterboxVerticalPosition= -1 topActivityLetterboxHorizontalPosition= -1 topActivityLetterboxWidth=-1 topActivityLetterboxHeight=-1 topActivityAppBounds=Rect(0, 0 - 1080, 2340) isUserFullscreenOverrideEnabled=false isSystemFullscreenOverrideEnabled=false hasMinAspectRatioOverride=false topActivityLetterboxBounds=null cameraCompatTaskInfo=CameraCompatTaskInfo { freeformCameraCompatMode=inactive} topActivityBounds=null topActivityInDisplayCompat=false singleTapFromLetterbox=false} topActivityMainWindowFrame=null originallySupportedMultiWindow=true hasWallpaper=false rootAffinity=10330:com.clientreachai.phperformance isTopTaskInStage=false CoverLauncherWidgetTask=false LaunchedFromAppsCoverLauncherTask=false LaunchedFromMultistarCoverLauncherTask=false isAllowedSeamlessRotation=false isTopTransparentActivity=false isAliasManaged=false hasConfigChanged=false snappingGuideBounds=null isAiKeyRemoveAppTask=false lastDesktopWindowingBounds=null lastExternalDesktopWindowingBounds=null safeCutoutInsets=null}, pipChange = null, remoteTransition = RemoteTransition { remoteTransition = android.window.IRemoteTransition$Stub$Proxy@de44563, appThread = android.app.IApplicationThread$Stub$Proxy@4e7e560, debugName = QuickstepLaunchflags =NONE }, displayChange = null, flags = 0, debugId = 1855 }
04-14 23:11:13.003 V/WindowManager(  991):         {WCT{RemoteToken{c08758d Task{4d03465 #188 type=standard A=10330:com.clientreachai.phperformance}}} m=TO_FRONT f=MOVE_TO_TOP leash=Surface(name=Task=188)/@0xf444eb7 sb=Rect(0, 0 - 1080, 2340) eb=Rect(0, 0 - 1080, 2340) epz=Point(1080, 2340) d=0 taskParent=-1 inset=Rect(0, 80 - 0, 42) dim=true},
04-14 23:11:13.008 D/InsetsSourceProvider(  991): updateControlForTarget: control=InsetsSourceControl: {d27a0000 mType=statusBars initiallyVisible mSurfacePosition=Point(0, 0) mInsetsHint=Insets{left=0, top=80, right=0, bottom=0}}, target=Window{95de89a u0 com.clientreachai.phperformance/com.clientreachai.phperformance.MainActivity}, from=com.android.server.wm.InsetsStateController.onControlTargetChanged:83 com.android.server.wm.InsetsPolicy.updateBarControlTarget:212 com.android.server.wm.DisplayPolicy.updateSystemBarAttributes:262 com.android.server.wm.DisplayPolicy.finishPostLayoutPolicyLw:17 com.android.server.wm.RootWindowContainer.applySurfaceChangesTransaction$1:195 
04-14 23:11:13.011 D/InsetsSourceProvider(  991): updateControlForTarget: control=InsetsSourceControl: {849b0001 mType=navigationBars initiallyVisible mSurfacePosition=Point(0, 2205) mInsetsHint=Insets{left=0, top=0, right=0, bottom=42}}, target=Window{95de89a u0 com.clientreachai.phperformance/com.clientreachai.phperformance.MainActivity}, from=com.android.server.wm.InsetsStateController.onControlTargetChanged:83 com.android.server.wm.InsetsPolicy.updateBarControlTarget:225 com.android.server.wm.DisplayPolicy.updateSystemBarAttributes:262 com.android.server.wm.DisplayPolicy.finishPostLayoutPolicyLw:17 com.android.server.wm.RootWindowContainer.applySurfaceChangesTransaction$1:195 
04-14 23:11:13.011 D/WindowManager(  991): updateSystemBarAttributes: displayId=0, focusedCanBeNavColorWin=false, win=Window{95de89a u0 com.clientreachai.phperformance/com.clientreachai.phperformance.MainActivity}, navColorWin=Window{15ab101 u0 com.sec.android.app.launcher/com.sec.android.app.launcher.activities.LauncherActivity}, caller=com.android.server.wm.DisplayPolicy.finishPostLayoutPolicyLw:17 com.android.server.wm.RootWindowContainer.applySurfaceChangesTransaction$1:195 com.android.server.wm.RootWindowContainer.performSurfacePlacementNoTrace:59 
04-14 23:11:13.011 D/SurfaceComposerClient(  991): setCornerRadius ## 95de89a com.clientreachai.phperformance/com.clientreachai.phperformance.MainActivity#25558 cornerRadius=0.000000
04-14 23:11:13.014 D/SGM:GameManager(  991): identifyForegroundApp. com.clientreachai.phperformance, mCurrentUserId: 0, callerUserId: 0
04-14 23:11:13.015 D/SGM:GameManager(  991): identifyForegroundApp. com.clientreachai.phperformance, mCurrentUserId: 0, callerUserId: 0
04-14 23:11:13.030 D/SurfaceComposerClient(  991): setCornerRadius ## 95de89a com.clientreachai.phperformance/com.clientreachai.phperformance.MainActivity#25558 cornerRadius=0.000000
04-14 23:11:13.035 D/SurfaceComposerClient(  991): setCornerRadius ## 95de89a com.clientreachai.phperformance/com.clientreachai.phperformance.MainActivity#25558 cornerRadius=0.000000
04-14 23:11:13.036 D/SGM:GameManager(  991): identifyForegroundApp. com.clientreachai.phperformance, mCurrentUserId: 0, callerUserId: 0
04-14 23:11:13.040 D/NavigationBar( 2097): onSystemBarAttributesChanged() -  displayId:0, appearance:8, packageName: com.clientreachai.phperformance (APPEARANCE_LIGHT_STATUS_BARS ), navbarColorManagedByIme:false
04-14 23:11:13.057 D/SGM:GameManager(  991): identifyGamePackage. com.clientreachai.phperformance, mCurrentUserId: 0, callingMethodInfo: com.samsung.android.game.IGameManagerService$Stub.onTransact(IGameManagerService.java:247)
04-14 23:11:13.072 D/VRI[MainActivity]@7c9e689(16430): WindowStopped on com.clientreachai.phperformance/com.clientreachai.phperformance.MainActivity set to false
04-14 23:11:13.122 D/MdnieScenarioControlService(  991):  packageName : com.clientreachai.phperformance    className : com.clientreachai.phperformance.MainActivity
04-14 23:11:13.258 I/WindowManager(  991): Relayout Window{95de89a u0 com.clientreachai.phperformance/com.clientreachai.phperformance.MainActivity}: viewVisibility=0 req=1080x2340 ty=1 d0
04-14 23:11:13.258 I/SurfaceFlinger(  866): id=25895 createSurf, flag=44004, com.clientreachai.phperformance/com.clientreachai.phperformance.MainActivity$_16430#25895
04-14 23:11:13.260 D/WindowManager(  991): makeSurface duration=3 name=com.clientreachai.phperformance/com.clientreachai.phperformance.MainActivity$_16430
04-14 23:11:13.261 D/SurfaceComposerClient(  991): setCornerRadius ## 95de89a com.clientreachai.phperformance/com.clientreachai.phperformance.MainActivity#25558 cornerRadius=0.000000
04-14 23:11:13.261 D/WindowManager(  991): updateSystemBarAttributes: displayId=0, focusedCanBeNavColorWin=false, win=Window{95de89a u0 com.clientreachai.phperformance/com.clientreachai.phperformance.MainActivity}, navColorWin=Window{95de89a u0 com.clientreachai.phperformance/com.clientreachai.phperformance.MainActivity}, caller=com.android.server.wm.DisplayPolicy.finishPostLayoutPolicyLw:17 com.android.server.wm.RootWindowContainer.applySurfaceChangesTransaction$1:195 com.android.server.wm.RootWindowContainer.performSurfacePlacementNoTrace:59 
04-14 23:11:13.262 D/SurfaceComposerClient(  991): setCornerRadius ## 95de89a com.clientreachai.phperformance/com.clientreachai.phperformance.MainActivity#25558 cornerRadius=0.000000
04-14 23:11:13.262 D/NavigationBar( 2097): onSystemBarAttributesChanged() -  displayId:0, appearance:24, packageName: com.clientreachai.phperformance (APPEARANCE_LIGHT_STATUS_BARS APPEARANCE_LIGHT_NAVIGATION_BARS ), navbarColorManagedByIme:false
04-14 23:11:13.262 D/WindowManager(  991): Changing focus from null to Window{95de89a u0 com.clientreachai.phperformance/com.clientreachai.phperformance.MainActivity} displayId=0 Callers=com.android.server.wm.WindowManagerService.relayoutWindow:1366 com.android.server.wm.Session.relayout:27 android.view.IWindowSession$Stub.onTransact:829 com.android.server.wm.Session.onTransact:1 
04-14 23:11:13.263 V/SystemKeyManager(  991): updateFocusedWindow() is called, com.clientreachai.phperformance/com.clientreachai.phperformance.MainActivity
04-14 23:11:13.264 I/InsetsSourceConsumer(16430): applyRequestedVisibilityToControl: visible=true, type=statusBars, host=com.clientreachai.phperformance/com.clientreachai.phperformance.MainActivity
04-14 23:11:13.265 I/InsetsSourceConsumer(16430): applyRequestedVisibilityToControl: visible=true, type=navigationBars, host=com.clientreachai.phperformance/com.clientreachai.phperformance.MainActivity
04-14 23:11:13.269 I/SurfaceFlinger(  866): [com.clientreachai.phperformance/com.clientreachai.phperformance.MainActivity$_16430#25895] attach to parent LayerHierarchy{RequestedLayerState{95de89a com.clientreachai.phperformance/com.clientreachai.phperformance.MainActivity#25558 parentId=25553} 1 children}
04-14 23:11:13.296 V/WindowManager(  991):    ChangeInfo{2e3f265 container=Task{4d03465 #188 type=standard A=10330:com.clientreachai.phperformance} flags=0x30}
04-14 23:11:13.296 V/WindowManager(  991):    ChangeInfo{11543eb container=ActivityRecord{95553884 u0 com.clientreachai.phperformance/.MainActivity t188} flags=0x0}
04-14 23:11:13.296 V/WindowManager(  991):    ChangeInfo{9ea3d01 container=ActivityRecord{205699055 u0 com.clientreachai.phperformance/.MainActivity t-1} flags=0x0}
04-14 23:11:13.296 D/SurfaceFlinger(  866): [input] setFocusedWindow: 95de89a com.clientreachai.phperformance/com.clientreachai.phperformance.MainActivity
04-14 23:11:13.297 D/InputDispatcher(  991): Once focus requested (0): 95de89a com.clientreachai.phperformance/com.clientreachai.phperformance.MainActivity
04-14 23:11:13.297 D/InputDispatcher(  991): Focus request (0): 95de89a com.clientreachai.phperformance/com.clientreachai.phperformance.MainActivity but waiting because NO_WINDOW
04-14 23:11:13.301 D/ChangeTransitionController(  991):    ChangeInfo{2e3f265 container=Task{4d03465 #188 type=standard A=10330:com.clientreachai.phperformance} flags=0x30}
04-14 23:11:13.301 D/ChangeTransitionController(  991):    ChangeInfo{11543eb container=ActivityRecord{95553884 u0 com.clientreachai.phperformance/.MainActivity t188} flags=0x0}
04-14 23:11:13.301 D/ChangeTransitionController(  991):    ChangeInfo{9ea3d01 container=ActivityRecord{205699055 u0 com.clientreachai.phperformance/.MainActivity t-1} flags=0x0}
04-14 23:11:13.312 D/SurfaceComposerClient(  991): setCornerRadius ## 95de89a com.clientreachai.phperformance/com.clientreachai.phperformance.MainActivity#25558 cornerRadius=0.000000
04-14 23:11:13.313 D/SurfaceComposerClient(  991): setCornerRadius ## 95de89a com.clientreachai.phperformance/com.clientreachai.phperformance.MainActivity#25558 cornerRadius=0.000000
04-14 23:11:13.347 D/SurfaceComposerClient(  991): setCornerRadius ## 95de89a com.clientreachai.phperformance/com.clientreachai.phperformance.MainActivity#25558 cornerRadius=0.000000
04-14 23:11:13.349 D/SurfaceComposerClient(  991): setCornerRadius ## 95de89a com.clientreachai.phperformance/com.clientreachai.phperformance.MainActivity#25558 cornerRadius=0.000000
04-14 23:11:13.412 I/SurfaceFlinger(  866): [com.clientreachai.phperformance/com.clientreachai.phperformance.MainActivity$_16430#25895] setTransactionState with the first frame. bufferData(ID: 70566312673287, frameNumber: 1)
04-14 23:11:13.413 D/WindowManager(  991): finishDrawingWindow: Window{95de89a u0 com.clientreachai.phperformance/com.clientreachai.phperformance.MainActivity} mDrawState=DRAW_PENDING seqId=0
04-14 23:11:13.414 D/SurfaceComposerClient(  991): setCornerRadius ## 95de89a com.clientreachai.phperformance/com.clientreachai.phperformance.MainActivity#25558 cornerRadius=0.000000
04-14 23:11:13.414 V/WindowManager(  991): Finish starting ActivityRecord{95553884 u0 com.clientreachai.phperformance/.MainActivity t188}: first real window is shown, no animation
04-14 23:11:13.417 V/WindowManager(  991): performShowLocked: mDrawState=HAS_DRAWN in Window{95de89a u0 com.clientreachai.phperformance/com.clientreachai.phperformance.MainActivity}
04-14 23:11:13.417 D/SurfaceComposerClient(  991): setCornerRadius ## 95de89a com.clientreachai.phperformance/com.clientreachai.phperformance.MainActivity#25558 cornerRadius=0.000000
04-14 23:11:13.418 D/SurfaceComposerClient(  991): setCornerRadius ## 95de89a com.clientreachai.phperformance/com.clientreachai.phperformance.MainActivity#25558 cornerRadius=0.000000
04-14 23:11:13.418 D/SurfaceComposerClient(  991): setCornerRadius ## 95de89a com.clientreachai.phperformance/com.clientreachai.phperformance.MainActivity#25558 cornerRadius=0.000000
04-14 23:11:13.422 V/WindowManager(  991): Schedule remove starting ActivityRecord{95553884 u0 com.clientreachai.phperformance/.MainActivity t188} startingWindow=Window{bccd57e u0 SnapshotStartingWindow for taskId=188} animate=false Callers=com.android.server.wm.ActivityRecord.removeStartingWindow:178 com.android.server.wm.ActivityRecord.onCopySplashScreenFinish:56 com.android.server.wm.ActivityTaskManagerService.onSplashScreenViewCopyFinished:41 android.app.IActivityTaskManager$Stub.onTransact:2657 com.android.server.wm.ActivityTaskManagerService.onTransact:1 
04-14 23:11:13.433 I/PkgPredictorService-SecIpmManagerServiceImpl(  991): reportToNAP uid:10330 com.clientreachai.phperformance/com.clientreachai.phperformance.MainActivity thisTime:469
04-14 23:11:13.436 I/SurfaceFlinger(  866): RequestedLayer [com.clientreachai.phperformance/com.[...]erformance.MainActivity$_16430#25895] hidden!! flag  from(1) --> to(0)
04-14 23:11:13.445 D/SurfaceFlinger(  866):        DEVICE |           70566312673287 | 00002102 | RGBA_8888    |    0.0    0.0 1080.0 2340.0 |    0    0 1080 2340 | com.clientreachai.phperformance/com.[...]erformance.MainActivity$_16430#25895 (1)
04-14 23:11:13.445 D/InputDispatcher(  991): Focus entered window (0): 95de89a com.clientreachai.phperformance/com.clientreachai.phperformance.MainActivity
04-14 23:11:13.450 D/SGM:GameManager(  991): identifyForegroundApp. com.clientreachai.phperformance, mCurrentUserId: 0, callerUserId: 0
04-14 23:11:13.450 D/SGM:GameManager(  991): identifyForegroundApp. com.clientreachai.phperformance, mCurrentUserId: 0, callerUserId: 0
04-14 23:11:13.452 I/ImeTracker(  991): com.clientreachai.phperformance:6a2af6fb: onRequestHide at ORIGIN_SERVER reason HIDE_UNSPECIFIED_WINDOW fromUser false
04-14 23:11:13.462 I/ImeTracker(16430): com.clientreachai.phperformance:6a2af6fb: onCancelled at PHASE_CLIENT_ALREADY_HIDDEN
04-14 23:11:13.463 I/HBD     ( 4812): b [AiWriter] setContact : com.clientreachai.phperformance
04-14 23:11:13.463 I/HBD     ( 4812): a [AiWriter] setContact : com.clientreachai.phperformance
04-14 23:11:13.464 D/SGM:FgCheckThread(  991): getForegroundApp(), foregroundPkgName=com.clientreachai.phperformance
04-14 23:11:13.464 D/SGM:FgCheckThread(  991): noteStopComponent(), received pkgName: com.sec.android.app.launcher, focusedPkgName: com.clientreachai.phperformance, userId: 0
04-14 23:11:13.467 D/InsetsSourceProvider(  991): updateControlForTarget: control=InsetsSourceControl: {3 mType=ime mSurfacePosition=Point(0, 80) mInsetsHint=Insets{left=0, top=0, right=0, bottom=1008}}, target=Window{95de89a u0 com.clientreachai.phperformance/com.clientreachai.phperformance.MainActivity}, from=com.android.server.wm.ImeInsetsSourceProvider.updateControlForTarget:17 com.android.server.wm.InsetsStateController.onControlTargetChanged:83 com.android.server.wm.DisplayContent.updateImeControlTarget:21 com.android.server.wm.DisplayContent.updateImeInputAndControlTarget:156 com.android.server.wm.WindowManagerService$LocalService.updateInputMethodTargetWindow:64 
04-14 23:11:13.473 D/SurfaceComposerClient(  991): setCornerRadius ## 95de89a com.clientreachai.phperformance/com.clientreachai.phperformance.MainActivity#25558 cornerRadius=0.000000
04-14 23:11:13.474 D/SurfaceComposerClient(  991): setCornerRadius ## 95de89a com.clientreachai.phperformance/com.clientreachai.phperformance.MainActivity#25558 cornerRadius=0.000000
04-14 23:11:13.485 I/SurfaceFlinger(  866): [LayerHierarchy{RequestedLayerState{ImeContainer#15 parentId=25553 relativeParentId=25553 z=3} 1 children}] reparent to LayerHierarchy{RequestedLayerState{ActivityRecord{95553884 u0 com.clientreachai.phperformance/.MainActivity t188}#25553 parentId=25552} 4 children}
04-14 23:11:13.509 I/Kumiho-Kumiho(16430): getPackageName: com.clientreachai.phperformance
04-14 23:11:13.511 I/Kumiho-Kumiho(16430): getPackageName: com.clientreachai.phperformance
04-14 23:11:13.513 I/Kumiho-Kumiho(16430): getPackageName: com.clientreachai.phperformance
04-14 23:11:13.526 I/WindowManager(  991): Reparenting to leash, surface=Surface(name=bccd57e SnapshotStartingWindow for taskId=188)/@0x6b3bc6d, leashParent=Surface(name=ActivityRecord{95553884 u0 com.clientreachai.phperformance/.MainActivity t188})/@0xb19dc20
04-14 23:11:13.527 D/SurfaceComposerClient(  991): setCornerRadius ## 95de89a com.clientreachai.phperformance/com.clientreachai.phperformance.MainActivity#25558 cornerRadius=0.000000
04-14 23:11:13.529 D/SurfaceComposerClient(  991): setCornerRadius ## 95de89a com.clientreachai.phperformance/com.clientreachai.phperformance.MainActivity#25558 cornerRadius=0.000000
04-14 23:11:13.530 D/SurfaceComposerClient(  991): setCornerRadius ## 95de89a com.clientreachai.phperformance/com.clientreachai.phperformance.MainActivity#25558 cornerRadius=0.000000
04-14 23:11:13.535 I/SurfaceFlinger(  866): [Surface(name=bccd57e SnapshotStartingWindow for taskId=188)/@0x6b3bc6d - animation-leash of window_animation#25897] attach to parent LayerHierarchy{RequestedLayerState{ActivityRecord{95553884 u0 com.clientreachai.phperformance/.MainActivity t188}#25553 parentId=25552} 5 children}
04-14 23:11:13.561 D/SurfaceComposerClient(  991): setCornerRadius ## 95de89a com.clientreachai.phperformance/com.clientreachai.phperformance.MainActivity#25558 cornerRadius=0.000000
04-14 23:11:13.575 D/MdnieScenarioControlService(  991):  packageName : com.clientreachai.phperformance    className : com.clientreachai.phperformance.MainActivity
04-14 23:11:13.607 I/HBD     ( 4812): a [SKE_SPECIFIC] specific model[com.clientreachai.phperformance] loaded, 122516731 ns
04-14 23:11:13.630 D/NetdEventListenerService(  991): DNS Requested by 113, 10330(com.clientreachai.phperformance), SUCCESS, 262ms
04-14 23:11:13.631 D/NetdEventListenerService(  991): DNS Requested by 113, 10330(com.clientreachai.phperformance), SUCCESS, 269ms
04-14 23:11:13.631 D/NetdEventListenerService(  991): DNS Requested by 113, 10330(com.clientreachai.phperformance), SUCCESS, 278ms
04-14 23:11:13.632 D/NetdEventListenerService(  991): DNS Requested by 113, 10330(com.clientreachai.phperformance), SUCCESS, 261ms
04-14 23:11:13.685 I/WindowManager(  991): Reparenting to original parent: Surface(name=ActivityRecord{95553884 u0 com.clientreachai.phperformance/.MainActivity t188})/@0xb19dc20, destroy=true, surface=Surface(name=bccd57e SnapshotStartingWindow for taskId=188)/@0x6b3bc6d
04-14 23:11:13.686 D/SurfaceComposerClient(  991): setCornerRadius ## 95de89a com.clientreachai.phperformance/com.clientreachai.phperformance.MainActivity#25558 cornerRadius=0.000000
04-14 23:11:13.687 D/SurfaceComposerClient(  991): setCornerRadius ## 95de89a com.clientreachai.phperformance/com.clientreachai.phperformance.MainActivity#25558 cornerRadius=0.000000
04-14 23:11:13.702 I/SurfaceFlinger(  866): [com.clientreachai.phperformance/com.clientreachai.phperformance.MainActivity$_16430#25895] setFrameRateCategory: HighHint
04-14 23:11:13.704 D/SurfaceComposerClient(  991): setCornerRadius ## 95de89a com.clientreachai.phperformance/com.clientreachai.phperformance.MainActivity#25558 cornerRadius=0.000000
04-14 23:11:13.706 I/{OngoingActivityDataHelper}( 2097): setBaseActivityComponentName:ComponentInfo{com.clientreachai.phperformance/com.clientreachai.phperformance.MainActivity}
04-14 23:11:13.710 D/SurfaceFlinger(  866):        DEVICE |           70566312673285 | 00002102 | RGBA_8888    |    0.0    0.0 1080.0 2340.0 |    0    0 1080 2340 | com.clientreachai.phperformance/com.[...]erformance.MainActivity$_16430#25895 (15)
04-14 23:11:13.719 I/SurfaceFlinger(  866): [LayerHierarchy{RequestedLayerState{ImeContainer#15 parentId=25553 relativeParentId=25558 z=1} 1 children}] RelativeParent to LayerHierarchy{RequestedLayerState{95de89a com.clientreachai.phperformance/com.clientreachai.phperformance.MainActivity#25558 parentId=25553} 2 children}
04-14 23:11:13.724 D/SurfaceComposerClient(  991): setCornerRadius ## 95de89a com.clientreachai.phperformance/com.clientreachai.phperformance.MainActivity#25558 cornerRadius=0.000000
